Archive member included to satisfy reference by file (symbol)

c:/users/labuser/desktop/waijung17_03a/utils/gnu_tools_arm_embedded/bin/../lib/gcc/arm-none-eabi/5.4.1/../../../../arm-none-eabi/lib/armv7e-m/fpu\libm.a(lib_a-s_floor.o)
                              Schloss_Box_final.o (floor)
c:/users/labuser/desktop/waijung17_03a/utils/gnu_tools_arm_embedded/bin/../lib/gcc/arm-none-eabi/5.4.1/../../../../arm-none-eabi/lib/armv7e-m/fpu\libm.a(lib_a-w_fmod.o)
                              Schloss_Box_final.o (fmod)
c:/users/labuser/desktop/waijung17_03a/utils/gnu_tools_arm_embedded/bin/../lib/gcc/arm-none-eabi/5.4.1/../../../../arm-none-eabi/lib/armv7e-m/fpu\libm.a(lib_a-e_fmod.o)
                              c:/users/labuser/desktop/waijung17_03a/utils/gnu_tools_arm_embedded/bin/../lib/gcc/arm-none-eabi/5.4.1/../../../../arm-none-eabi/lib/armv7e-m/fpu\libm.a(lib_a-w_fmod.o) (__ieee754_fmod)
c:/users/labuser/desktop/waijung17_03a/utils/gnu_tools_arm_embedded/bin/../lib/gcc/arm-none-eabi/5.4.1/../../../../arm-none-eabi/lib/armv7e-m/fpu\libm.a(lib_a-s_lib_ver.o)
                              c:/users/labuser/desktop/waijung17_03a/utils/gnu_tools_arm_embedded/bin/../lib/gcc/arm-none-eabi/5.4.1/../../../../arm-none-eabi/lib/armv7e-m/fpu\libm.a(lib_a-w_fmod.o) (__fdlib_version)
c:/users/labuser/desktop/waijung17_03a/utils/gnu_tools_arm_embedded/bin/../lib/gcc/arm-none-eabi/5.4.1/../../../../arm-none-eabi/lib/armv7e-m/fpu\libm.a(lib_a-s_matherr.o)
                              c:/users/labuser/desktop/waijung17_03a/utils/gnu_tools_arm_embedded/bin/../lib/gcc/arm-none-eabi/5.4.1/../../../../arm-none-eabi/lib/armv7e-m/fpu\libm.a(lib_a-w_fmod.o) (matherr)
c:/users/labuser/desktop/waijung17_03a/utils/gnu_tools_arm_embedded/bin/../lib/gcc/arm-none-eabi/5.4.1/armv7e-m/fpu\libgcc.a(_arm_addsubdf3.o)
                              c:/users/labuser/desktop/waijung17_03a/utils/gnu_tools_arm_embedded/bin/../lib/gcc/arm-none-eabi/5.4.1/../../../../arm-none-eabi/lib/armv7e-m/fpu\libm.a(lib_a-s_floor.o) (__aeabi_dadd)
c:/users/labuser/desktop/waijung17_03a/utils/gnu_tools_arm_embedded/bin/../lib/gcc/arm-none-eabi/5.4.1/armv7e-m/fpu\libgcc.a(_arm_muldivdf3.o)
                              c:/users/labuser/desktop/waijung17_03a/utils/gnu_tools_arm_embedded/bin/../lib/gcc/arm-none-eabi/5.4.1/../../../../arm-none-eabi/lib/armv7e-m/fpu\libm.a(lib_a-e_fmod.o) (__aeabi_dmul)
c:/users/labuser/desktop/waijung17_03a/utils/gnu_tools_arm_embedded/bin/../lib/gcc/arm-none-eabi/5.4.1/armv7e-m/fpu\libgcc.a(_arm_cmpdf2.o)
                              Schloss_Box_final.o (__aeabi_dcmpeq)
c:/users/labuser/desktop/waijung17_03a/utils/gnu_tools_arm_embedded/bin/../lib/gcc/arm-none-eabi/5.4.1/armv7e-m/fpu\libgcc.a(_arm_unorddf2.o)
                              c:/users/labuser/desktop/waijung17_03a/utils/gnu_tools_arm_embedded/bin/../lib/gcc/arm-none-eabi/5.4.1/../../../../arm-none-eabi/lib/armv7e-m/fpu\libm.a(lib_a-w_fmod.o) (__aeabi_dcmpun)
c:/users/labuser/desktop/waijung17_03a/utils/gnu_tools_arm_embedded/bin/../lib/gcc/arm-none-eabi/5.4.1/armv7e-m/fpu\libgcc.a(_arm_fixdfsi.o)
                              Schloss_Box_final.o (__aeabi_d2iz)
c:/users/labuser/desktop/waijung17_03a/utils/gnu_tools_arm_embedded/bin/../lib/gcc/arm-none-eabi/5.4.1/armv7e-m/fpu\libgcc.a(_arm_fixunsdfsi.o)
                              Schloss_Box_final.o (__aeabi_d2uiz)
c:/users/labuser/desktop/waijung17_03a/utils/gnu_tools_arm_embedded/bin/../lib/gcc/arm-none-eabi/5.4.1/../../../../arm-none-eabi/lib/armv7e-m/fpu\libg.a(lib_a-errno.o)
                              c:/users/labuser/desktop/waijung17_03a/utils/gnu_tools_arm_embedded/bin/../lib/gcc/arm-none-eabi/5.4.1/../../../../arm-none-eabi/lib/armv7e-m/fpu\libm.a(lib_a-w_fmod.o) (__errno)
c:/users/labuser/desktop/waijung17_03a/utils/gnu_tools_arm_embedded/bin/../lib/gcc/arm-none-eabi/5.4.1/../../../../arm-none-eabi/lib/armv7e-m/fpu\libg.a(lib_a-impure.o)
                              c:/users/labuser/desktop/waijung17_03a/utils/gnu_tools_arm_embedded/bin/../lib/gcc/arm-none-eabi/5.4.1/../../../../arm-none-eabi/lib/armv7e-m/fpu\libg.a(lib_a-errno.o) (_impure_ptr)
c:/users/labuser/desktop/waijung17_03a/utils/gnu_tools_arm_embedded/bin/../lib/gcc/arm-none-eabi/5.4.1/../../../../arm-none-eabi/lib/armv7e-m/fpu\libg.a(lib_a-memcpy.o)
                              waijung_hwdrvlib.o (memcpy)
c:/users/labuser/desktop/waijung17_03a/utils/gnu_tools_arm_embedded/bin/../lib/gcc/arm-none-eabi/5.4.1/../../../../arm-none-eabi/lib/armv7e-m/fpu\libg.a(lib_a-memset.o)
                              Schloss_Box_final.o (memset)
c:/users/labuser/desktop/waijung17_03a/utils/gnu_tools_arm_embedded/bin/../lib/gcc/arm-none-eabi/5.4.1/../../../../arm-none-eabi/lib/armv7e-m/fpu\libg.a(lib_a-reent.o)
                              syscalls.o (errno)
c:/users/labuser/desktop/waijung17_03a/utils/gnu_tools_arm_embedded/bin/../lib/gcc/arm-none-eabi/5.4.1/../../../../arm-none-eabi/lib/armv7e-m/fpu\libg.a(lib_a-strncmp.o)
[...]
Memory Configuration

Name             Origin             Length             Attributes
FLASH            0x08000000         0x00100000         xr
RAM              0x20000000         0x00020000         xrw
AUX_RAM          0x2001c000         0x00004000         xrw
CCM_RAM          0x10000000         0x00010000         rw
BKP_RAM          0x40024000         0x00001000         xrw
*default*        0x00000000         0xffffffff

Linker script and memory map

LOAD startup_stm32f4xx.o
LOAD stm32f4xx_syscfg.o
LOAD Schloss_Box_final_data.o
LOAD Schloss_Box_final_Debounce.o
LOAD stm32f4xx_pwr.o
LOAD stm32f4xx_rcc.o
LOAD stm32f4xx_usart.o
LOAD Schloss_Box_final.o
LOAD syscalls.o
LOAD stm32f4xx_can.o
LOAD main.o
LOAD waijung_hwdrvlib.o
LOAD misc.o
LOAD rtGetNaN.o
LOAD stm32f4xx_it.o
LOAD Schloss_Box_final_can_isr.o
LOAD rt_nonfinite.o
LOAD stm32f4xx_dma.o
LOAD system_stm32f4xx.o
LOAD rtGetInf.o
LOAD stm32f4xx_gpio.o
LOAD c:/users/labuser/desktop/waijung17_03a/utils/gnu_tools_arm_embedded/bin/../lib/gcc/arm-none-eabi/5.4.1/../../../../arm-none-eabi/lib/armv7e-m/fpu\libstdc++.a
LOAD c:/users/labuser/desktop/waijung17_03a/utils/gnu_tools_arm_embedded/bin/../lib/gcc/arm-none-eabi/5.4.1/../../../../arm-none-eabi/lib/armv7e-m/fpu\libm.a
START GROUP
LOAD c:/users/labuser/desktop/waijung17_03a/utils/gnu_tools_arm_embedded/bin/../lib/gcc/arm-none-eabi/5.4.1/armv7e-m/fpu\libgcc.a
LOAD c:/users/labuser/desktop/waijung17_03a/utils/gnu_tools_arm_embedded/bin/../lib/gcc/arm-none-eabi/5.4.1/../../../../arm-none-eabi/lib/armv7e-m/fpu\libg.a
LOAD c:/users/labuser/desktop/waijung17_03a/utils/gnu_tools_arm_embedded/bin/../lib/gcc/arm-none-eabi/5.4.1/../../../../arm-none-eabi/lib/armv7e-m/fpu\libc.a
END GROUP
START GROUP
LOAD c:/users/labuser/desktop/waijung17_03a/utils/gnu_tools_arm_embedded/bin/../lib/gcc/arm-none-eabi/5.4.1/armv7e-m/fpu\libgcc.a
LOAD c:/users/labuser/desktop/waijung17_03a/utils/gnu_tools_arm_embedded/bin/../lib/gcc/arm-none-eabi/5.4.1/../../../../arm-none-eabi/lib/armv7e-m/fpu\libc.a
LOAD c:/users/labuser/desktop/waijung17_03a/utils/gnu_tools_arm_embedded/bin/../lib/gcc/arm-none-eabi/5.4.1/../../../../arm-none-eabi/lib/armv7e-m/fpu\libnosys.a
END GROUP

.text           0x08000000     0x537c
 *(.isr_vector)
 .isr_vector    0x08000000      0x188 startup_stm32f4xx.o
                0x08000000                __isr_vector
 *(.text*)
 .text          0x08000188      0x104 startup_stm32f4xx.o
                0x08000188                Reset_Handler
                0x080001e6                WWDG_IRQHandler
                0x080001e8                PVD_IRQHandler
                0x080001ea                TAMP_STAMP_IRQHandler
                0x080001ec                RTC_WKUP_IRQHandler
                0x080001ee                FLASH_IRQHandler
                0x080001f0                RCC_IRQHandler
                0x080001f2                EXTI0_IRQHandler
                0x080001f4                EXTI1_IRQHandler
                0x080001f6                EXTI2_IRQHandler
                0x080001f8                EXTI3_IRQHandler
                0x080001fa                EXTI4_IRQHandler
                0x080001fc                DMA1_Stream0_IRQHandler
                0x080001fe                DMA1_Stream1_IRQHandler
                0x08000200                DMA1_Stream2_IRQHandler
                0x08000202                DMA1_Stream3_IRQHandler
                0x08000204                DMA1_Stream4_IRQHandler
                0x08000206                DMA1_Stream5_IRQHandler
                0x08000208                DMA1_Stream6_IRQHandler
                0x0800020a                ADC_IRQHandler
                0x0800020c                CAN1_TX_IRQHandler
                0x08000210                CAN1_RX1_IRQHandler
                0x08000212                CAN1_SCE_IRQHandler
                0x08000214                EXTI9_5_IRQHandler
                0x08000216                TIM1_BRK_TIM9_IRQHandler
                0x08000218                TIM1_UP_TIM10_IRQHandler
                0x0800021a                TIM1_TRG_COM_TIM11_IRQHandler
                0x0800021c                TIM1_CC_IRQHandler
                0x0800021e                TIM2_IRQHandler
                0x08000220                TIM3_IRQHandler
                0x08000222                TIM4_IRQHandler
                0x08000224                I2C1_EV_IRQHandler
                0x08000226                I2C1_ER_IRQHandler
                0x08000228                I2C2_EV_IRQHandler
                0x0800022a                I2C2_ER_IRQHandler
                0x0800022c                SPI1_IRQHandler
                0x0800022e                SPI2_IRQHandler
                0x08000230                USART1_IRQHandler
                0x08000232                USART2_IRQHandler
                0x08000234                USART3_IRQHandler
                0x08000236                EXTI15_10_IRQHandler
                0x08000238                RTC_Alarm_IRQHandler
                0x0800023a                OTG_FS_WKUP_IRQHandler
                0x0800023c                TIM8_BRK_TIM12_IRQHandler
                0x0800023e                TIM8_UP_TIM13_IRQHandler
                0x08000240                TIM8_TRG_COM_TIM14_IRQHandler
                0x08000242                TIM8_CC_IRQHandler
                0x08000244                DMA1_Stream7_IRQHandler
                0x08000246                FSMC_IRQHandler
                0x08000248                SDIO_IRQHandler
                0x0800024a                TIM5_IRQHandler
                0x0800024c                SPI3_IRQHandler
                0x0800024e                UART4_IRQHandler
                0x08000250                UART5_IRQHandler
                0x08000252                TIM6_DAC_IRQHandler
                0x08000254                TIM7_IRQHandler
                0x08000256                DMA2_Stream0_IRQHandler
                0x08000258                DMA2_Stream1_IRQHandler
                0x0800025a                DMA2_Stream2_IRQHandler
                0x0800025c                DMA2_Stream3_IRQHandler
                0x0800025e                DMA2_Stream4_IRQHandler
                0x08000260                ETH_IRQHandler
                0x08000262                ETH_WKUP_IRQHandler
                0x08000264                CAN2_TX_IRQHandler
                0x08000266                CAN2_RX0_IRQHandler
                0x08000268                CAN2_RX1_IRQHandler
                0x0800026a                CAN2_SCE_IRQHandler
                0x0800026c                OTG_FS_IRQHandler
                0x0800026e                DMA2_Stream5_IRQHandler
                0x08000270                DMA2_Stream6_IRQHandler
                0x08000272                DMA2_Stream7_IRQHandler
                0x08000274                USART6_IRQHandler
                0x08000276                I2C3_EV_IRQHandler
                0x08000278                I2C3_ER_IRQHandler
                0x0800027a                OTG_HS_EP1_OUT_IRQHandler
                0x0800027c                OTG_HS_EP1_IN_IRQHandler
                0x0800027e                OTG_HS_WKUP_IRQHandler
                0x08000280                OTG_HS_IRQHandler
                0x08000282                DCMI_IRQHandler
                0x08000284                CRYP_IRQHandler
                0x08000286                HASH_RNG_IRQHandler
                0x08000288                FPU_IRQHandler
 .text          0x0800028c       0x8c stm32f4xx_syscfg.o
                0x0800028c                SYSCFG_DeInit
                0x080002a8                SYSCFG_MemoryRemapConfig
                0x080002b4                SYSCFG_MemorySwappingBank
                0x080002c0                SYSCFG_EXTILineConfig
                0x080002f0                SYSCFG_ETH_MediaInterfaceConfig
                0x080002fc                SYSCFG_CompensationCellCmd
                0x08000308                SYSCFG_GetCompensationCellStatus
 .text          0x08000318        0x0 Schloss_Box_final_data.o
 .text          0x08000318       0xbc Schloss_Box_final_Debounce.o
                0x08000318                Schloss_Box_fi_EnabledSubsystem
                0x08000324                Schloss_Box_final_Debounce
 .text          0x080003d4      0x178 stm32f4xx_pwr.o
                0x080003d4                PWR_DeInit
                0x080003f0                PWR_BackupAccessCmd
                0x080003fc                PWR_PVDLevelConfig
                0x08000410                PWR_PVDCmd
                0x0800041c                PWR_WakeUpPinCmd
                0x08000428                PWR_BackupRegulatorCmd
                0x08000434                PWR_MainRegulatorModeConfig
                0x08000448                PWR_OverDriveCmd
                0x08000454                PWR_OverDriveSWCmd
                0x08000460                PWR_UnderDriveCmd
                0x0800047c                PWR_FlashPowerDownCmd
                0x08000488                PWR_EnterSTOPMode
                0x080004c8                PWR_EnterUnderDriveSTOPMode
                0x08000508                PWR_EnterSTANDBYMode
                0x08000528                PWR_GetFlagStatus
                0x0800053c                PWR_ClearFlag
 .text          0x0800054c      0x598 stm32f4xx_rcc.o
                0x0800054c                RCC_DeInit
                0x0800059c                RCC_HSEConfig
                0x080005ac                RCC_WaitForHSEStartUp
                0x080005e0                RCC_AdjustHSICalibrationValue
                0x080005f4                RCC_HSICmd
                0x08000600                RCC_LSEConfig
                0x08000620                RCC_LSICmd
                0x0800062c                RCC_PLLConfig
                0x08000650                RCC_PLLCmd
                0x0800065c                RCC_PLLI2SConfig
                0x08000670                RCC_PLLI2SCmd
                0x0800067c                RCC_PLLSAIConfig
                0x08000694                RCC_PLLSAICmd
                0x080006a0                RCC_ClockSecuritySystemCmd
                0x080006ac                RCC_MCO1Config
                0x080006c0                RCC_MCO2Config
                0x080006d4                RCC_SYSCLKConfig
                0x080006e8                RCC_GetSYSCLKSource
                0x080006f8                RCC_HCLKConfig
                0x0800070c                RCC_PCLK1Config
                0x08000720                RCC_PCLK2Config
                0x08000734                RCC_GetClocksFreq
                0x080007cc                RCC_RTCCLKConfig
                0x080007fc                RCC_RTCCLKCmd
                0x08000808                RCC_BackupResetCmd
                0x08000814                RCC_I2SCLKConfig
                0x08000820                RCC_SAIBlockACLKConfig
                0x08000838                RCC_SAIBlockBCLKConfig
                0x08000850                RCC_SAIPLLI2SClkDivConfig
                0x08000868                RCC_SAIPLLSAIClkDivConfig
                0x08000884                RCC_LTDCCLKDivConfig
                0x0800089c                RCC_TIMCLKPresConfig
                0x080008a8                RCC_AHB1PeriphClockCmd
                0x080008c4                RCC_AHB2PeriphClockCmd
                0x080008e0                RCC_AHB3PeriphClockCmd
                0x080008fc                RCC_APB1PeriphClockCmd
                0x08000918                RCC_APB2PeriphClockCmd
                0x08000934                RCC_AHB1PeriphResetCmd
                0x08000950                RCC_AHB2PeriphResetCmd
                0x0800096c                RCC_AHB3PeriphResetCmd
                0x08000988                RCC_APB1PeriphResetCmd
                0x080009a4                RCC_APB2PeriphResetCmd
                0x080009c0                RCC_AHB1PeriphClockLPModeCmd
                0x080009dc                RCC_AHB2PeriphClockLPModeCmd
                0x080009f8                RCC_AHB3PeriphClockLPModeCmd
                0x08000a14                RCC_APB1PeriphClockLPModeCmd
                0x08000a30                RCC_APB2PeriphClockLPModeCmd
                0x08000a4c                RCC_LSEModeConfig
                0x08000a64                RCC_ITConfig
                0x08000a80                RCC_GetFlagStatus
                0x08000ab4                RCC_ClearFlag
                0x08000ac4                RCC_GetITStatus
                0x08000ad8                RCC_ClearITPendingBit
 .text          0x08000ae4      0x478 stm32f4xx_usart.o
                0x08000ae4                USART_DeInit
                0x08000bf0                USART_Init
                0x08000cb4                USART_StructInit
                0x08000ccc                USART_ClockInit
                0x08000cf0                USART_ClockStructInit
                0x08000cfc                USART_Cmd
                0x08000d18                USART_SetPrescaler
                0x08000d2c                USART_OverSampling8Cmd
                0x08000d48                USART_OneBitMethodCmd
                0x08000d64                USART_SendData
                0x08000d6c                USART_ReceiveData
                0x08000d74                USART_SetAddress
                0x08000d8c                USART_ReceiverWakeUpCmd
                0x08000da8                USART_WakeUpConfig
                0x08000dc0                USART_LINBreakDetectLengthConfig
                0x08000dd8                USART_LINCmd
                0x08000df4                USART_SendBreak
                0x08000e00                USART_HalfDuplexCmd
                0x08000e1c                USART_SetGuardTime
                0x08000e30                USART_SmartCardCmd
                0x08000e4c                USART_SmartCardNACKCmd
                0x08000e68                USART_IrDAConfig
                0x08000e80                USART_IrDACmd
                0x08000e9c                USART_DMACmd
                0x08000eb0                USART_ITConfig
                0x08000eec                USART_GetFlagStatus
                0x08000ef8                USART_ClearFlag
                0x08000f00                USART_GetITStatus
                0x08000f4c                USART_ClearITPendingBit
 *fill*         0x08000f5c        0x4 
 .text          0x08000f60      0x55c Schloss_Box_final.o
                0x08000f60                Schloss_Box_final_step
                0x08001458                Schloss_Box_final_initialize
                0x080014b8                Schloss_Box_final_terminate
 .text          0x080014bc       0xd0 syscalls.o
                0x080014bc                _exit
                0x080014c0                _close
                0x080014c8                _execve
                0x080014d8                _fork
                0x080014e8                _fstat
                0x080014f4                _getpid
                0x080014f8                _isatty
                0x080014fc                _kill
                0x0800150c                _link
                0x0800151c                _lseek
                0x08001520                _sbrk
                0x08001558                _read
                0x0800155c                _stat
                0x08001568                _unlink
                0x08001578                _wait
                0x08001588                _write
 .text          0x0800158c      0x808 stm32f4xx_can.o
                0x0800158c                CAN_DeInit
                0x080015c8                CAN_Init
                0x080016b4                CAN_FilterInit
                0x080017a8                CAN_StructInit
                0x080017d0                CAN_SlaveStartBank
                0x0800180c                CAN_DBGFreeze
                0x08001820                CAN_TTComModeCmd
                0x0800187c                CAN_Transmit
                0x08001928                CAN_TransmitStatus
                0x08001978                CAN_CancelTransmit
                0x080019a4                CAN_Receive
                0x08001a44                CAN_FIFORelease
                0x08001a5c                CAN_MessagePending
                0x08001a74                CAN_OperatingModeRequest
                0x08001b28                CAN_Sleep
                0x08001b48                CAN_WakeUp
                0x08001b74                CAN_GetLastErrorCode
                0x08001b7c                CAN_GetReceiveErrorCounter
                0x08001b84                CAN_GetLSBTransmitErrorCounter
                0x08001b8c                CAN_ITConfig
                0x08001ba0                CAN_GetFlagStatus
                0x08001bf4                CAN_ClearFlag
                0x08001c24                CAN_GetITStatus
                0x08001d08                CAN_ClearITPendingBit
 .text          0x08001d94       0x20 main.o
                0x08001d94                rt_OneStep
                0x08001da4                SysTick_Handler
 .text.startup  0x08001db4       0x4c main.o
                0x08001db4                main
 .text          0x08001e00     0x1274 waijung_hwdrvlib.o
                0x08001e00                CANReceive_filter_isr
                0x08001e60                CANReceive1_filter_isr
                0x080020e8                CANx_Transmit
                0x080021ac                enable_CANTransmit
                0x080021d4                disable_CANTransmit
                0x080021d8                enable_CANTransmit_m
                0x08002200                disable_CANTransmit_m
                0x08002204                enable_InputDigitalInput
                0x08002234                CAN1_Filter_Hook
                0x080022d0                CAN1_Filter_Free
                0x080022e4                CAN1_RX0_IRQHandler
                0x08002324                CANReceive_Msg_Buffer_Count
                0x08002370                CANReceive_GetMsg
                0x080023f8                enable_CANReceive
                0x08002510                disable_CANReceive
                0x08002544                CANReceive1_Msg_Buffer_Count
                0x08002590                CANReceive1_GetMsg
                0x08002618                enable_CANReceive1
                0x08002730                disable_CANReceive1
                0x08002764                enable_OutputDigitalOutput
                0x0800279c                UART2_RestoreBytes
                0x080027cc                UART2_Read
                0x08002838                UART2_ReadEx
                0x08002924                UART2_ReadLine
                0x08002af0                UART2_ReadBinary
                0x08002d38                UART2_FlushTxBuffer
                0x08002d90                UART2_Write
                0x08002e28                UART2_TxUpdate
                0x08002eb0                waijung_usart2_initial
                0x08002ec0                enable_SetupUARTSetup
                0x08002ed0                SysTimer_Start
                0x08002ef8                SysTimer_IsTimeout
                0x08002f18                SysTimer_uS_Start
                0x08002f3c                SysTimer_uS_IsTimeout
                0x08002fac                SysTimer_delay_us
                0x08003008                SysTimer_delay_ms
                0x08003050                waijung_can1_initial
                0x08003060                enable_CANSetup
                0x08003070                disable_CANSetup
 .text          0x08003074       0xc8 misc.o
                0x08003074                NVIC_PriorityGroupConfig
                0x08003088                NVIC_Init
                0x080030f8                NVIC_SetVectorTable
                0x0800310c                NVIC_SystemLPConfig
                0x08003124                SysTick_CLKSourceConfig
 *fill*         0x0800313c        0x4 
 .text          0x08003140       0x1c rtGetNaN.o
                0x08003140                rtGetNaN
                0x08003150                rtGetNaNF
 .text          0x0800315c       0x38 stm32f4xx_it.o
                0x0800315c                NMI_Handler
                0x08003160                MemManage_Handler
                0x08003164                BusFault_Handler
                0x0800317c                HardFault_Handler
                0x08003184                UsageFault_Handler
                0x08003188                SVC_Handler
                0x0800318c                DebugMon_Handler
                0x08003190                PendSV_Handler
 .text          0x08003194        0x0 Schloss_Box_final_can_isr.o
 .text          0x08003194       0xd8 rt_nonfinite.o
                0x08003194                rt_InitInfAndNaN
                0x080031ec                rtIsInf
                0x08003230                rtIsInfF
                0x08003264                rtIsNaN
                0x08003268                rtIsNaNF
 .text          0x0800326c      0x378 stm32f4xx_dma.o
                0x0800326c                DMA_DeInit
                0x0800339c                DMA_Init
                0x080033f4                DMA_StructInit
                0x08003418                DMA_Cmd
                0x0800342c                DMA_PeriphIncOffsetSizeConfig
                0x08003440                DMA_FlowControllerConfig
                0x08003454                DMA_SetCurrDataCounter
                0x08003458                DMA_GetCurrDataCounter
                0x08003460                DMA_DoubleBufferModeConfig
                0x08003478                DMA_DoubleBufferModeCmd
                0x0800348c                DMA_MemoryTargetConfig
                0x08003498                DMA_GetCurrentMemoryTarget
                0x080034a0                DMA_GetCmdStatus
                0x080034a8                DMA_GetFIFOStatus
                0x080034b0                DMA_GetFlagStatus
                0x080034ec                DMA_ClearFlag
                0x08003520                DMA_ITConfig
                0x08003560                DMA_GetITStatus
                0x080035b0                DMA_ClearITPendingBit
 .text          0x080035e4      0x174 system_stm32f4xx.o
                0x080035e4                SystemInit
                0x080036e4                SystemCoreClockUpdate
 .text          0x08003758       0x3c rtGetInf.o
                0x08003758                rtGetInf
                0x08003768                rtGetInfF
                0x08003774                rtGetMinusInf
                0x08003788                rtGetMinusInfF
 .text          0x08003794      0x2ac stm32f4xx_gpio.o
                0x08003794                GPIO_DeInit
                0x080038f0                GPIO_Init
                0x08003994                GPIO_StructInit
                0x080039a8                GPIO_PinLockConfig
                0x080039cc                GPIO_ReadInputDataBit
                0x080039d8                GPIO_ReadInputData
                0x080039e0                GPIO_ReadOutputDataBit
                0x080039ec                GPIO_ReadOutputData
                0x080039f4                GPIO_SetBits
                0x080039f8                GPIO_ResetBits
                0x080039fc                GPIO_WriteBit
                0x08003a08                GPIO_Write
                0x08003a0c                GPIO_ToggleBits
                0x08003a14                GPIO_PinAFConfig
 .text          0x08003a40        0x0 c:/users/labuser/desktop/waijung17_03a/utils/gnu_tools_arm_embedded/bin/../lib/gcc/arm-none-eabi/5.4.1/../../../../arm-none-eabi/lib/armv7e-m/fpu\libm.a(lib_a-s_floor.o)
 .text.floor    0x08003a40      0x120 c:/users/labuser/desktop/waijung17_03a/utils/gnu_tools_arm_embedded/bin/../lib/gcc/arm-none-eabi/5.4.1/../../../../arm-none-eabi/lib/armv7e-m/fpu\libm.a(lib_a-s_floor.o)
                0x08003a40                floor
 .text          0x08003b60        0x0 c:/users/labuser/desktop/waijung17_03a/utils/gnu_tools_arm_embedded/bin/../lib/gcc/arm-none-eabi/5.4.1/../../../../arm-none-eabi/lib/armv7e-m/fpu\libm.a(lib_a-w_fmod.o)
 .text.fmod     0x08003b60       0xd8 c:/users/labuser/desktop/waijung17_03a/utils/gnu_tools_arm_embedded/bin/../lib/gcc/arm-none-eabi/5.4.1/../../../../arm-none-eabi/lib/armv7e-m/fpu\libm.a(lib_a-w_fmod.o)
                0x08003b60                fmod
 .text          0x08003c38        0x0 c:/users/labuser/desktop/waijung17_03a/utils/gnu_tools_arm_embedded/bin/../lib/gcc/arm-none-eabi/5.4.1/../../../../arm-none-eabi/lib/armv7e-m/fpu\libm.a(lib_a-e_fmod.o)
 .text.__ieee754_fmod
                0x08003c38      0x274 c:/users/labuser/desktop/waijung17_03a/utils/gnu_tools_arm_embedded/bin/../lib/gcc/arm-none-eabi/5.4.1/../../../../arm-none-eabi/lib/armv7e-m/fpu\libm.a(lib_a-e_fmod.o)
                0x08003c38                __ieee754_fmod
 .text          0x08003eac        0x0 c:/users/labuser/desktop/waijung17_03a/utils/gnu_tools_arm_embedded/bin/../lib/gcc/arm-none-eabi/5.4.1/../../../../arm-none-eabi/lib/armv7e-m/fpu\libm.a(lib_a-s_lib_ver.o)
 .text          0x08003eac        0x0 c:/users/labuser/desktop/waijung17_03a/utils/gnu_tools_arm_embedded/bin/../lib/gcc/arm-none-eabi/5.4.1/../../../../arm-none-eabi/lib/armv7e-m/fpu\libm.a(lib_a-s_matherr.o)
 .text.matherr  0x08003eac        0x4 c:/users/labuser/desktop/waijung17_03a/utils/gnu_tools_arm_embedded/bin/../lib/gcc/arm-none-eabi/5.4.1/../../../../arm-none-eabi/lib/armv7e-m/fpu\libm.a(lib_a-s_matherr.o)
                0x08003eac                matherr
 .text          0x08003eb0      0x370 c:/users/labuser/desktop/waijung17_03a/utils/gnu_tools_arm_embedded/bin/../lib/gcc/arm-none-eabi/5.4.1/armv7e-m/fpu\libgcc.a(_arm_addsubdf3.o)
                0x08003eb0                __aeabi_drsub
                0x08003eb8                __aeabi_dsub
                0x08003eb8                __subdf3
                0x08003ebc                __aeabi_dadd
                0x08003ebc                __adddf3
                0x08004134                __floatunsidf
                0x08004134                __aeabi_ui2d
                0x08004154                __floatsidf
                0x08004154                __aeabi_i2d
                0x08004178                __aeabi_f2d
                0x08004178                __extendsfdf2
                0x080041b4                __floatundidf
                0x080041b4                __aeabi_ul2d
                0x080041c4                __floatdidf
                0x080041c4                __aeabi_l2d
 .text          0x08004220      0x424 c:/users/labuser/desktop/waijung17_03a/utils/gnu_tools_arm_embedded/bin/../lib/gcc/arm-none-eabi/5.4.1/armv7e-m/fpu\libgcc.a(_arm_muldivdf3.o)
                0x08004220                __aeabi_dmul
                0x08004220                __muldf3
                0x08004474                __divdf3
                0x08004474                __aeabi_ddiv
 .text          0x08004644      0x110 c:/users/labuser/desktop/waijung17_03a/utils/gnu_tools_arm_embedded/bin/../lib/gcc/arm-none-eabi/5.4.1/armv7e-m/fpu\libgcc.a(_arm_cmpdf2.o)
                0x08004644                __gtdf2
                0x08004644                __gedf2
                0x0800464c                __ltdf2
                0x0800464c                __ledf2
                0x08004654                __nedf2
                0x08004654                __eqdf2
                0x08004654                __cmpdf2
                0x080046d0                __aeabi_cdrcmple
                0x080046e0                __aeabi_cdcmpeq
                0x080046e0                __aeabi_cdcmple
                0x080046f0                __aeabi_dcmpeq
                0x08004704                __aeabi_dcmplt
                0x08004718                __aeabi_dcmple
                0x0800472c                __aeabi_dcmpge
                0x08004740                __aeabi_dcmpgt
 .text          0x08004754       0x2c c:/users/labuser/desktop/waijung17_03a/utils/gnu_tools_arm_embedded/bin/../lib/gcc/arm-none-eabi/5.4.1/armv7e-m/fpu\libgcc.a(_arm_unorddf2.o)
                0x08004754                __unorddf2
                0x08004754                __aeabi_dcmpun
 .text          0x08004780       0x50 c:/users/labuser/desktop/waijung17_03a/utils/gnu_tools_arm_embedded/bin/../lib/gcc/arm-none-eabi/5.4.1/armv7e-m/fpu\libgcc.a(_arm_fixdfsi.o)
                0x08004780                __aeabi_d2iz
                0x08004780                __fixdfsi
 .text          0x080047d0       0x40 c:/users/labuser/desktop/waijung17_03a/utils/gnu_tools_arm_embedded/bin/../lib/gcc/arm-none-eabi/5.4.1/armv7e-m/fpu\libgcc.a(_arm_fixunsdfsi.o)
                0x080047d0                __aeabi_d2uiz
                0x080047d0                __fixunsdfsi
 .text          0x08004810        0x0 c:/users/labuser/desktop/waijung17_03a/utils/gnu_tools_arm_embedded/bin/../lib/gcc/arm-none-eabi/5.4.1/../../../../arm-none-eabi/lib/armv7e-m/fpu\libg.a(lib_a-errno.o)
 .text.__errno  0x08004810        0xc c:/users/labuser/desktop/waijung17_03a/utils/gnu_tools_arm_embedded/bin/../lib/gcc/arm-none-eabi/5.4.1/../../../../arm-none-eabi/lib/armv7e-m/fpu\libg.a(lib_a-errno.o)
                0x08004810                __errno
 .text          0x0800481c        0x0 c:/users/labuser/desktop/waijung17_03a/utils/gnu_tools_arm_embedded/bin/../lib/gcc/arm-none-eabi/5.4.1/../../../../arm-none-eabi/lib/armv7e-m/fpu\libg.a(lib_a-impure.o)
 .text          0x0800481c      0x134 c:/users/labuser/desktop/waijung17_03a/utils/gnu_tools_arm_embedded/bin/../lib/gcc/arm-none-eabi/5.4.1/../../../../arm-none-eabi/lib/armv7e-m/fpu\libg.a(lib_a-memcpy.o)
                0x0800481c                memcpy
 .text          0x08004950        0x0 c:/users/labuser/desktop/waijung17_03a/utils/gnu_tools_arm_embedded/bin/../lib/gcc/arm-none-eabi/5.4.1/../../../../arm-none-eabi/lib/armv7e-m/fpu\libg.a(lib_a-memset.o)
 .text.memset   0x08004950       0x9c c:/users/labuser/desktop/waijung17_03a/utils/gnu_tools_arm_embedded/bin/../lib/gcc/arm-none-eabi/5.4.1/../../../../arm-none-eabi/lib/armv7e-m/fpu\libg.a(lib_a-memset.o)
                0x08004950                memset
 .text          0x080049ec        0x0 c:/users/labuser/desktop/waijung17_03a/utils/gnu_tools_arm_embedded/bin/../lib/gcc/arm-none-eabi/5.4.1/../../../../arm-none-eabi/lib/armv7e-m/fpu\libg.a(lib_a-reent.o)
 .text.cleanup_glue
                0x080049ec       0x1c c:/users/labuser/desktop/waijung17_03a/utils/gnu_tools_arm_embedded/bin/../lib/gcc/arm-none-eabi/5.4.1/../../../../arm-none-eabi/lib/armv7e-m/fpu\libg.a(lib_a-reent.o)
                0x080049ec                cleanup_glue
 .text._reclaim_reent
                0x08004a08       0x88 c:/users/labuser/desktop/waijung17_03a/utils/gnu_tools_arm_embedded/bin/../lib/gcc/arm-none-eabi/5.4.1/../../../../arm-none-eabi/lib/armv7e-m/fpu\libg.a(lib_a-reent.o)
                0x08004a08                _reclaim_reent
 .text          0x08004a90        0x0 c:/users/labuser/desktop/waijung17_03a/utils/gnu_tools_arm_embedded/bin/../lib/gcc/arm-none-eabi/5.4.1/../../../../arm-none-eabi/lib/armv7e-m/fpu\libg.a(lib_a-strncmp.o)
 .text.strncmp  0x08004a90       0xa0 c:/users/labuser/desktop/waijung17_03a/utils/gnu_tools_arm_embedded/bin/../lib/gcc/arm-none-eabi/5.4.1/../../../../arm-none-eabi/lib/armv7e-m/fpu\libg.a(lib_a-strncmp.o)
                0x08004a90                strncmp
 .text          0x08004b30        0x0 c:/users/labuser/desktop/waijung17_03a/utils/gnu_tools_arm_embedded/bin/../lib/gcc/arm-none-eabi/5.4.1/../../../../arm-none-eabi/lib/armv7e-m/fpu\libg.a(lib_a-freer.o)
 .text._malloc_trim_r
                0x08004b30       0x9c c:/users/labuser/desktop/waijung17_03a/utils/gnu_tools_arm_embedded/bin/../lib/gcc/arm-none-eabi/5.4.1/../../../../arm-none-eabi/lib/armv7e-m/fpu\libg.a(lib_a-freer.o)
                0x08004b30                _malloc_trim_r
 .text._free_r  0x08004bcc      0x1d0 c:/users/labuser/desktop/waijung17_03a/utils/gnu_tools_arm_embedded/bin/../lib/gcc/arm-none-eabi/5.4.1/../../../../arm-none-eabi/lib/armv7e-m/fpu\libg.a(lib_a-freer.o)
                0x08004bcc                _free_r
 .text          0x08004d9c        0x0 c:/users/labuser/desktop/waijung17_03a/utils/gnu_tools_arm_embedded/bin/../lib/gcc/arm-none-eabi/5.4.1/../../../../arm-none-eabi/lib/armv7e-m/fpu\libg.a(lib_a-mallocr.o)
 .text._malloc_r
                0x08004d9c      0x570 c:/users/labuser/desktop/waijung17_03a/utils/gnu_tools_arm_embedded/bin/../lib/gcc/arm-none-eabi/5.4.1/../../../../arm-none-eabi/lib/armv7e-m/fpu\libg.a(lib_a-mallocr.o)
                0x08004d9c                _malloc_r
 .text          0x0800530c        0x0 c:/users/labuser/desktop/waijung17_03a/utils/gnu_tools_arm_embedded/bin/../lib/gcc/arm-none-eabi/5.4.1/../../../../arm-none-eabi/lib/armv7e-m/fpu\libg.a(lib_a-mlock.o)
 .text.__malloc_lock
                0x0800530c        0x4 c:/users/labuser/desktop/waijung17_03a/utils/gnu_tools_arm_embedded/bin/../lib/gcc/arm-none-eabi/5.4.1/../../../../arm-none-eabi/lib/armv7e-m/fpu\libg.a(lib_a-mlock.o)
                0x0800530c                __malloc_lock
 .text.__malloc_unlock
                0x08005310        0x4 c:/users/labuser/desktop/waijung17_03a/utils/gnu_tools_arm_embedded/bin/../lib/gcc/arm-none-eabi/5.4.1/../../../../arm-none-eabi/lib/armv7e-m/fpu\libg.a(lib_a-mlock.o)
                0x08005310                __malloc_unlock
 .text          0x08005314        0x0 c:/users/labuser/desktop/waijung17_03a/utils/gnu_tools_arm_embedded/bin/../lib/gcc/arm-none-eabi/5.4.1/../../../../arm-none-eabi/lib/armv7e-m/fpu\libg.a(lib_a-sbrkr.o)
 .text._sbrk_r  0x08005314       0x24 c:/users/labuser/desktop/waijung17_03a/utils/gnu_tools_arm_embedded/bin/../lib/gcc/arm-none-eabi/5.4.1/../../../../arm-none-eabi/lib/armv7e-m/fpu\libg.a(lib_a-sbrkr.o)
                0x08005314                _sbrk_r
 *(.init)
 *(.fini)
 *crtbegin.o(.ctors)
 *crtbegin?.o(.ctors)
 *(EXCLUDE_FILE(*crtend.o *crtend?.o) .ctors)
 *(SORT(.ctors.*))
 *(.ctors)
 *crtbegin.o(.dtors)
 *crtbegin?.o(.dtors)
 *(EXCLUDE_FILE(*crtend.o *crtend?.o) .dtors)
 *(SORT(.dtors.*))
 *(.dtors)
 *(.rodata*)
 .rodata        0x08005338       0x10 Schloss_Box_final_data.o
                0x08005338                Schloss_Box_final_ConstP
 .rodata        0x08005348        0x4 Schloss_Box_final.o
                0x08005348                Schloss_Box_final_M
 .rodata        0x0800534c       0x10 waijung_hwdrvlib.o
 .rodata.str1.4
                0x0800535c        0x8 c:/users/labuser/desktop/waijung17_03a/utils/gnu_tools_arm_embedded/bin/../lib/gcc/arm-none-eabi/5.4.1/../../../../arm-none-eabi/lib/armv7e-m/fpu\libm.a(lib_a-w_fmod.o)
                                  0x5 (size before relaxing)
 *fill*         0x08005364        0x4 
 .rodata.Zero   0x08005368       0x10 c:/users/labuser/desktop/waijung17_03a/utils/gnu_tools_arm_embedded/bin/../lib/gcc/arm-none-eabi/5.4.1/../../../../arm-none-eabi/lib/armv7e-m/fpu\libm.a(lib_a-e_fmod.o)
 .rodata._global_impure_ptr
                0x08005378        0x4 c:/users/labuser/desktop/waijung17_03a/utils/gnu_tools_arm_embedded/bin/../lib/gcc/arm-none-eabi/5.4.1/../../../../arm-none-eabi/lib/armv7e-m/fpu\libg.a(lib_a-impure.o)
                0x08005378                _global_impure_ptr
 *(.eh_frame*)

.glue_7         0x0800537c        0x0
 .glue_7        0x0800537c        0x0 linker stubs

.glue_7t        0x0800537c        0x0
 .glue_7t       0x0800537c        0x0 linker stubs

.vfp11_veneer   0x0800537c        0x0
 .vfp11_veneer  0x0800537c        0x0 linker stubs

.v4_bx          0x0800537c        0x0
 .v4_bx         0x0800537c        0x0 linker stubs

.iplt           0x0800537c        0x0
 .iplt          0x0800537c        0x0 startup_stm32f4xx.o

.rel.dyn        0x0800537c        0x0
 .rel.iplt      0x0800537c        0x0 startup_stm32f4xx.o

.ARM.extab
 *(.ARM.extab* .gnu.linkonce.armextab.*)
                0x0800537c                __exidx_start = .

.ARM.exidx
 *(.ARM.exidx* .gnu.linkonce.armexidx.*)
                0x0800537c                __exidx_end = .
                0x0800537c                __etext = .

.data           0x20000000      0x86c load address 0x0800537c
                0x20000000                __data_start__ = .
 *(vtable)
 *(.data*)
 .data          0x20000000        0x0 startup_stm32f4xx.o
 .data          0x20000000        0x0 stm32f4xx_syscfg.o
 .data          0x20000000        0x0 Schloss_Box_final_data.o
 .data          0x20000000        0x0 Schloss_Box_final_Debounce.o
 .data          0x20000000        0x0 stm32f4xx_pwr.o
 .data          0x20000000       0x10 stm32f4xx_rcc.o
 .data          0x20000010        0x0 stm32f4xx_usart.o
 .data          0x20000010        0x0 Schloss_Box_final.o
 .data          0x20000010        0x4 syscalls.o
                0x20000010                environ
 .data          0x20000014        0x0 stm32f4xx_can.o
 .data          0x20000014        0x4 main.o
                0x20000014                systick_count
 .data          0x20000018        0x0 waijung_hwdrvlib.o
 .data          0x20000018        0x0 misc.o
 .data          0x20000018        0x0 rtGetNaN.o
 .data          0x20000018        0x0 stm32f4xx_it.o
 .data          0x20000018        0x0 Schloss_Box_final_can_isr.o
 .data          0x20000018        0x0 rt_nonfinite.o
 .data          0x20000018        0x0 stm32f4xx_dma.o
 .data          0x20000018       0x14 system_stm32f4xx.o
                0x20000018                AHBPrescTable
                0x20000028                SystemCoreClock
 .data          0x2000002c        0x0 rtGetInf.o
 .data          0x2000002c        0x0 stm32f4xx_gpio.o
 .data          0x2000002c        0x0 c:/users/labuser/desktop/waijung17_03a/utils/gnu_tools_arm_embedded/bin/../lib/gcc/arm-none-eabi/5.4.1/../../../../arm-none-eabi/lib/armv7e-m/fpu\libm.a(lib_a-s_floor.o)
 .data          0x2000002c        0x0 c:/users/labuser/desktop/waijung17_03a/utils/gnu_tools_arm_embedded/bin/../lib/gcc/arm-none-eabi/5.4.1/../../../../arm-none-eabi/lib/armv7e-m/fpu\libm.a(lib_a-w_fmod.o)
 .data          0x2000002c        0x0 c:/users/labuser/desktop/waijung17_03a/utils/gnu_tools_arm_embedded/bin/../lib/gcc/arm-none-eabi/5.4.1/../../../../arm-none-eabi/lib/armv7e-m/fpu\libm.a(lib_a-e_fmod.o)
 .data          0x2000002c        0x0 c:/users/labuser/desktop/waijung17_03a/utils/gnu_tools_arm_embedded/bin/../lib/gcc/arm-none-eabi/5.4.1/../../../../arm-none-eabi/lib/armv7e-m/fpu\libm.a(lib_a-s_lib_ver.o)
 .data.__fdlib_version
                0x2000002c        0x1 c:/users/labuser/desktop/waijung17_03a/utils/gnu_tools_arm_embedded/bin/../lib/gcc/arm-none-eabi/5.4.1/../../../../arm-none-eabi/lib/armv7e-m/fpu\libm.a(lib_a-s_lib_ver.o)
                0x2000002c                __fdlib_version
 .data          0x2000002d        0x0 c:/users/labuser/desktop/waijung17_03a/utils/gnu_tools_arm_embedded/bin/../lib/gcc/arm-none-eabi/5.4.1/../../../../arm-none-eabi/lib/armv7e-m/fpu\libm.a(lib_a-s_matherr.o)
 .data          0x2000002d        0x0 c:/users/labuser/desktop/waijung17_03a/utils/gnu_tools_arm_embedded/bin/../lib/gcc/arm-none-eabi/5.4.1/armv7e-m/fpu\libgcc.a(_arm_addsubdf3.o)
 .data          0x2000002d        0x0 c:/users/labuser/desktop/waijung17_03a/utils/gnu_tools_arm_embedded/bin/../lib/gcc/arm-none-eabi/5.4.1/armv7e-m/fpu\libgcc.a(_arm_muldivdf3.o)
 .data          0x2000002d        0x0 c:/users/labuser/desktop/waijung17_03a/utils/gnu_tools_arm_embedded/bin/../lib/gcc/arm-none-eabi/5.4.1/armv7e-m/fpu\libgcc.a(_arm_cmpdf2.o)
 .data          0x2000002d        0x0 c:/users/labuser/desktop/waijung17_03a/utils/gnu_tools_arm_embedded/bin/../lib/gcc/arm-none-eabi/5.4.1/armv7e-m/fpu\libgcc.a(_arm_unorddf2.o)
 .data          0x2000002d        0x0 c:/users/labuser/desktop/waijung17_03a/utils/gnu_tools_arm_embedded/bin/../lib/gcc/arm-none-eabi/5.4.1/armv7e-m/fpu\libgcc.a(_arm_fixdfsi.o)
 .data          0x2000002d        0x0 c:/users/labuser/desktop/waijung17_03a/utils/gnu_tools_arm_embedded/bin/../lib/gcc/arm-none-eabi/5.4.1/armv7e-m/fpu\libgcc.a(_arm_fixunsdfsi.o)
 .data          0x2000002d        0x0 c:/users/labuser/desktop/waijung17_03a/utils/gnu_tools_arm_embedded/bin/../lib/gcc/arm-none-eabi/5.4.1/../../../../arm-none-eabi/lib/armv7e-m/fpu\libg.a(lib_a-errno.o)
 .data          0x2000002d        0x0 c:/users/labuser/desktop/waijung17_03a/utils/gnu_tools_arm_embedded/bin/../lib/gcc/arm-none-eabi/5.4.1/../../../../arm-none-eabi/lib/armv7e-m/fpu\libg.a(lib_a-impure.o)
 *fill*         0x2000002d        0x3 
 .data.impure_data
                0x20000030      0x428 c:/users/labuser/desktop/waijung17_03a/utils/gnu_tools_arm_embedded/bin/../lib/gcc/arm-none-eabi/5.4.1/../../../../arm-none-eabi/lib/armv7e-m/fpu\libg.a(lib_a-impure.o)
 .data._impure_ptr
                0x20000458        0x4 c:/users/labuser/desktop/waijung17_03a/utils/gnu_tools_arm_embedded/bin/../lib/gcc/arm-none-eabi/5.4.1/../../../../arm-none-eabi/lib/armv7e-m/fpu\libg.a(lib_a-impure.o)
                0x20000458                _impure_ptr
 .data          0x2000045c        0x0 c:/users/labuser/desktop/waijung17_03a/utils/gnu_tools_arm_embedded/bin/../lib/gcc/arm-none-eabi/5.4.1/../../../../arm-none-eabi/lib/armv7e-m/fpu\libg.a(lib_a-memcpy.o)
 .data          0x2000045c        0x0 c:/users/labuser/desktop/waijung17_03a/utils/gnu_tools_arm_embedded/bin/../lib/gcc/arm-none-eabi/5.4.1/../../../../arm-none-eabi/lib/armv7e-m/fpu\libg.a(lib_a-memset.o)
 .data          0x2000045c        0x0 c:/users/labuser/desktop/waijung17_03a/utils/gnu_tools_arm_embedded/bin/../lib/gcc/arm-none-eabi/5.4.1/../../../../arm-none-eabi/lib/armv7e-m/fpu\libg.a(lib_a-reent.o)
 .data          0x2000045c        0x0 c:/users/labuser/desktop/waijung17_03a/utils/gnu_tools_arm_embedded/bin/../lib/gcc/arm-none-eabi/5.4.1/../../../../arm-none-eabi/lib/armv7e-m/fpu\libg.a(lib_a-strncmp.o)
 .data          0x2000045c        0x0 c:/users/labuser/desktop/waijung17_03a/utils/gnu_tools_arm_embedded/bin/../lib/gcc/arm-none-eabi/5.4.1/../../../../arm-none-eabi/lib/armv7e-m/fpu\libg.a(lib_a-freer.o)
 .data          0x2000045c        0x0 c:/users/labuser/desktop/waijung17_03a/utils/gnu_tools_arm_embedded/bin/../lib/gcc/arm-none-eabi/5.4.1/../../../../arm-none-eabi/lib/armv7e-m/fpu\libg.a(lib_a-mallocr.o)
 .data.__malloc_av_
                0x2000045c      0x408 c:/users/labuser/desktop/waijung17_03a/utils/gnu_tools_arm_embedded/bin/../lib/gcc/arm-none-eabi/5.4.1/../../../../arm-none-eabi/lib/armv7e-m/fpu\libg.a(lib_a-mallocr.o)
                0x2000045c                __malloc_av_
 .data.__malloc_trim_threshold
                0x20000864        0x4 c:/users/labuser/desktop/waijung17_03a/utils/gnu_tools_arm_embedded/bin/../lib/gcc/arm-none-eabi/5.4.1/../../../../arm-none-eabi/lib/armv7e-m/fpu\libg.a(lib_a-mallocr.o)
                0x20000864                __malloc_trim_threshold
 .data.__malloc_sbrk_base
                0x20000868        0x4 c:/users/labuser/desktop/waijung17_03a/utils/gnu_tools_arm_embedded/bin/../lib/gcc/arm-none-eabi/5.4.1/../../../../arm-none-eabi/lib/armv7e-m/fpu\libg.a(lib_a-mallocr.o)
                0x20000868                __malloc_sbrk_base
 .data          0x2000086c        0x0 c:/users/labuser/desktop/waijung17_03a/utils/gnu_tools_arm_embedded/bin/../lib/gcc/arm-none-eabi/5.4.1/../../../../arm-none-eabi/lib/armv7e-m/fpu\libg.a(lib_a-mlock.o)
 .data          0x2000086c        0x0 c:/users/labuser/desktop/waijung17_03a/utils/gnu_tools_arm_embedded/bin/../lib/gcc/arm-none-eabi/5.4.1/../../../../arm-none-eabi/lib/armv7e-m/fpu\libg.a(lib_a-sbrkr.o)
                0x2000086c                . = ALIGN (0x4)
                [!provide]                PROVIDE (__preinit_array_start, .)
 *(.preinit_array)
                [!provide]                PROVIDE (__preinit_array_end, .)
                0x2000086c                . = ALIGN (0x4)
                [!provide]                PROVIDE (__init_array_start, .)
 *(SORT(.init_array.*))
 *(.init_array)
                [!provide]                PROVIDE (__init_array_end, .)
                0x2000086c                . = ALIGN (0x4)
                [!provide]                PROVIDE (__fini_array_start, .)
 *(SORT(.fini_array.*))
 *(.fini_array)
                [!provide]                PROVIDE (__fini_array_end, .)
 *(.jcr*)
                0x2000086c                . = ALIGN (0x4)
                0x2000086c                __data_end__ = .

.igot.plt       0x2000086c        0x0 load address 0x08005be8
 .igot.plt      0x2000086c        0x0 startup_stm32f4xx.o

.bss            0x20000870      0x960 load address 0x08005bf0
                0x20000870                . = ALIGN (0x4)
                0x20000870                __bss_start__ = .
 *(.bss*)
 .bss           0x20000870        0x0 startup_stm32f4xx.o
 .bss           0x20000870        0x0 stm32f4xx_syscfg.o
 .bss           0x20000870        0x0 Schloss_Box_final_data.o
 .bss           0x20000870        0x0 Schloss_Box_final_Debounce.o
 .bss           0x20000870        0x0 stm32f4xx_pwr.o
 .bss           0x20000870        0x0 stm32f4xx_rcc.o
 .bss           0x20000870        0x0 stm32f4xx_usart.o
 .bss           0x20000870        0x0 Schloss_Box_final.o
 .bss           0x20000870        0x8 syscalls.o
                0x20000874                __env
 .bss           0x20000878        0x0 stm32f4xx_can.o
 .bss           0x20000878        0x4 main.o
 .bss           0x2000087c       0x58 waijung_hwdrvlib.o
                0x2000087c                CANReceive_Msg_Buffer_WIndex
                0x2000087e                CANReceive_Msg_Buffer_RIndex
                0x20000880                CANReceive1_Msg_Buffer_WIndex
                0x20000882                CANReceive1_Msg_Buffer_RIndex
                0x20000888                CAN1_FilterList
 .bss           0x200008d4        0x0 misc.o
 .bss           0x200008d4        0x0 rtGetNaN.o
 .bss           0x200008d4        0x0 stm32f4xx_it.o
 .bss           0x200008d4        0x0 Schloss_Box_final_can_isr.o
 .bss           0x200008d4        0x0 rt_nonfinite.o
 .bss           0x200008d4        0x0 stm32f4xx_dma.o
 .bss           0x200008d4        0x0 system_stm32f4xx.o
 .bss           0x200008d4        0x0 rtGetInf.o
 .bss           0x200008d4        0x0 stm32f4xx_gpio.o
 .bss           0x200008d4        0x0 c:/users/labuser/desktop/waijung17_03a/utils/gnu_tools_arm_embedded/bin/../lib/gcc/arm-none-eabi/5.4.1/../../../../arm-none-eabi/lib/armv7e-m/fpu\libm.a(lib_a-s_floor.o)
 .bss           0x200008d4        0x0 c:/users/labuser/desktop/waijung17_03a/utils/gnu_tools_arm_embedded/bin/../lib/gcc/arm-none-eabi/5.4.1/../../../../arm-none-eabi/lib/armv7e-m/fpu\libm.a(lib_a-w_fmod.o)
 .bss           0x200008d4        0x0 c:/users/labuser/desktop/waijung17_03a/utils/gnu_tools_arm_embedded/bin/../lib/gcc/arm-none-eabi/5.4.1/../../../../arm-none-eabi/lib/armv7e-m/fpu\libm.a(lib_a-e_fmod.o)
 .bss           0x200008d4        0x0 c:/users/labuser/desktop/waijung17_03a/utils/gnu_tools_arm_embedded/bin/../lib/gcc/arm-none-eabi/5.4.1/../../../../arm-none-eabi/lib/armv7e-m/fpu\libm.a(lib_a-s_lib_ver.o)
 .bss           0x200008d4        0x0 c:/users/labuser/desktop/waijung17_03a/utils/gnu_tools_arm_embedded/bin/../lib/gcc/arm-none-eabi/5.4.1/../../../../arm-none-eabi/lib/armv7e-m/fpu\libm.a(lib_a-s_matherr.o)
 .bss           0x200008d4        0x0 c:/users/labuser/desktop/waijung17_03a/utils/gnu_tools_arm_embedded/bin/../lib/gcc/arm-none-eabi/5.4.1/armv7e-m/fpu\libgcc.a(_arm_addsubdf3.o)
 .bss           0x200008d4        0x0 c:/users/labuser/desktop/waijung17_03a/utils/gnu_tools_arm_embedded/bin/../lib/gcc/arm-none-eabi/5.4.1/armv7e-m/fpu\libgcc.a(_arm_muldivdf3.o)
 .bss           0x200008d4        0x0 c:/users/labuser/desktop/waijung17_03a/utils/gnu_tools_arm_embedded/bin/../lib/gcc/arm-none-eabi/5.4.1/armv7e-m/fpu\libgcc.a(_arm_cmpdf2.o)
 .bss           0x200008d4        0x0 c:/users/labuser/desktop/waijung17_03a/utils/gnu_tools_arm_embedded/bin/../lib/gcc/arm-none-eabi/5.4.1/armv7e-m/fpu\libgcc.a(_arm_unorddf2.o)
 .bss           0x200008d4        0x0 c:/users/labuser/desktop/waijung17_03a/utils/gnu_tools_arm_embedded/bin/../lib/gcc/arm-none-eabi/5.4.1/armv7e-m/fpu\libgcc.a(_arm_fixdfsi.o)
 .bss           0x200008d4        0x0 c:/users/labuser/desktop/waijung17_03a/utils/gnu_tools_arm_embedded/bin/../lib/gcc/arm-none-eabi/5.4.1/armv7e-m/fpu\libgcc.a(_arm_fixunsdfsi.o)
 .bss           0x200008d4        0x0 c:/users/labuser/desktop/waijung17_03a/utils/gnu_tools_arm_embedded/bin/../lib/gcc/arm-none-eabi/5.4.1/../../../../arm-none-eabi/lib/armv7e-m/fpu\libg.a(lib_a-errno.o)
 .bss           0x200008d4        0x0 c:/users/labuser/desktop/waijung17_03a/utils/gnu_tools_arm_embedded/bin/../lib/gcc/arm-none-eabi/5.4.1/../../../../arm-none-eabi/lib/armv7e-m/fpu\libg.a(lib_a-impure.o)
 .bss           0x200008d4        0x0 c:/users/labuser/desktop/waijung17_03a/utils/gnu_tools_arm_embedded/bin/../lib/gcc/arm-none-eabi/5.4.1/../../../../arm-none-eabi/lib/armv7e-m/fpu\libg.a(lib_a-memcpy.o)
 .bss           0x200008d4        0x0 c:/users/labuser/desktop/waijung17_03a/utils/gnu_tools_arm_embedded/bin/../lib/gcc/arm-none-eabi/5.4.1/../../../../arm-none-eabi/lib/armv7e-m/fpu\libg.a(lib_a-memset.o)
 .bss           0x200008d4        0x0 c:/users/labuser/desktop/waijung17_03a/utils/gnu_tools_arm_embedded/bin/../lib/gcc/arm-none-eabi/5.4.1/../../../../arm-none-eabi/lib/armv7e-m/fpu\libg.a(lib_a-reent.o)
 .bss           0x200008d4        0x0 c:/users/labuser/desktop/waijung17_03a/utils/gnu_tools_arm_embedded/bin/../lib/gcc/arm-none-eabi/5.4.1/../../../../arm-none-eabi/lib/armv7e-m/fpu\libg.a(lib_a-strncmp.o)
 .bss           0x200008d4        0x0 c:/users/labuser/desktop/waijung17_03a/utils/gnu_tools_arm_embedded/bin/../lib/gcc/arm-none-eabi/5.4.1/../../../../arm-none-eabi/lib/armv7e-m/fpu\libg.a(lib_a-freer.o)
 .bss           0x200008d4        0x0 c:/users/labuser/desktop/waijung17_03a/utils/gnu_tools_arm_embedded/bin/../lib/gcc/arm-none-eabi/5.4.1/../../../../arm-none-eabi/lib/armv7e-m/fpu\libg.a(lib_a-mallocr.o)
 .bss.__malloc_max_total_mem
                0x200008d4        0x4 c:/users/labuser/desktop/waijung17_03a/utils/gnu_tools_arm_embedded/bin/../lib/gcc/arm-none-eabi/5.4.1/../../../../arm-none-eabi/lib/armv7e-m/fpu\libg.a(lib_a-mallocr.o)
                0x200008d4                __malloc_max_total_mem
 .bss.__malloc_max_sbrked_mem
                0x200008d8        0x4 c:/users/labuser/desktop/waijung17_03a/utils/gnu_tools_arm_embedded/bin/../lib/gcc/arm-none-eabi/5.4.1/../../../../arm-none-eabi/lib/armv7e-m/fpu\libg.a(lib_a-mallocr.o)
                0x200008d8                __malloc_max_sbrked_mem
 .bss.__malloc_top_pad
                0x200008dc        0x4 c:/users/labuser/desktop/waijung17_03a/utils/gnu_tools_arm_embedded/bin/../lib/gcc/arm-none-eabi/5.4.1/../../../../arm-none-eabi/lib/armv7e-m/fpu\libg.a(lib_a-mallocr.o)
                0x200008dc                __malloc_top_pad
 .bss.__malloc_current_mallinfo
                0x200008e0       0x28 c:/users/labuser/desktop/waijung17_03a/utils/gnu_tools_arm_embedded/bin/../lib/gcc/arm-none-eabi/5.4.1/../../../../arm-none-eabi/lib/armv7e-m/fpu\libg.a(lib_a-mallocr.o)
                0x200008e0                __malloc_current_mallinfo
 .bss           0x20000908        0x0 c:/users/labuser/desktop/waijung17_03a/utils/gnu_tools_arm_embedded/bin/../lib/gcc/arm-none-eabi/5.4.1/../../../../arm-none-eabi/lib/armv7e-m/fpu\libg.a(lib_a-mlock.o)
 .bss           0x20000908        0x0 c:/users/labuser/desktop/waijung17_03a/utils/gnu_tools_arm_embedded/bin/../lib/gcc/arm-none-eabi/5.4.1/../../../../arm-none-eabi/lib/armv7e-m/fpu\libg.a(lib_a-sbrkr.o)
 *(COMMON)
 COMMON         0x20000908       0xa0 Schloss_Box_final.o
                0x20000908                Schloss_Box_final_B
                0x20000950                Schloss_Box_final_M_
                0x20000954                Schloss_Box_final_PrevZCX
                0x20000958                Schloss_Box_final_DW
 COMMON         0x200009a8      0x7fc waijung_hwdrvlib.o
                0x200009a8                CANReceive1_filter_number
                0x200009ac                CANReceive_data
                0x200009b0                CANReceive_Msg_Buffer
                0x20000a50                CANReceive_Msg
                0x20000a64                CANReceive1_data
                0x20000a68                CANReceive1_Msg_Buffer
                0x20000b08                CANReceive1_FilterInitStructure
                0x20000b18                CANReceive1_Msg
                0x20000b2c                UART2_Temp_Buffer
                0x20000d2c                UART2_Tx_Buffer
                0x20000f2c                SetupUARTSetup_DMA_Init
                0x20000f68                CANTransmit_mTxMsg
                0x20000f7c                CANReceive_FilterInitStructure
                0x20000f8c                UART2_Rx_Buffer
                0x2000118c                CANReceive_filter_number
                0x2000118d                SetupUARTSetup_Tx_State
                0x20001190                CANTransmitTxMsg
 *fill*         0x200011a4        0x4 
 COMMON         0x200011a8       0x24 rt_nonfinite.o
                0x200011a8                rtNaNF
                0x200011ac                rtInfF
                0x200011b0                rtInf
                0x200011b8                rtNaN
                0x200011c0                rtMinusInf
                0x200011c8                rtMinusInfF
 COMMON         0x200011cc        0x4 c:/users/labuser/desktop/waijung17_03a/utils/gnu_tools_arm_embedded/bin/../lib/gcc/arm-none-eabi/5.4.1/../../../../arm-none-eabi/lib/armv7e-m/fpu\libg.a(lib_a-reent.o)
                0x200011cc                errno
                0x200011d0                . = ALIGN (0x4)
                0x200011d0                __bss_end__ = .

.heap           0x200011d0     0x2000
                0x200011d0                __end__ = .
                0x200011d0                end = __end__
 *(.heap*)
 .heap          0x200011d0     0x2000 startup_stm32f4xx.o
                0x200011d0                __HeapBase
                0x200031d0                __HeapLimit = .

.stack_dummy    0x200011d0     0x2000
 *(.stack*)
 .stack         0x200011d0     0x2000 startup_stm32f4xx.o
                0x20020000                __StackTop = (ORIGIN (RAM) + LENGTH (RAM))
                0x2001e000                __StackLimit = (__StackTop - SIZEOF (.stack_dummy))
                [!provide]                PROVIDE (__stack, __StackTop)
                0x00000001                ASSERT ((__StackLimit >= __HeapLimit), region RAM overflowed with stack)
OUTPUT(Schloss_Box_final.elf elf32-littlearm)

.ARM.attributes
                0x00000000       0x35
 .ARM.attributes
                0x00000000       0x1f startup_stm32f4xx.o
 .ARM.attributes
                0x0000001f       0x35 stm32f4xx_syscfg.o
 .ARM.attributes
                0x00000054       0x35 Schloss_Box_final_data.o
 .ARM.attributes
                0x00000089       0x35 Schloss_Box_final_Debounce.o
 .ARM.attributes
                0x000000be       0x35 stm32f4xx_pwr.o
 .ARM.attributes
                0x000000f3       0x35 stm32f4xx_rcc.o
 .ARM.attributes
                0x00000128       0x35 stm32f4xx_usart.o
 .ARM.attributes
                0x0000015d       0x35 Schloss_Box_final.o
 .ARM.attributes
                0x00000192       0x35 syscalls.o
 .ARM.attributes
                0x000001c7       0x35 stm32f4xx_can.o
 .ARM.attributes
                0x000001fc       0x35 main.o
 .ARM.attributes
                0x00000231       0x35 waijung_hwdrvlib.o
 .ARM.attributes
                0x00000266       0x35 misc.o
 .ARM.attributes
                0x0000029b       0x35 rtGetNaN.o
 .ARM.attributes
                0x000002d0       0x35 stm32f4xx_it.o
 .ARM.attributes
                0x00000305       0x35 Schloss_Box_final_can_isr.o
 .ARM.attributes
                0x0000033a       0x35 rt_nonfinite.o
 .ARM.attributes
                0x0000036f       0x35 stm32f4xx_dma.o
 .ARM.attributes
                0x000003a4       0x35 system_stm32f4xx.o
 .ARM.attributes
                0x000003d9       0x35 rtGetInf.o
 .ARM.attributes
                0x0000040e       0x35 stm32f4xx_gpio.o
 .ARM.attributes
                0x00000443       0x34 c:/users/labuser/desktop/waijung17_03a/utils/gnu_tools_arm_embedded/bin/../lib/gcc/arm-none-eabi/5.4.1/../../../../arm-none-eabi/lib/armv7e-m/fpu\libm.a(lib_a-s_floor.o)
 .ARM.attributes
                0x00000477       0x34 c:/users/labuser/desktop/waijung17_03a/utils/gnu_tools_arm_embedded/bin/../lib/gcc/arm-none-eabi/5.4.1/../../../../arm-none-eabi/lib/armv7e-m/fpu\libm.a(lib_a-w_fmod.o)
 .ARM.attributes
                0x000004ab       0x34 c:/users/labuser/desktop/waijung17_03a/utils/gnu_tools_arm_embedded/bin/../lib/gcc/arm-none-eabi/5.4.1/../../../../arm-none-eabi/lib/armv7e-m/fpu\libm.a(lib_a-e_fmod.o)
 .ARM.attributes
                0x000004df       0x34 c:/users/labuser/desktop/waijung17_03a/utils/gnu_tools_arm_embedded/bin/../lib/gcc/arm-none-eabi/5.4.1/../../../../arm-none-eabi/lib/armv7e-m/fpu\libm.a(lib_a-s_lib_ver.o)
 .ARM.attributes
                0x00000513       0x34 c:/users/labuser/desktop/waijung17_03a/utils/gnu_tools_arm_embedded/bin/../lib/gcc/arm-none-eabi/5.4.1/../../../../arm-none-eabi/lib/armv7e-m/fpu\libm.a(lib_a-s_matherr.o)
 .ARM.attributes
                0x00000547       0x22 c:/users/labuser/desktop/waijung17_03a/utils/gnu_tools_arm_embedded/bin/../lib/gcc/arm-none-eabi/5.4.1/armv7e-m/fpu\libgcc.a(_arm_addsubdf3.o)
 .ARM.attributes
                0x00000569       0x22 c:/users/labuser/desktop/waijung17_03a/utils/gnu_tools_arm_embedded/bin/../lib/gcc/arm-none-eabi/5.4.1/armv7e-m/fpu\libgcc.a(_arm_muldivdf3.o)
 .ARM.attributes
                0x0000058b       0x22 c:/users/labuser/desktop/waijung17_03a/utils/gnu_tools_arm_embedded/bin/../lib/gcc/arm-none-eabi/5.4.1/armv7e-m/fpu\libgcc.a(_arm_cmpdf2.o)
 .ARM.attributes
                0x000005ad       0x22 c:/users/labuser/desktop/waijung17_03a/utils/gnu_tools_arm_embedded/bin/../lib/gcc/arm-none-eabi/5.4.1/armv7e-m/fpu\libgcc.a(_arm_unorddf2.o)
 .ARM.attributes
                0x000005cf       0x22 c:/users/labuser/desktop/waijung17_03a/utils/gnu_tools_arm_embedded/bin/../lib/gcc/arm-none-eabi/5.4.1/armv7e-m/fpu\libgcc.a(_arm_fixdfsi.o)
 .ARM.attributes
                0x000005f1       0x22 c:/users/labuser/desktop/waijung17_03a/utils/gnu_tools_arm_embedded/bin/../lib/gcc/arm-none-eabi/5.4.1/armv7e-m/fpu\libgcc.a(_arm_fixunsdfsi.o)
 .ARM.attributes
                0x00000613       0x34 c:/users/labuser/desktop/waijung17_03a/utils/gnu_tools_arm_embedded/bin/../lib/gcc/arm-none-eabi/5.4.1/../../../../arm-none-eabi/lib/armv7e-m/fpu\libg.a(lib_a-errno.o)
 .ARM.attributes
                0x00000647       0x34 c:/users/labuser/desktop/waijung17_03a/utils/gnu_tools_arm_embedded/bin/../lib/gcc/arm-none-eabi/5.4.1/../../../../arm-none-eabi/lib/armv7e-m/fpu\libg.a(lib_a-impure.o)
 .ARM.attributes
                0x0000067b       0x20 c:/users/labuser/desktop/waijung17_03a/utils/gnu_tools_arm_embedded/bin/../lib/gcc/arm-none-eabi/5.4.1/../../../../arm-none-eabi/lib/armv7e-m/fpu\libg.a(lib_a-memcpy.o)
 .ARM.attributes
                0x0000069b       0x34 c:/users/labuser/desktop/waijung17_03a/utils/gnu_tools_arm_embedded/bin/../lib/gcc/arm-none-eabi/5.4.1/../../../../arm-none-eabi/lib/armv7e-m/fpu\libg.a(lib_a-memset.o)
 .ARM.attributes
                0x000006cf       0x34 c:/users/labuser/desktop/waijung17_03a/utils/gnu_tools_arm_embedded/bin/../lib/gcc/arm-none-eabi/5.4.1/../../../../arm-none-eabi/lib/armv7e-m/fpu\libg.a(lib_a-reent.o)
 .ARM.attributes
                0x00000703       0x34 c:/users/labuser/desktop/waijung17_03a/utils/gnu_tools_arm_embedded/bin/../lib/gcc/arm-none-eabi/5.4.1/../../../../arm-none-eabi/lib/armv7e-m/fpu\libg.a(lib_a-strncmp.o)
 .ARM.attributes
                0x00000737       0x34 c:/users/labuser/desktop/waijung17_03a/utils/gnu_tools_arm_embedded/bin/../lib/gcc/arm-none-eabi/5.4.1/../../../../arm-none-eabi/lib/armv7e-m/fpu\libg.a(lib_a-freer.o)
 .ARM.attributes
                0x0000076b       0x34 c:/users/labuser/desktop/waijung17_03a/utils/gnu_tools_arm_embedded/bin/../lib/gcc/arm-none-eabi/5.4.1/../../../../arm-none-eabi/lib/armv7e-m/fpu\libg.a(lib_a-mallocr.o)
 .ARM.attributes
                0x0000079f       0x34 c:/users/labuser/desktop/waijung17_03a/utils/gnu_tools_arm_embedded/bin/../lib/gcc/arm-none-eabi/5.4.1/../../../../arm-none-eabi/lib/armv7e-m/fpu\libg.a(lib_a-mlock.o)
 .ARM.attributes
                0x000007d3       0x34 c:/users/labuser/desktop/waijung17_03a/utils/gnu_tools_arm_embedded/bin/../lib/gcc/arm-none-eabi/5.4.1/../../../../arm-none-eabi/lib/armv7e-m/fpu\libg.a(lib_a-sbrkr.o)

.comment        0x00000000       0x6e
 .comment       0x00000000       0x6e stm32f4xx_syscfg.o
                                 0x6f (size before relaxing)
 .comment       0x0000006e       0x6f Schloss_Box_final_data.o
 .comment       0x0000006e       0x6f Schloss_Box_final_Debounce.o
 .comment       0x0000006e       0x6f stm32f4xx_pwr.o
 .comment       0x0000006e       0x6f stm32f4xx_rcc.o
 .comment       0x0000006e       0x6f stm32f4xx_usart.o
 .comment       0x0000006e       0x6f Schloss_Box_final.o
 .comment       0x0000006e       0x6f syscalls.o
 .comment       0x0000006e       0x6f stm32f4xx_can.o
 .comment       0x0000006e       0x6f main.o
 .comment       0x0000006e       0x6f waijung_hwdrvlib.o
 .comment       0x0000006e       0x6f misc.o
 .comment       0x0000006e       0x6f rtGetNaN.o
 .comment       0x0000006e       0x6f stm32f4xx_it.o
 .comment       0x0000006e       0x6f Schloss_Box_final_can_isr.o
 .comment       0x0000006e       0x6f rt_nonfinite.o
 .comment       0x0000006e       0x6f stm32f4xx_dma.o
 .comment       0x0000006e       0x6f system_stm32f4xx.o
 .comment       0x0000006e       0x6f rtGetInf.o
 .comment       0x0000006e       0x6f stm32f4xx_gpio.o

.debug_frame    0x00000000      0x308
 .debug_frame   0x00000000       0x30 c:/users/labuser/desktop/waijung17_03a/utils/gnu_tools_arm_embedded/bin/../lib/gcc/arm-none-eabi/5.4.1/../../../../arm-none-eabi/lib/armv7e-m/fpu\libm.a(lib_a-s_floor.o)
 .debug_frame   0x00000030       0x58 c:/users/labuser/desktop/waijung17_03a/utils/gnu_tools_arm_embedded/bin/../lib/gcc/arm-none-eabi/5.4.1/../../../../arm-none-eabi/lib/armv7e-m/fpu\libm.a(lib_a-w_fmod.o)
 .debug_frame   0x00000088       0x38 c:/users/labuser/desktop/waijung17_03a/utils/gnu_tools_arm_embedded/bin/../lib/gcc/arm-none-eabi/5.4.1/../../../../arm-none-eabi/lib/armv7e-m/fpu\libm.a(lib_a-e_fmod.o)
 .debug_frame   0x000000c0       0x20 c:/users/labuser/desktop/waijung17_03a/utils/gnu_tools_arm_embedded/bin/../lib/gcc/arm-none-eabi/5.4.1/../../../../arm-none-eabi/lib/armv7e-m/fpu\libm.a(lib_a-s_matherr.o)
 .debug_frame   0x000000e0       0x20 c:/users/labuser/desktop/waijung17_03a/utils/gnu_tools_arm_embedded/bin/../lib/gcc/arm-none-eabi/5.4.1/../../../../arm-none-eabi/lib/armv7e-m/fpu\libg.a(lib_a-errno.o)
 .debug_frame   0x00000100       0x34 c:/users/labuser/desktop/waijung17_03a/utils/gnu_tools_arm_embedded/bin/../lib/gcc/arm-none-eabi/5.4.1/../../../../arm-none-eabi/lib/armv7e-m/fpu\libg.a(lib_a-memset.o)
 .debug_frame   0x00000134       0x58 c:/users/labuser/desktop/waijung17_03a/utils/gnu_tools_arm_embedded/bin/../lib/gcc/arm-none-eabi/5.4.1/../../../../arm-none-eabi/lib/armv7e-m/fpu\libg.a(lib_a-reent.o)
 .debug_frame   0x0000018c       0x54 c:/users/labuser/desktop/waijung17_03a/utils/gnu_tools_arm_embedded/bin/../lib/gcc/arm-none-eabi/5.4.1/../../../../arm-none-eabi/lib/armv7e-m/fpu\libg.a(lib_a-strncmp.o)
 .debug_frame   0x000001e0       0x74 c:/users/labuser/desktop/waijung17_03a/utils/gnu_tools_arm_embedded/bin/../lib/gcc/arm-none-eabi/5.4.1/../../../../arm-none-eabi/lib/armv7e-m/fpu\libg.a(lib_a-freer.o)
 .debug_frame   0x00000254       0x58 c:/users/labuser/desktop/waijung17_03a/utils/gnu_tools_arm_embedded/bin/../lib/gcc/arm-none-eabi/5.4.1/../../../../arm-none-eabi/lib/armv7e-m/fpu\libg.a(lib_a-mallocr.o)
 .debug_frame   0x000002ac       0x30 c:/users/labuser/desktop/waijung17_03a/utils/gnu_tools_arm_embedded/bin/../lib/gcc/arm-none-eabi/5.4.1/../../../../arm-none-eabi/lib/armv7e-m/fpu\libg.a(lib_a-mlock.o)
 .debug_frame   0x000002dc       0x2c c:/users/labuser/desktop/waijung17_03a/utils/gnu_tools_arm_embedded/bin/../lib/gcc/arm-none-eabi/5.4.1/../../../../arm-none-eabi/lib/armv7e-m/fpu\libg.a(lib_a-sbrkr.o)

Cross Reference Table

Symbol                                            File
ADC_IRQHandler                                    startup_stm32f4xx.o
AHBPrescTable                                     system_stm32f4xx.o
BusFault_Handler                                  stm32f4xx_it.o
                                                  startup_stm32f4xx.o
CAN1_FilterList                                   waijung_hwdrvlib.o
CAN1_Filter_Free                                  waijung_hwdrvlib.o
CAN1_Filter_Hook                                  waijung_hwdrvlib.o
CAN1_RX0_IRQHandler                               waijung_hwdrvlib.o
                                                  startup_stm32f4xx.o
CAN1_RX1_IRQHandler                               startup_stm32f4xx.o
CAN1_SCE_IRQHandler                               startup_stm32f4xx.o
CAN1_TX_IRQHandler                                startup_stm32f4xx.o
CAN2_RX0_IRQHandler                               startup_stm32f4xx.o
CAN2_RX1_IRQHandler                               startup_stm32f4xx.o
CAN2_SCE_IRQHandler                               startup_stm32f4xx.o
CAN2_TX_IRQHandler                                startup_stm32f4xx.o
CANReceive1_FilterInitStructure                   waijung_hwdrvlib.o
CANReceive1_GetMsg                                waijung_hwdrvlib.o
                                                  Schloss_Box_final.o
CANReceive1_Msg                                   waijung_hwdrvlib.o
                                                  Schloss_Box_final.o
CANReceive1_Msg_Buffer                            waijung_hwdrvlib.o
CANReceive1_Msg_Buffer_Count                      waijung_hwdrvlib.o
CANReceive1_Msg_Buffer_RIndex                     waijung_hwdrvlib.o
CANReceive1_Msg_Buffer_WIndex                     waijung_hwdrvlib.o
CANReceive1_data                                  waijung_hwdrvlib.o
                                                  Schloss_Box_final.o
CANReceive1_filter_isr                            waijung_hwdrvlib.o
CANReceive1_filter_number                         waijung_hwdrvlib.o
CANReceive_FilterInitStructure                    waijung_hwdrvlib.o
CANReceive_GetMsg                                 waijung_hwdrvlib.o
                                                  Schloss_Box_final.o
CANReceive_Msg                                    waijung_hwdrvlib.o
                                                  Schloss_Box_final.o
CANReceive_Msg_Buffer                             waijung_hwdrvlib.o
CANReceive_Msg_Buffer_Count                       waijung_hwdrvlib.o
CANReceive_Msg_Buffer_RIndex                      waijung_hwdrvlib.o
CANReceive_Msg_Buffer_WIndex                      waijung_hwdrvlib.o
CANReceive_data                                   waijung_hwdrvlib.o
                                                  Schloss_Box_final.o
CANReceive_filter_isr                             waijung_hwdrvlib.o
CANReceive_filter_number                          waijung_hwdrvlib.o
CANTransmitTxMsg                                  waijung_hwdrvlib.o
                                                  Schloss_Box_final.o
CANTransmit_mTxMsg                                waijung_hwdrvlib.o
                                                  Schloss_Box_final.o
CAN_CancelTransmit                                stm32f4xx_can.o
CAN_ClearFlag                                     stm32f4xx_can.o
CAN_ClearITPendingBit                             stm32f4xx_can.o
CAN_DBGFreeze                                     stm32f4xx_can.o
CAN_DeInit                                        stm32f4xx_can.o
CAN_FIFORelease                                   stm32f4xx_can.o
CAN_FilterInit                                    stm32f4xx_can.o
                                                  waijung_hwdrvlib.o
CAN_GetFlagStatus                                 stm32f4xx_can.o
CAN_GetITStatus                                   stm32f4xx_can.o
CAN_GetLSBTransmitErrorCounter                    stm32f4xx_can.o
CAN_GetLastErrorCode                              stm32f4xx_can.o
CAN_GetReceiveErrorCounter                        stm32f4xx_can.o
CAN_ITConfig                                      stm32f4xx_can.o
                                                  waijung_hwdrvlib.o
CAN_Init                                          stm32f4xx_can.o
                                                  waijung_hwdrvlib.o
CAN_MessagePending                                stm32f4xx_can.o
                                                  waijung_hwdrvlib.o
CAN_OperatingModeRequest                          stm32f4xx_can.o
CAN_Receive                                       stm32f4xx_can.o
                                                  waijung_hwdrvlib.o
CAN_SlaveStartBank                                stm32f4xx_can.o
CAN_Sleep                                         stm32f4xx_can.o
CAN_StructInit                                    stm32f4xx_can.o
CAN_TTComModeCmd                                  stm32f4xx_can.o
CAN_Transmit                                      stm32f4xx_can.o
                                                  waijung_hwdrvlib.o
CAN_TransmitStatus                                stm32f4xx_can.o
                                                  waijung_hwdrvlib.o
CAN_WakeUp                                        stm32f4xx_can.o
CANx_Transmit                                     waijung_hwdrvlib.o
                                                  Schloss_Box_final.o
CRYP_IRQHandler                                   startup_stm32f4xx.o
DCMI_IRQHandler                                   startup_stm32f4xx.o
DMA1_Stream0_IRQHandler                           startup_stm32f4xx.o
DMA1_Stream1_IRQHandler                           startup_stm32f4xx.o
DMA1_Stream2_IRQHandler                           startup_stm32f4xx.o
DMA1_Stream3_IRQHandler                           startup_stm32f4xx.o
DMA1_Stream4_IRQHandler                           startup_stm32f4xx.o
DMA1_Stream5_IRQHandler                           startup_stm32f4xx.o
DMA1_Stream6_IRQHandler                           startup_stm32f4xx.o
DMA1_Stream7_IRQHandler                           startup_stm32f4xx.o
DMA2_Stream0_IRQHandler                           startup_stm32f4xx.o
DMA2_Stream1_IRQHandler                           startup_stm32f4xx.o
DMA2_Stream2_IRQHandler                           startup_stm32f4xx.o
DMA2_Stream3_IRQHandler                           startup_stm32f4xx.o
DMA2_Stream4_IRQHandler                           startup_stm32f4xx.o
DMA2_Stream5_IRQHandler                           startup_stm32f4xx.o
DMA2_Stream6_IRQHandler                           startup_stm32f4xx.o
DMA2_Stream7_IRQHandler                           startup_stm32f4xx.o
DMA_ClearFlag                                     stm32f4xx_dma.o
                                                  waijung_hwdrvlib.o
DMA_ClearITPendingBit                             stm32f4xx_dma.o
DMA_Cmd                                           stm32f4xx_dma.o
                                                  waijung_hwdrvlib.o
DMA_DeInit                                        stm32f4xx_dma.o
DMA_DoubleBufferModeCmd                           stm32f4xx_dma.o
DMA_DoubleBufferModeConfig                        stm32f4xx_dma.o
DMA_FlowControllerConfig                          stm32f4xx_dma.o
DMA_GetCmdStatus                                  stm32f4xx_dma.o
DMA_GetCurrDataCounter                            stm32f4xx_dma.o
DMA_GetCurrentMemoryTarget                        stm32f4xx_dma.o
DMA_GetFIFOStatus                                 stm32f4xx_dma.o
DMA_GetFlagStatus                                 stm32f4xx_dma.o
                                                  waijung_hwdrvlib.o
DMA_GetITStatus                                   stm32f4xx_dma.o
DMA_ITConfig                                      stm32f4xx_dma.o
DMA_Init                                          stm32f4xx_dma.o
                                                  waijung_hwdrvlib.o
DMA_MemoryTargetConfig                            stm32f4xx_dma.o
DMA_PeriphIncOffsetSizeConfig                     stm32f4xx_dma.o
DMA_SetCurrDataCounter                            stm32f4xx_dma.o
DMA_StructInit                                    stm32f4xx_dma.o
DebugMon_Handler                                  stm32f4xx_it.o
                                                  startup_stm32f4xx.o
Default_Handler                                   startup_stm32f4xx.o
ETH_IRQHandler                                    startup_stm32f4xx.o
ETH_WKUP_IRQHandler                               startup_stm32f4xx.o
EXTI0_IRQHandler                                  startup_stm32f4xx.o
EXTI15_10_IRQHandler                              startup_stm32f4xx.o
EXTI1_IRQHandler                                  startup_stm32f4xx.o
EXTI2_IRQHandler                                  startup_stm32f4xx.o
EXTI3_IRQHandler                                  startup_stm32f4xx.o
EXTI4_IRQHandler                                  startup_stm32f4xx.o
EXTI9_5_IRQHandler                                startup_stm32f4xx.o
FLASH_IRQHandler                                  startup_stm32f4xx.o
FPU_IRQHandler                                    startup_stm32f4xx.o
FSMC_IRQHandler                                   startup_stm32f4xx.o
GPIO_DeInit                                       stm32f4xx_gpio.o
GPIO_Init                                         stm32f4xx_gpio.o
                                                  waijung_hwdrvlib.o
GPIO_PinAFConfig                                  stm32f4xx_gpio.o
                                                  waijung_hwdrvlib.o
GPIO_PinLockConfig                                stm32f4xx_gpio.o
GPIO_ReadInputData                                stm32f4xx_gpio.o
GPIO_ReadInputDataBit                             stm32f4xx_gpio.o
GPIO_ReadOutputData                               stm32f4xx_gpio.o
GPIO_ReadOutputDataBit                            stm32f4xx_gpio.o
GPIO_ResetBits                                    stm32f4xx_gpio.o
GPIO_SetBits                                      stm32f4xx_gpio.o
GPIO_StructInit                                   stm32f4xx_gpio.o
GPIO_ToggleBits                                   stm32f4xx_gpio.o
GPIO_Write                                        stm32f4xx_gpio.o
GPIO_WriteBit                                     stm32f4xx_gpio.o
HASH_RNG_IRQHandler                               startup_stm32f4xx.o
HardFault_Handler                                 stm32f4xx_it.o
                                                  startup_stm32f4xx.o
I2C1_ER_IRQHandler                                startup_stm32f4xx.o
I2C1_EV_IRQHandler                                startup_stm32f4xx.o
I2C2_ER_IRQHandler                                startup_stm32f4xx.o
I2C2_EV_IRQHandler                                startup_stm32f4xx.o
I2C3_ER_IRQHandler                                startup_stm32f4xx.o
I2C3_EV_IRQHandler                                startup_stm32f4xx.o
MemManage_Handler                                 stm32f4xx_it.o
                                                  startup_stm32f4xx.o
NMI_Handler                                       stm32f4xx_it.o
                                                  startup_stm32f4xx.o
NVIC_Init                                         misc.o
                                                  waijung_hwdrvlib.o
NVIC_PriorityGroupConfig                          misc.o
NVIC_SetVectorTable                               misc.o
NVIC_SystemLPConfig                               misc.o
OTG_FS_IRQHandler                                 startup_stm32f4xx.o
OTG_FS_WKUP_IRQHandler                            startup_stm32f4xx.o
OTG_HS_EP1_IN_IRQHandler                          startup_stm32f4xx.o
OTG_HS_EP1_OUT_IRQHandler                         startup_stm32f4xx.o
OTG_HS_IRQHandler                                 startup_stm32f4xx.o
OTG_HS_WKUP_IRQHandler                            startup_stm32f4xx.o
PVD_IRQHandler                                    startup_stm32f4xx.o
PWR_BackupAccessCmd                               stm32f4xx_pwr.o
PWR_BackupRegulatorCmd                            stm32f4xx_pwr.o
PWR_ClearFlag                                     stm32f4xx_pwr.o
PWR_DeInit                                        stm32f4xx_pwr.o
PWR_EnterSTANDBYMode                              stm32f4xx_pwr.o
PWR_EnterSTOPMode                                 stm32f4xx_pwr.o
PWR_EnterUnderDriveSTOPMode                       stm32f4xx_pwr.o
PWR_FlashPowerDownCmd                             stm32f4xx_pwr.o
PWR_GetFlagStatus                                 stm32f4xx_pwr.o
PWR_MainRegulatorModeConfig                       stm32f4xx_pwr.o
PWR_OverDriveCmd                                  stm32f4xx_pwr.o
PWR_OverDriveSWCmd                                stm32f4xx_pwr.o
PWR_PVDCmd                                        stm32f4xx_pwr.o
PWR_PVDLevelConfig                                stm32f4xx_pwr.o
PWR_UnderDriveCmd                                 stm32f4xx_pwr.o
PWR_WakeUpPinCmd                                  stm32f4xx_pwr.o
PendSV_Handler                                    stm32f4xx_it.o
                                                  startup_stm32f4xx.o
RCC_AHB1PeriphClockCmd                            stm32f4xx_rcc.o
                                                  waijung_hwdrvlib.o
RCC_AHB1PeriphClockLPModeCmd                      stm32f4xx_rcc.o
RCC_AHB1PeriphResetCmd                            stm32f4xx_rcc.o
                                                  stm32f4xx_gpio.o
RCC_AHB2PeriphClockCmd                            stm32f4xx_rcc.o
RCC_AHB2PeriphClockLPModeCmd                      stm32f4xx_rcc.o
RCC_AHB2PeriphResetCmd                            stm32f4xx_rcc.o
RCC_AHB3PeriphClockCmd                            stm32f4xx_rcc.o
RCC_AHB3PeriphClockLPModeCmd                      stm32f4xx_rcc.o
RCC_AHB3PeriphResetCmd                            stm32f4xx_rcc.o
RCC_APB1PeriphClockCmd                            stm32f4xx_rcc.o
                                                  stm32f4xx_it.o
                                                  waijung_hwdrvlib.o
RCC_APB1PeriphClockLPModeCmd                      stm32f4xx_rcc.o
RCC_APB1PeriphResetCmd                            stm32f4xx_rcc.o
                                                  stm32f4xx_can.o
                                                  stm32f4xx_usart.o
                                                  stm32f4xx_pwr.o
RCC_APB2PeriphClockCmd                            stm32f4xx_rcc.o
RCC_APB2PeriphClockLPModeCmd                      stm32f4xx_rcc.o
RCC_APB2PeriphResetCmd                            stm32f4xx_rcc.o
                                                  stm32f4xx_usart.o
                                                  stm32f4xx_syscfg.o
RCC_AdjustHSICalibrationValue                     stm32f4xx_rcc.o
RCC_BackupResetCmd                                stm32f4xx_rcc.o
RCC_ClearFlag                                     stm32f4xx_rcc.o
RCC_ClearITPendingBit                             stm32f4xx_rcc.o
RCC_ClockSecuritySystemCmd                        stm32f4xx_rcc.o
RCC_DeInit                                        stm32f4xx_rcc.o
RCC_GetClocksFreq                                 stm32f4xx_rcc.o
                                                  stm32f4xx_usart.o
RCC_GetFlagStatus                                 stm32f4xx_rcc.o
RCC_GetITStatus                                   stm32f4xx_rcc.o
RCC_GetSYSCLKSource                               stm32f4xx_rcc.o
RCC_HCLKConfig                                    stm32f4xx_rcc.o
RCC_HSEConfig                                     stm32f4xx_rcc.o
RCC_HSICmd                                        stm32f4xx_rcc.o
RCC_I2SCLKConfig                                  stm32f4xx_rcc.o
RCC_IRQHandler                                    startup_stm32f4xx.o
RCC_ITConfig                                      stm32f4xx_rcc.o
RCC_LSEConfig                                     stm32f4xx_rcc.o
RCC_LSEModeConfig                                 stm32f4xx_rcc.o
RCC_LSICmd                                        stm32f4xx_rcc.o
RCC_LTDCCLKDivConfig                              stm32f4xx_rcc.o
RCC_MCO1Config                                    stm32f4xx_rcc.o
RCC_MCO2Config                                    stm32f4xx_rcc.o
RCC_PCLK1Config                                   stm32f4xx_rcc.o
RCC_PCLK2Config                                   stm32f4xx_rcc.o
RCC_PLLCmd                                        stm32f4xx_rcc.o
RCC_PLLConfig                                     stm32f4xx_rcc.o
RCC_PLLI2SCmd                                     stm32f4xx_rcc.o
RCC_PLLI2SConfig                                  stm32f4xx_rcc.o
RCC_PLLSAICmd                                     stm32f4xx_rcc.o
RCC_PLLSAIConfig                                  stm32f4xx_rcc.o
RCC_RTCCLKCmd                                     stm32f4xx_rcc.o
RCC_RTCCLKConfig                                  stm32f4xx_rcc.o
RCC_SAIBlockACLKConfig                            stm32f4xx_rcc.o
RCC_SAIBlockBCLKConfig                            stm32f4xx_rcc.o
RCC_SAIPLLI2SClkDivConfig                         stm32f4xx_rcc.o
RCC_SAIPLLSAIClkDivConfig                         stm32f4xx_rcc.o
RCC_SYSCLKConfig                                  stm32f4xx_rcc.o
RCC_TIMCLKPresConfig                              stm32f4xx_rcc.o
RCC_WaitForHSEStartUp                             stm32f4xx_rcc.o
RTC_Alarm_IRQHandler                              startup_stm32f4xx.o
RTC_WKUP_IRQHandler                               startup_stm32f4xx.o
Reset_Handler                                     startup_stm32f4xx.o
SDIO_IRQHandler                                   startup_stm32f4xx.o
SPI1_IRQHandler                                   startup_stm32f4xx.o
SPI2_IRQHandler                                   startup_stm32f4xx.o
SPI3_IRQHandler                                   startup_stm32f4xx.o
SVC_Handler                                       stm32f4xx_it.o
                                                  startup_stm32f4xx.o
SYSCFG_CompensationCellCmd                        stm32f4xx_syscfg.o
SYSCFG_DeInit                                     stm32f4xx_syscfg.o
SYSCFG_ETH_MediaInterfaceConfig                   stm32f4xx_syscfg.o
SYSCFG_EXTILineConfig                             stm32f4xx_syscfg.o
SYSCFG_GetCompensationCellStatus                  stm32f4xx_syscfg.o
SYSCFG_MemoryRemapConfig                          stm32f4xx_syscfg.o
SYSCFG_MemorySwappingBank                         stm32f4xx_syscfg.o
Schloss_Box_fi_EnabledSubsystem                   Schloss_Box_final_Debounce.o
Schloss_Box_final_B                               Schloss_Box_final.o
Schloss_Box_final_ConstP                          Schloss_Box_final_data.o
                                                  Schloss_Box_final.o
Schloss_Box_final_DW                              Schloss_Box_final.o
Schloss_Box_final_Debounce                        Schloss_Box_final_Debounce.o
                                                  Schloss_Box_final.o
Schloss_Box_final_M                               Schloss_Box_final.o
Schloss_Box_final_M_                              Schloss_Box_final.o
Schloss_Box_final_PrevZCX                         Schloss_Box_final.o
Schloss_Box_final_initialize                      Schloss_Box_final.o
                                                  main.o
Schloss_Box_final_step                            Schloss_Box_final.o
                                                  main.o
Schloss_Box_final_terminate                       Schloss_Box_final.o
SetupUARTSetup_DMA_Init                           waijung_hwdrvlib.o
SetupUARTSetup_Tx_State                           waijung_hwdrvlib.o
SysTick_CLKSourceConfig                           misc.o
SysTick_Handler                                   main.o
                                                  startup_stm32f4xx.o
SysTimer_IsTimeout                                waijung_hwdrvlib.o
SysTimer_Start                                    waijung_hwdrvlib.o
SysTimer_delay_ms                                 waijung_hwdrvlib.o
SysTimer_delay_us                                 waijung_hwdrvlib.o
SysTimer_uS_IsTimeout                             waijung_hwdrvlib.o
SysTimer_uS_Start                                 waijung_hwdrvlib.o
SystemCoreClock                                   system_stm32f4xx.o
SystemCoreClockUpdate                             system_stm32f4xx.o
SystemInit                                        system_stm32f4xx.o
                                                  startup_stm32f4xx.o
TAMP_STAMP_IRQHandler                             startup_stm32f4xx.o
TIM1_BRK_TIM9_IRQHandler                          startup_stm32f4xx.o
TIM1_CC_IRQHandler                                startup_stm32f4xx.o
TIM1_TRG_COM_TIM11_IRQHandler                     startup_stm32f4xx.o
TIM1_UP_TIM10_IRQHandler                          startup_stm32f4xx.o
TIM2_IRQHandler                                   startup_stm32f4xx.o
TIM3_IRQHandler                                   startup_stm32f4xx.o
TIM4_IRQHandler                                   startup_stm32f4xx.o
TIM5_IRQHandler                                   startup_stm32f4xx.o
TIM6_DAC_IRQHandler                               startup_stm32f4xx.o
TIM7_IRQHandler                                   startup_stm32f4xx.o
TIM8_BRK_TIM12_IRQHandler                         startup_stm32f4xx.o
TIM8_CC_IRQHandler                                startup_stm32f4xx.o
TIM8_TRG_COM_TIM14_IRQHandler                     startup_stm32f4xx.o
TIM8_UP_TIM13_IRQHandler                          startup_stm32f4xx.o
UART2_FlushTxBuffer                               waijung_hwdrvlib.o
UART2_Read                                        waijung_hwdrvlib.o
UART2_ReadBinary                                  waijung_hwdrvlib.o
UART2_ReadEx                                      waijung_hwdrvlib.o
UART2_ReadLine                                    waijung_hwdrvlib.o
UART2_RestoreBytes                                waijung_hwdrvlib.o
UART2_Rx_Buffer                                   waijung_hwdrvlib.o
UART2_Temp_Buffer                                 waijung_hwdrvlib.o
UART2_TxUpdate                                    waijung_hwdrvlib.o
UART2_Tx_Buffer                                   waijung_hwdrvlib.o
UART2_Write                                       waijung_hwdrvlib.o
UART4_IRQHandler                                  startup_stm32f4xx.o
UART5_IRQHandler                                  startup_stm32f4xx.o
USART1_IRQHandler                                 startup_stm32f4xx.o
USART2_IRQHandler                                 startup_stm32f4xx.o
USART3_IRQHandler                                 startup_stm32f4xx.o
USART6_IRQHandler                                 startup_stm32f4xx.o
USART_ClearFlag                                   stm32f4xx_usart.o
                                                  waijung_hwdrvlib.o
USART_ClearITPendingBit                           stm32f4xx_usart.o
USART_ClockInit                                   stm32f4xx_usart.o
USART_ClockStructInit                             stm32f4xx_usart.o
USART_Cmd                                         stm32f4xx_usart.o
                                                  waijung_hwdrvlib.o
USART_DMACmd                                      stm32f4xx_usart.o
                                                  waijung_hwdrvlib.o
USART_DeInit                                      stm32f4xx_usart.o
USART_GetFlagStatus                               stm32f4xx_usart.o
                                                  waijung_hwdrvlib.o
USART_GetITStatus                                 stm32f4xx_usart.o
USART_HalfDuplexCmd                               stm32f4xx_usart.o
USART_ITConfig                                    stm32f4xx_usart.o
USART_Init                                        stm32f4xx_usart.o
                                                  waijung_hwdrvlib.o
USART_IrDACmd                                     stm32f4xx_usart.o
USART_IrDAConfig                                  stm32f4xx_usart.o
USART_LINBreakDetectLengthConfig                  stm32f4xx_usart.o
USART_LINCmd                                      stm32f4xx_usart.o
USART_OneBitMethodCmd                             stm32f4xx_usart.o
USART_OverSampling8Cmd                            stm32f4xx_usart.o
                                                  waijung_hwdrvlib.o
USART_ReceiveData                                 stm32f4xx_usart.o
USART_ReceiverWakeUpCmd                           stm32f4xx_usart.o
USART_SendBreak                                   stm32f4xx_usart.o
USART_SendData                                    stm32f4xx_usart.o
USART_SetAddress                                  stm32f4xx_usart.o
USART_SetGuardTime                                stm32f4xx_usart.o
USART_SetPrescaler                                stm32f4xx_usart.o
USART_SmartCardCmd                                stm32f4xx_usart.o
USART_SmartCardNACKCmd                            stm32f4xx_usart.o
USART_StructInit                                  stm32f4xx_usart.o
USART_WakeUpConfig                                stm32f4xx_usart.o
UsageFault_Handler                                stm32f4xx_it.o
                                                  startup_stm32f4xx.o
WWDG_IRQHandler                                   startup_stm32f4xx.o
__HeapBase                                        startup_stm32f4xx.o
__HeapLimit                                       startup_stm32f4xx.o
__StackLimit                                      startup_stm32f4xx.o
__StackTop                                        startup_stm32f4xx.o
__adddf3                                          c:/users/labuser/desktop/waijung17_03a/utils/gnu_tools_arm_embedded/bin/../lib/gcc/arm-none-eabi/5.4.1/armv7e-m/fpu\libgcc.a(_arm_addsubdf3.o)
__aeabi_cdcmpeq                                   c:/users/labuser/desktop/waijung17_03a/utils/gnu_tools_arm_embedded/bin/../lib/gcc/arm-none-eabi/5.4.1/armv7e-m/fpu\libgcc.a(_arm_cmpdf2.o)
__aeabi_cdcmple                                   c:/users/labuser/desktop/waijung17_03a/utils/gnu_tools_arm_embedded/bin/../lib/gcc/arm-none-eabi/5.4.1/armv7e-m/fpu\libgcc.a(_arm_cmpdf2.o)
__aeabi_cdrcmple                                  c:/users/labuser/desktop/waijung17_03a/utils/gnu_tools_arm_embedded/bin/../lib/gcc/arm-none-eabi/5.4.1/armv7e-m/fpu\libgcc.a(_arm_cmpdf2.o)
__aeabi_d2iz                                      c:/users/labuser/desktop/waijung17_03a/utils/gnu_tools_arm_embedded/bin/../lib/gcc/arm-none-eabi/5.4.1/armv7e-m/fpu\libgcc.a(_arm_fixdfsi.o)
                                                  Schloss_Box_final.o
__aeabi_d2uiz                                     c:/users/labuser/desktop/waijung17_03a/utils/gnu_tools_arm_embedded/bin/../lib/gcc/arm-none-eabi/5.4.1/armv7e-m/fpu\libgcc.a(_arm_fixunsdfsi.o)
                                                  Schloss_Box_final.o
__aeabi_dadd                                      c:/users/labuser/desktop/waijung17_03a/utils/gnu_tools_arm_embedded/bin/../lib/gcc/arm-none-eabi/5.4.1/armv7e-m/fpu\libgcc.a(_arm_addsubdf3.o)
                                                  c:/users/labuser/desktop/waijung17_03a/utils/gnu_tools_arm_embedded/bin/../lib/gcc/arm-none-eabi/5.4.1/../../../../arm-none-eabi/lib/armv7e-m/fpu\libm.a(lib_a-s_floor.o)
__aeabi_dcmpeq                                    c:/users/labuser/desktop/waijung17_03a/utils/gnu_tools_arm_embedded/bin/../lib/gcc/arm-none-eabi/5.4.1/armv7e-m/fpu\libgcc.a(_arm_cmpdf2.o)
                                                  c:/users/labuser/desktop/waijung17_03a/utils/gnu_tools_arm_embedded/bin/../lib/gcc/arm-none-eabi/5.4.1/../../../../arm-none-eabi/lib/armv7e-m/fpu\libm.a(lib_a-w_fmod.o)
                                                  rt_nonfinite.o
                                                  Schloss_Box_final.o
__aeabi_dcmpge                                    c:/users/labuser/desktop/waijung17_03a/utils/gnu_tools_arm_embedded/bin/../lib/gcc/arm-none-eabi/5.4.1/armv7e-m/fpu\libgcc.a(_arm_cmpdf2.o)
                                                  Schloss_Box_final.o
__aeabi_dcmpgt                                    c:/users/labuser/desktop/waijung17_03a/utils/gnu_tools_arm_embedded/bin/../lib/gcc/arm-none-eabi/5.4.1/armv7e-m/fpu\libgcc.a(_arm_cmpdf2.o)
                                                  c:/users/labuser/desktop/waijung17_03a/utils/gnu_tools_arm_embedded/bin/../lib/gcc/arm-none-eabi/5.4.1/../../../../arm-none-eabi/lib/armv7e-m/fpu\libm.a(lib_a-s_floor.o)
__aeabi_dcmple                                    c:/users/labuser/desktop/waijung17_03a/utils/gnu_tools_arm_embedded/bin/../lib/gcc/arm-none-eabi/5.4.1/armv7e-m/fpu\libgcc.a(_arm_cmpdf2.o)
                                                  Schloss_Box_final.o
__aeabi_dcmplt                                    c:/users/labuser/desktop/waijung17_03a/utils/gnu_tools_arm_embedded/bin/../lib/gcc/arm-none-eabi/5.4.1/armv7e-m/fpu\libgcc.a(_arm_cmpdf2.o)
                                                  Schloss_Box_final.o
__aeabi_dcmpun                                    c:/users/labuser/desktop/waijung17_03a/utils/gnu_tools_arm_embedded/bin/../lib/gcc/arm-none-eabi/5.4.1/armv7e-m/fpu\libgcc.a(_arm_unorddf2.o)
                                                  c:/users/labuser/desktop/waijung17_03a/utils/gnu_tools_arm_embedded/bin/../lib/gcc/arm-none-eabi/5.4.1/../../../../arm-none-eabi/lib/armv7e-m/fpu\libm.a(lib_a-w_fmod.o)
__aeabi_ddiv                                      c:/users/labuser/desktop/waijung17_03a/utils/gnu_tools_arm_embedded/bin/../lib/gcc/arm-none-eabi/5.4.1/armv7e-m/fpu\libgcc.a(_arm_muldivdf3.o)
                                                  c:/users/labuser/desktop/waijung17_03a/utils/gnu_tools_arm_embedded/bin/../lib/gcc/arm-none-eabi/5.4.1/../../../../arm-none-eabi/lib/armv7e-m/fpu\libm.a(lib_a-e_fmod.o)