Archive member included to satisfy reference by file (symbol)

c:/users/labuser/desktop/waijung17_03a/utils/gnu_tools_arm_embedded/bin/../lib/gcc/arm-none-eabi/5.4.1/../../../../arm-none-eabi/lib/armv7e-m/fpu\libm.a(lib_a-s_floor.o)
                              SchlossBox.o (floor)
c:/users/labuser/desktop/waijung17_03a/utils/gnu_tools_arm_embedded/bin/../lib/gcc/arm-none-eabi/5.4.1/../../../../arm-none-eabi/lib/armv7e-m/fpu\libm.a(lib_a-w_fmod.o)
                              SchlossBox.o (fmod)
c:/users/labuser/desktop/waijung17_03a/utils/gnu_tools_arm_embedded/bin/../lib/gcc/arm-none-eabi/5.4.1/../../../../arm-none-eabi/lib/armv7e-m/fpu\libm.a(lib_a-e_fmod.o)
                              c:/users/labuser/desktop/waijung17_03a/utils/gnu_tools_arm_embedded/bin/../lib/gcc/arm-none-eabi/5.4.1/../../../../arm-none-eabi/lib/armv7e-m/fpu\libm.a(lib_a-w_fmod.o) (__ieee754_fmod)
c:/users/labuser/desktop/waijung17_03a/utils/gnu_tools_arm_embedded/bin/../lib/gcc/arm-none-eabi/5.4.1/../../../../arm-none-eabi/lib/armv7e-m/fpu\libm.a(lib_a-s_lib_ver.o)
                              c:/users/labuser/desktop/waijung17_03a/utils/gnu_tools_arm_embedded/bin/../lib/gcc/arm-none-eabi/5.4.1/../../../../arm-none-eabi/lib/armv7e-m/fpu\libm.a(lib_a-w_fmod.o) (__fdlib_version)
c:/users/labuser/desktop/waijung17_03a/utils/gnu_tools_arm_embedded/bin/../lib/gcc/arm-none-eabi/5.4.1/../../../../arm-none-eabi/lib/armv7e-m/fpu\libm.a(lib_a-s_matherr.o)
                              c:/users/labuser/desktop/waijung17_03a/utils/gnu_tools_arm_embedded/bin/../lib/gcc/arm-none-eabi/5.4.1/../../../../arm-none-eabi/lib/armv7e-m/fpu\libm.a(lib_a-w_fmod.o) (matherr)
c:/users/labuser/desktop/waijung17_03a/utils/gnu_tools_arm_embedded/bin/../lib/gcc/arm-none-eabi/5.4.1/armv7e-m/fpu\libgcc.a(_arm_addsubdf3.o)
                              c:/users/labuser/desktop/waijung17_03a/utils/gnu_tools_arm_embedded/bin/../lib/gcc/arm-none-eabi/5.4.1/../../../../arm-none-eabi/lib/armv7e-m/fpu\libm.a(lib_a-s_floor.o) (__aeabi_dadd)
c:/users/labuser/desktop/waijung17_03a/utils/gnu_tools_arm_embedded/bin/../lib/gcc/arm-none-eabi/5.4.1/armv7e-m/fpu\libgcc.a(_arm_muldivdf3.o)
                              c:/users/labuser/desktop/waijung17_03a/utils/gnu_tools_arm_embedded/bin/../lib/gcc/arm-none-eabi/5.4.1/../../../../arm-none-eabi/lib/armv7e-m/fpu\libm.a(lib_a-e_fmod.o) (__aeabi_dmul)
c:/users/labuser/desktop/waijung17_03a/utils/gnu_tools_arm_embedded/bin/../lib/gcc/arm-none-eabi/5.4.1/armv7e-m/fpu\libgcc.a(_arm_cmpdf2.o)
                              SchlossBox.o (__aeabi_dcmpeq)
c:/users/labuser/desktop/waijung17_03a/utils/gnu_tools_arm_embedded/bin/../lib/gcc/arm-none-eabi/5.4.1/armv7e-m/fpu\libgcc.a(_arm_unorddf2.o)
                              c:/users/labuser/desktop/waijung17_03a/utils/gnu_tools_arm_embedded/bin/../lib/gcc/arm-none-eabi/5.4.1/../../../../arm-none-eabi/lib/armv7e-m/fpu\libm.a(lib_a-w_fmod.o) (__aeabi_dcmpun)
c:/users/labuser/desktop/waijung17_03a/utils/gnu_tools_arm_embedded/bin/../lib/gcc/arm-none-eabi/5.4.1/armv7e-m/fpu\libgcc.a(_arm_fixdfsi.o)
                              SchlossBox.o (__aeabi_d2iz)
c:/users/labuser/desktop/waijung17_03a/utils/gnu_tools_arm_embedded/bin/../lib/gcc/arm-none-eabi/5.4.1/armv7e-m/fpu\libgcc.a(_arm_fixunsdfsi.o)
                              SchlossBox.o (__aeabi_d2uiz)
c:/users/labuser/desktop/waijung17_03a/utils/gnu_tools_arm_embedded/bin/../lib/gcc/arm-none-eabi/5.4.1/../../../../arm-none-eabi/lib/armv7e-m/fpu\libg.a(lib_a-errno.o)
                              c:/users/labuser/desktop/waijung17_03a/utils/gnu_tools_arm_embedded/bin/../lib/gcc/arm-none-eabi/5.4.1/../../../../arm-none-eabi/lib/armv7e-m/fpu\libm.a(lib_a-w_fmod.o) (__errno)
c:/users/labuser/desktop/waijung17_03a/utils/gnu_tools_arm_embedded/bin/../lib/gcc/arm-none-eabi/5.4.1/../../../../arm-none-eabi/lib/armv7e-m/fpu\libg.a(lib_a-impure.o)
                              c:/users/labuser/desktop/waijung17_03a/utils/gnu_tools_arm_embedded/bin/../lib/gcc/arm-none-eabi/5.4.1/../../../../arm-none-eabi/lib/armv7e-m/fpu\libg.a(lib_a-errno.o) (_impure_ptr)
c:/users/labuser/desktop/waijung17_03a/utils/gnu_tools_arm_embedded/bin/../lib/gcc/arm-none-eabi/5.4.1/../../../../arm-none-eabi/lib/armv7e-m/fpu\libg.a(lib_a-memcpy.o)
                              waijung_hwdrvlib.o (memcpy)
c:/users/labuser/desktop/waijung17_03a/utils/gnu_tools_arm_embedded/bin/../lib/gcc/arm-none-eabi/5.4.1/../../../../arm-none-eabi/lib/armv7e-m/fpu\libg.a(lib_a-memset.o)
                              SchlossBox.o (memset)
c:/users/labuser/desktop/waijung17_03a/utils/gnu_tools_arm_embedded/bin/../lib/gcc/arm-none-eabi/5.4.1/../../../../arm-none-eabi/lib/armv7e-m/fpu\libg.a(lib_a-reent.o)
                              syscalls.o (errno)
c:/users/labuser/desktop/waijung17_03a/utils/gnu_tools_arm_embedded/bin/../lib/gcc/arm-none-eabi/5.4.1/../../../../arm-none-eabi/lib/armv7e-m/fpu\libg.a(lib_a-strncmp.o)
                              waijung_hwdrvlib.o (strncmp)
[...]
Memory Configuration

Name             Origin             Length             Attributes
FLASH            0x08000000         0x00100000         xr
RAM              0x20000000         0x00020000         xrw
AUX_RAM          0x2001c000         0x00004000         xrw
CCM_RAM          0x10000000         0x00010000         rw
BKP_RAM          0x40024000         0x00001000         xrw
*default*        0x00000000         0xffffffff

Linker script and memory map

LOAD startup_stm32f4xx.o
LOAD stm32f4xx_syscfg.o
LOAD SchlossBox.o
LOAD stm32f4xx_pwr.o
LOAD stm32f4xx_rcc.o
LOAD stm32f4xx_usart.o
LOAD syscalls.o
LOAD stm32f4xx_can.o
LOAD main.o
LOAD waijung_hwdrvlib.o
LOAD SchlossBox_can_isr.o
LOAD rtGetNaN.o
LOAD misc.o
LOAD stm32f4xx_it.o
LOAD system_stm32f4xx.o
LOAD rt_nonfinite.o
LOAD stm32f4xx_dma.o
LOAD rtGetInf.o
LOAD SchlossBox_data.o
LOAD SchlossBox_Debounce.o
LOAD stm32f4xx_gpio.o
LOAD c:/users/labuser/desktop/waijung17_03a/utils/gnu_tools_arm_embedded/bin/../lib/gcc/arm-none-eabi/5.4.1/../../../../arm-none-eabi/lib/armv7e-m/fpu\libstdc++.a
LOAD c:/users/labuser/desktop/waijung17_03a/utils/gnu_tools_arm_embedded/bin/../lib/gcc/arm-none-eabi/5.4.1/../../../../arm-none-eabi/lib/armv7e-m/fpu\libm.a
START GROUP
LOAD c:/users/labuser/desktop/waijung17_03a/utils/gnu_tools_arm_embedded/bin/../lib/gcc/arm-none-eabi/5.4.1/armv7e-m/fpu\libgcc.a
LOAD c:/users/labuser/desktop/waijung17_03a/utils/gnu_tools_arm_embedded/bin/../lib/gcc/arm-none-eabi/5.4.1/../../../../arm-none-eabi/lib/armv7e-m/fpu\libg.a
LOAD c:/users/labuser/desktop/waijung17_03a/utils/gnu_tools_arm_embedded/bin/../lib/gcc/arm-none-eabi/5.4.1/../../../../arm-none-eabi/lib/armv7e-m/fpu\libc.a
END GROUP
START GROUP
LOAD c:/users/labuser/desktop/waijung17_03a/utils/gnu_tools_arm_embedded/bin/../lib/gcc/arm-none-eabi/5.4.1/armv7e-m/fpu\libgcc.a
LOAD c:/users/labuser/desktop/waijung17_03a/utils/gnu_tools_arm_embedded/bin/../lib/gcc/arm-none-eabi/5.4.1/../../../../arm-none-eabi/lib/armv7e-m/fpu\libc.a
LOAD c:/users/labuser/desktop/waijung17_03a/utils/gnu_tools_arm_embedded/bin/../lib/gcc/arm-none-eabi/5.4.1/../../../../arm-none-eabi/lib/armv7e-m/fpu\libnosys.a
END GROUP

.text           0x08000000     0x537c
 *(.isr_vector)
 .isr_vector    0x08000000      0x188 startup_stm32f4xx.o
                0x08000000                __isr_vector
 *(.text*)
 .text          0x08000188      0x104 startup_stm32f4xx.o
                0x08000188                Reset_Handler
                0x080001e6                WWDG_IRQHandler
                0x080001e8                PVD_IRQHandler
                0x080001ea                TAMP_STAMP_IRQHandler
                0x080001ec                RTC_WKUP_IRQHandler
                0x080001ee                FLASH_IRQHandler
                0x080001f0                RCC_IRQHandler
                0x080001f2                EXTI0_IRQHandler
                0x080001f4                EXTI1_IRQHandler
                0x080001f6                EXTI2_IRQHandler
                0x080001f8                EXTI3_IRQHandler
                0x080001fa                EXTI4_IRQHandler
                0x080001fc                DMA1_Stream0_IRQHandler
                0x080001fe                DMA1_Stream1_IRQHandler
                0x08000200                DMA1_Stream2_IRQHandler
                0x08000202                DMA1_Stream3_IRQHandler
                0x08000204                DMA1_Stream4_IRQHandler
                0x08000206                DMA1_Stream5_IRQHandler
                0x08000208                DMA1_Stream6_IRQHandler
                0x0800020a                ADC_IRQHandler
                0x0800020c                CAN1_TX_IRQHandler
                0x08000210                CAN1_RX1_IRQHandler
                0x08000212                CAN1_SCE_IRQHandler
                0x08000214                EXTI9_5_IRQHandler
                0x08000216                TIM1_BRK_TIM9_IRQHandler
                0x08000218                TIM1_UP_TIM10_IRQHandler
                0x0800021a                TIM1_TRG_COM_TIM11_IRQHandler
                0x0800021c                TIM1_CC_IRQHandler
                0x0800021e                TIM2_IRQHandler
                0x08000220                TIM3_IRQHandler
                0x08000222                TIM4_IRQHandler
                0x08000224                I2C1_EV_IRQHandler
                0x08000226                I2C1_ER_IRQHandler
                0x08000228                I2C2_EV_IRQHandler
                0x0800022a                I2C2_ER_IRQHandler
                0x0800022c                SPI1_IRQHandler
                0x0800022e                SPI2_IRQHandler
                0x08000230                USART1_IRQHandler
                0x08000232                USART2_IRQHandler
                0x08000234                USART3_IRQHandler
                0x08000236                EXTI15_10_IRQHandler
                0x08000238                RTC_Alarm_IRQHandler
                0x0800023a                OTG_FS_WKUP_IRQHandler
                0x0800023c                TIM8_BRK_TIM12_IRQHandler
                0x0800023e                TIM8_UP_TIM13_IRQHandler
                0x08000240                TIM8_TRG_COM_TIM14_IRQHandler
                0x08000242                TIM8_CC_IRQHandler
                0x08000244                DMA1_Stream7_IRQHandler
                0x08000246                FSMC_IRQHandler
                0x08000248                SDIO_IRQHandler
                0x0800024a                TIM5_IRQHandler
                0x0800024c                SPI3_IRQHandler
                0x0800024e                UART4_IRQHandler
                0x08000250                UART5_IRQHandler
                0x08000252                TIM6_DAC_IRQHandler
                0x08000254                TIM7_IRQHandler
                0x08000256                DMA2_Stream0_IRQHandler
                0x08000258                DMA2_Stream1_IRQHandler
                0x0800025a                DMA2_Stream2_IRQHandler
                0x0800025c                DMA2_Stream3_IRQHandler
                0x0800025e                DMA2_Stream4_IRQHandler
                0x08000260                ETH_IRQHandler
                0x08000262                ETH_WKUP_IRQHandler
                0x08000264                CAN2_TX_IRQHandler
                0x08000266                CAN2_RX0_IRQHandler
                0x08000268                CAN2_RX1_IRQHandler
                0x0800026a                CAN2_SCE_IRQHandler
                0x0800026c                OTG_FS_IRQHandler
                0x0800026e                DMA2_Stream5_IRQHandler
                0x08000270                DMA2_Stream6_IRQHandler
                0x08000272                DMA2_Stream7_IRQHandler
                0x08000274                USART6_IRQHandler
                0x08000276                I2C3_EV_IRQHandler
                0x08000278                I2C3_ER_IRQHandler
                0x0800027a                OTG_HS_EP1_OUT_IRQHandler
                0x0800027c                OTG_HS_EP1_IN_IRQHandler
                0x0800027e                OTG_HS_WKUP_IRQHandler
                0x08000280                OTG_HS_IRQHandler
                0x08000282                DCMI_IRQHandler
                0x08000284                CRYP_IRQHandler
                0x08000286                HASH_RNG_IRQHandler
                0x08000288                FPU_IRQHandler
 .text          0x0800028c       0x8c stm32f4xx_syscfg.o
                0x0800028c                SYSCFG_DeInit
                0x080002a8                SYSCFG_MemoryRemapConfig
                0x080002b4                SYSCFG_MemorySwappingBank
                0x080002c0                SYSCFG_EXTILineConfig
                0x080002f0                SYSCFG_ETH_MediaInterfaceConfig
                0x080002fc                SYSCFG_CompensationCellCmd
                0x08000308                SYSCFG_GetCompensationCellStatus
 .text          0x08000318      0x55c SchlossBox.o
                0x08000318                SchlossBox_step
                0x08000810                SchlossBox_initialize
                0x08000870                SchlossBox_terminate
 .text          0x08000874      0x178 stm32f4xx_pwr.o
                0x08000874                PWR_DeInit
                0x08000890                PWR_BackupAccessCmd
                0x0800089c                PWR_PVDLevelConfig
                0x080008b0                PWR_PVDCmd
                0x080008bc                PWR_WakeUpPinCmd
                0x080008c8                PWR_BackupRegulatorCmd
                0x080008d4                PWR_MainRegulatorModeConfig
                0x080008e8                PWR_OverDriveCmd
                0x080008f4                PWR_OverDriveSWCmd
                0x08000900                PWR_UnderDriveCmd
                0x0800091c                PWR_FlashPowerDownCmd
                0x08000928                PWR_EnterSTOPMode
                0x08000968                PWR_EnterUnderDriveSTOPMode
                0x080009a8                PWR_EnterSTANDBYMode
                0x080009c8                PWR_GetFlagStatus
                0x080009dc                PWR_ClearFlag
 .text          0x080009ec      0x598 stm32f4xx_rcc.o
                0x080009ec                RCC_DeInit
                0x08000a3c                RCC_HSEConfig
                0x08000a4c                RCC_WaitForHSEStartUp
                0x08000a80                RCC_AdjustHSICalibrationValue
                0x08000a94                RCC_HSICmd
                0x08000aa0                RCC_LSEConfig
                0x08000ac0                RCC_LSICmd
                0x08000acc                RCC_PLLConfig
                0x08000af0                RCC_PLLCmd
                0x08000afc                RCC_PLLI2SConfig
                0x08000b10                RCC_PLLI2SCmd
                0x08000b1c                RCC_PLLSAIConfig
                0x08000b34                RCC_PLLSAICmd
                0x08000b40                RCC_ClockSecuritySystemCmd
                0x08000b4c                RCC_MCO1Config
                0x08000b60                RCC_MCO2Config
                0x08000b74                RCC_SYSCLKConfig
                0x08000b88                RCC_GetSYSCLKSource
                0x08000b98                RCC_HCLKConfig
                0x08000bac                RCC_PCLK1Config
                0x08000bc0                RCC_PCLK2Config
                0x08000bd4                RCC_GetClocksFreq
                0x08000c6c                RCC_RTCCLKConfig
                0x08000c9c                RCC_RTCCLKCmd
                0x08000ca8                RCC_BackupResetCmd
                0x08000cb4                RCC_I2SCLKConfig
                0x08000cc0                RCC_SAIBlockACLKConfig
                0x08000cd8                RCC_SAIBlockBCLKConfig
                0x08000cf0                RCC_SAIPLLI2SClkDivConfig
                0x08000d08                RCC_SAIPLLSAIClkDivConfig
                0x08000d24                RCC_LTDCCLKDivConfig
                0x08000d3c                RCC_TIMCLKPresConfig
                0x08000d48                RCC_AHB1PeriphClockCmd
                0x08000d64                RCC_AHB2PeriphClockCmd
                0x08000d80                RCC_AHB3PeriphClockCmd
                0x08000d9c                RCC_APB1PeriphClockCmd
                0x08000db8                RCC_APB2PeriphClockCmd
                0x08000dd4                RCC_AHB1PeriphResetCmd
                0x08000df0                RCC_AHB2PeriphResetCmd
                0x08000e0c                RCC_AHB3PeriphResetCmd
                0x08000e28                RCC_APB1PeriphResetCmd
                0x08000e44                RCC_APB2PeriphResetCmd
                0x08000e60                RCC_AHB1PeriphClockLPModeCmd
                0x08000e7c                RCC_AHB2PeriphClockLPModeCmd
                0x08000e98                RCC_AHB3PeriphClockLPModeCmd
                0x08000eb4                RCC_APB1PeriphClockLPModeCmd
                0x08000ed0                RCC_APB2PeriphClockLPModeCmd
                0x08000eec                RCC_LSEModeConfig
                0x08000f04                RCC_ITConfig
                0x08000f20                RCC_GetFlagStatus
                0x08000f54                RCC_ClearFlag
                0x08000f64                RCC_GetITStatus
                0x08000f78                RCC_ClearITPendingBit
 .text          0x08000f84      0x478 stm32f4xx_usart.o
                0x08000f84                USART_DeInit
                0x08001090                USART_Init
                0x08001154                USART_StructInit
                0x0800116c                USART_ClockInit
                0x08001190                USART_ClockStructInit
                0x0800119c                USART_Cmd
                0x080011b8                USART_SetPrescaler
                0x080011cc                USART_OverSampling8Cmd
                0x080011e8                USART_OneBitMethodCmd
                0x08001204                USART_SendData
                0x0800120c                USART_ReceiveData
                0x08001214                USART_SetAddress
                0x0800122c                USART_ReceiverWakeUpCmd
                0x08001248                USART_WakeUpConfig
                0x08001260                USART_LINBreakDetectLengthConfig
                0x08001278                USART_LINCmd
                0x08001294                USART_SendBreak
                0x080012a0                USART_HalfDuplexCmd
                0x080012bc                USART_SetGuardTime
                0x080012d0                USART_SmartCardCmd
                0x080012ec                USART_SmartCardNACKCmd
                0x08001308                USART_IrDAConfig
                0x08001320                USART_IrDACmd
                0x0800133c                USART_DMACmd
                0x08001350                USART_ITConfig
                0x0800138c                USART_GetFlagStatus
                0x08001398                USART_ClearFlag
                0x080013a0                USART_GetITStatus
                0x080013ec                USART_ClearITPendingBit
 .text          0x080013fc       0xd0 syscalls.o
                0x080013fc                _exit
                0x08001400                _close
                0x08001408                _execve
                0x08001418                _fork
                0x08001428                _fstat
                0x08001434                _getpid
                0x08001438                _isatty
                0x0800143c                _kill
                0x0800144c                _link
                0x0800145c                _lseek
                0x08001460                _sbrk
                0x08001498                _read
                0x0800149c                _stat
                0x080014a8                _unlink
                0x080014b8                _wait
                0x080014c8                _write
 .text          0x080014cc      0x808 stm32f4xx_can.o
                0x080014cc                CAN_DeInit
                0x08001508                CAN_Init
                0x080015f4                CAN_FilterInit
                0x080016e8                CAN_StructInit
                0x08001710                CAN_SlaveStartBank
                0x0800174c                CAN_DBGFreeze
                0x08001760                CAN_TTComModeCmd
                0x080017bc                CAN_Transmit
                0x08001868                CAN_TransmitStatus
                0x080018b8                CAN_CancelTransmit
                0x080018e4                CAN_Receive
                0x08001984                CAN_FIFORelease
                0x0800199c                CAN_MessagePending
                0x080019b4                CAN_OperatingModeRequest
                0x08001a68                CAN_Sleep
                0x08001a88                CAN_WakeUp
                0x08001ab4                CAN_GetLastErrorCode
                0x08001abc                CAN_GetReceiveErrorCounter
                0x08001ac4                CAN_GetLSBTransmitErrorCounter
                0x08001acc                CAN_ITConfig
                0x08001ae0                CAN_GetFlagStatus
                0x08001b34                CAN_ClearFlag
                0x08001b64                CAN_GetITStatus
                0x08001c48                CAN_ClearITPendingBit
 .text          0x08001cd4       0x20 main.o
                0x08001cd4                rt_OneStep
                0x08001ce4                SysTick_Handler
 .text.startup  0x08001cf4       0x4c main.o
                0x08001cf4                main
 .text          0x08001d40     0x1274 waijung_hwdrvlib.o
                0x08001d40                CANReceive_filter_isr
                0x08001da0                CANReceive1_filter_isr
                0x08002028                CANx_Transmit
                0x080020ec                enable_CANTransmit
                0x08002114                disable_CANTransmit
                0x08002118                enable_CANTransmit_b
                0x08002140                disable_CANTransmit_b
                0x08002144                UART2_RestoreBytes
                0x08002174                UART2_Read
                0x080021e0                UART2_ReadEx
                0x080022cc                UART2_ReadLine
                0x08002498                UART2_ReadBinary
                0x080026e0                UART2_FlushTxBuffer
                0x08002738                UART2_Write
                0x080027d0                UART2_TxUpdate
                0x08002858                waijung_usart2_initial
                0x08002868                enable_UARTSetup
                0x08002878                SysTimer_Start
                0x080028a0                SysTimer_IsTimeout
                0x080028c0                SysTimer_uS_Start
                0x080028e4                SysTimer_uS_IsTimeout
                0x08002954                SysTimer_delay_us
                0x080029b0                SysTimer_delay_ms
                0x080029f8                enable_DigitalInput
                0x08002a28                CAN1_Filter_Hook
                0x08002ac4                CAN1_Filter_Free
                0x08002ad8                CAN1_RX0_IRQHandler
                0x08002b18                CANReceive_Msg_Buffer_Count
                0x08002b64                CANReceive_GetMsg
                0x08002bec                enable_CANReceive
                0x08002d04                disable_CANReceive
                0x08002d38                CANReceive1_Msg_Buffer_Count
                0x08002d84                CANReceive1_GetMsg
                0x08002e0c                enable_CANReceive1
                0x08002f24                disable_CANReceive1
                0x08002f58                enable_DigitalOutput
                0x08002f90                waijung_can1_initial
                0x08002fa0                enable_CANSetup
                0x08002fb0                disable_CANSetup
 .text          0x08002fb4        0x0 SchlossBox_can_isr.o
 *fill*         0x08002fb4        0x4 
 .text          0x08002fb8       0x1c rtGetNaN.o
                0x08002fb8                rtGetNaN
                0x08002fc8                rtGetNaNF
 .text          0x08002fd4       0xc8 misc.o
                0x08002fd4                NVIC_PriorityGroupConfig
                0x08002fe8                NVIC_Init
                0x08003058                NVIC_SetVectorTable
                0x0800306c                NVIC_SystemLPConfig
                0x08003084                SysTick_CLKSourceConfig
 .text          0x0800309c       0x38 stm32f4xx_it.o
                0x0800309c                NMI_Handler
                0x080030a0                MemManage_Handler
                0x080030a4                BusFault_Handler
                0x080030bc                HardFault_Handler
                0x080030c4                UsageFault_Handler
                0x080030c8                SVC_Handler
                0x080030cc                DebugMon_Handler
                0x080030d0                PendSV_Handler
 .text          0x080030d4      0x174 system_stm32f4xx.o
                0x080030d4                SystemInit
                0x080031d4                SystemCoreClockUpdate
 .text          0x08003248       0xd8 rt_nonfinite.o
                0x08003248                rt_InitInfAndNaN
                0x080032a0                rtIsInf
                0x080032e4                rtIsInfF
                0x08003318                rtIsNaN
                0x0800331c                rtIsNaNF
 .text          0x08003320      0x378 stm32f4xx_dma.o
                0x08003320                DMA_DeInit
                0x08003450                DMA_Init
                0x080034a8                DMA_StructInit
                0x080034cc                DMA_Cmd
                0x080034e0                DMA_PeriphIncOffsetSizeConfig
                0x080034f4                DMA_FlowControllerConfig
                0x08003508                DMA_SetCurrDataCounter
                0x0800350c                DMA_GetCurrDataCounter
                0x08003514                DMA_DoubleBufferModeConfig
                0x0800352c                DMA_DoubleBufferModeCmd
                0x08003540                DMA_MemoryTargetConfig
                0x0800354c                DMA_GetCurrentMemoryTarget
                0x08003554                DMA_GetCmdStatus
                0x0800355c                DMA_GetFIFOStatus
                0x08003564                DMA_GetFlagStatus
                0x080035a0                DMA_ClearFlag
                0x080035d4                DMA_ITConfig
                0x08003614                DMA_GetITStatus
                0x08003664                DMA_ClearITPendingBit
 .text          0x08003698       0x3c rtGetInf.o
                0x08003698                rtGetInf
                0x080036a8                rtGetInfF
                0x080036b4                rtGetMinusInf
                0x080036c8                rtGetMinusInfF
 .text          0x080036d4        0x0 SchlossBox_data.o
 .text          0x080036d4       0xbc SchlossBox_Debounce.o
                0x080036d4                SchlossBox_EnabledSubsystem
                0x080036e0                SchlossBox_Debounce
 .text          0x08003790      0x2ac stm32f4xx_gpio.o
                0x08003790                GPIO_DeInit
                0x080038ec                GPIO_Init
                0x08003990                GPIO_StructInit
                0x080039a4                GPIO_PinLockConfig
                0x080039c8                GPIO_ReadInputDataBit
                0x080039d4                GPIO_ReadInputData
                0x080039dc                GPIO_ReadOutputDataBit
                0x080039e8                GPIO_ReadOutputData
                0x080039f0                GPIO_SetBits
                0x080039f4                GPIO_ResetBits
                0x080039f8                GPIO_WriteBit
                0x08003a04                GPIO_Write
                0x08003a08                GPIO_ToggleBits
                0x08003a10                GPIO_PinAFConfig
 .text          0x08003a3c        0x0 c:/users/labuser/desktop/waijung17_03a/utils/gnu_tools_arm_embedded/bin/../lib/gcc/arm-none-eabi/5.4.1/../../../../arm-none-eabi/lib/armv7e-m/fpu\libm.a(lib_a-s_floor.o)
 *fill*         0x08003a3c        0x4 
 .text.floor    0x08003a40      0x120 c:/users/labuser/desktop/waijung17_03a/utils/gnu_tools_arm_embedded/bin/../lib/gcc/arm-none-eabi/5.4.1/../../../../arm-none-eabi/lib/armv7e-m/fpu\libm.a(lib_a-s_floor.o)
                0x08003a40                floor
 .text          0x08003b60        0x0 c:/users/labuser/desktop/waijung17_03a/utils/gnu_tools_arm_embedded/bin/../lib/gcc/arm-none-eabi/5.4.1/../../../../arm-none-eabi/lib/armv7e-m/fpu\libm.a(lib_a-w_fmod.o)
 .text.fmod     0x08003b60       0xd8 c:/users/labuser/desktop/waijung17_03a/utils/gnu_tools_arm_embedded/bin/../lib/gcc/arm-none-eabi/5.4.1/../../../../arm-none-eabi/lib/armv7e-m/fpu\libm.a(lib_a-w_fmod.o)
                0x08003b60                fmod
 .text          0x08003c38        0x0 c:/users/labuser/desktop/waijung17_03a/utils/gnu_tools_arm_embedded/bin/../lib/gcc/arm-none-eabi/5.4.1/../../../../arm-none-eabi/lib/armv7e-m/fpu\libm.a(lib_a-e_fmod.o)
 .text.__ieee754_fmod
                0x08003c38      0x274 c:/users/labuser/desktop/waijung17_03a/utils/gnu_tools_arm_embedded/bin/../lib/gcc/arm-none-eabi/5.4.1/../../../../arm-none-eabi/lib/armv7e-m/fpu\libm.a(lib_a-e_fmod.o)
                0x08003c38                __ieee754_fmod
 .text          0x08003eac        0x0 c:/users/labuser/desktop/waijung17_03a/utils/gnu_tools_arm_embedded/bin/../lib/gcc/arm-none-eabi/5.4.1/../../../../arm-none-eabi/lib/armv7e-m/fpu\libm.a(lib_a-s_lib_ver.o)
 .text          0x08003eac        0x0 c:/users/labuser/desktop/waijung17_03a/utils/gnu_tools_arm_embedded/bin/../lib/gcc/arm-none-eabi/5.4.1/../../../../arm-none-eabi/lib/armv7e-m/fpu\libm.a(lib_a-s_matherr.o)
 .text.matherr  0x08003eac        0x4 c:/users/labuser/desktop/waijung17_03a/utils/gnu_tools_arm_embedded/bin/../lib/gcc/arm-none-eabi/5.4.1/../../../../arm-none-eabi/lib/armv7e-m/fpu\libm.a(lib_a-s_matherr.o)
                0x08003eac                matherr
 .text          0x08003eb0      0x370 c:/users/labuser/desktop/waijung17_03a/utils/gnu_tools_arm_embedded/bin/../lib/gcc/arm-none-eabi/5.4.1/armv7e-m/fpu\libgcc.a(_arm_addsubdf3.o)
                0x08003eb0                __aeabi_drsub
                0x08003eb8                __aeabi_dsub
                0x08003eb8                __subdf3
                0x08003ebc                __aeabi_dadd
                0x08003ebc                __adddf3
                0x08004134                __floatunsidf
                0x08004134                __aeabi_ui2d
                0x08004154                __floatsidf
                0x08004154                __aeabi_i2d
                0x08004178                __aeabi_f2d
                0x08004178                __extendsfdf2
                0x080041b4                __floatundidf
                0x080041b4                __aeabi_ul2d
                0x080041c4                __floatdidf
                0x080041c4                __aeabi_l2d
 .text          0x08004220      0x424 c:/users/labuser/desktop/waijung17_03a/utils/gnu_tools_arm_embedded/bin/../lib/gcc/arm-none-eabi/5.4.1/armv7e-m/fpu\libgcc.a(_arm_muldivdf3.o)
                0x08004220                __aeabi_dmul
                0x08004220                __muldf3
                0x08004474                __divdf3
                0x08004474                __aeabi_ddiv
 .text          0x08004644      0x110 c:/users/labuser/desktop/waijung17_03a/utils/gnu_tools_arm_embedded/bin/../lib/gcc/arm-none-eabi/5.4.1/armv7e-m/fpu\libgcc.a(_arm_cmpdf2.o)
                0x08004644                __gtdf2
                0x08004644                __gedf2
                0x0800464c                __ltdf2
                0x0800464c                __ledf2
                0x08004654                __nedf2
                0x08004654                __eqdf2
                0x08004654                __cmpdf2
                0x080046d0                __aeabi_cdrcmple
                0x080046e0                __aeabi_cdcmpeq
                0x080046e0                __aeabi_cdcmple
                0x080046f0                __aeabi_dcmpeq
                0x08004704                __aeabi_dcmplt
                0x08004718                __aeabi_dcmple
                0x0800472c                __aeabi_dcmpge
                0x08004740                __aeabi_dcmpgt
 .text          0x08004754       0x2c c:/users/labuser/desktop/waijung17_03a/utils/gnu_tools_arm_embedded/bin/../lib/gcc/arm-none-eabi/5.4.1/armv7e-m/fpu\libgcc.a(_arm_unorddf2.o)
                0x08004754                __unorddf2
                0x08004754                __aeabi_dcmpun
 .text          0x08004780       0x50 c:/users/labuser/desktop/waijung17_03a/utils/gnu_tools_arm_embedded/bin/../lib/gcc/arm-none-eabi/5.4.1/armv7e-m/fpu\libgcc.a(_arm_fixdfsi.o)
                0x08004780                __aeabi_d2iz
                0x08004780                __fixdfsi
 .text          0x080047d0       0x40 c:/users/labuser/desktop/waijung17_03a/utils/gnu_tools_arm_embedded/bin/../lib/gcc/arm-none-eabi/5.4.1/armv7e-m/fpu\libgcc.a(_arm_fixunsdfsi.o)
                0x080047d0                __aeabi_d2uiz
                0x080047d0                __fixunsdfsi
 .text          0x08004810        0x0 c:/users/labuser/desktop/waijung17_03a/utils/gnu_tools_arm_embedded/bin/../lib/gcc/arm-none-eabi/5.4.1/../../../../arm-none-eabi/lib/armv7e-m/fpu\libg.a(lib_a-errno.o)
 .text.__errno  0x08004810        0xc c:/users/labuser/desktop/waijung17_03a/utils/gnu_tools_arm_embedded/bin/../lib/gcc/arm-none-eabi/5.4.1/../../../../arm-none-eabi/lib/armv7e-m/fpu\libg.a(lib_a-errno.o)
                0x08004810                __errno
 .text          0x0800481c        0x0 c:/users/labuser/desktop/waijung17_03a/utils/gnu_tools_arm_embedded/bin/../lib/gcc/arm-none-eabi/5.4.1/../../../../arm-none-eabi/lib/armv7e-m/fpu\libg.a(lib_a-impure.o)
 .text          0x0800481c      0x134 c:/users/labuser/desktop/waijung17_03a/utils/gnu_tools_arm_embedded/bin/../lib/gcc/arm-none-eabi/5.4.1/../../../../arm-none-eabi/lib/armv7e-m/fpu\libg.a(lib_a-memcpy.o)
                0x0800481c                memcpy
 .text          0x08004950        0x0 c:/users/labuser/desktop/waijung17_03a/utils/gnu_tools_arm_embedded/bin/../lib/gcc/arm-none-eabi/5.4.1/../../../../arm-none-eabi/lib/armv7e-m/fpu\libg.a(lib_a-memset.o)
 .text.memset   0x08004950       0x9c c:/users/labuser/desktop/waijung17_03a/utils/gnu_tools_arm_embedded/bin/../lib/gcc/arm-none-eabi/5.4.1/../../../../arm-none-eabi/lib/armv7e-m/fpu\libg.a(lib_a-memset.o)
                0x08004950                memset
 .text          0x080049ec        0x0 c:/users/labuser/desktop/waijung17_03a/utils/gnu_tools_arm_embedded/bin/../lib/gcc/arm-none-eabi/5.4.1/../../../../arm-none-eabi/lib/armv7e-m/fpu\libg.a(lib_a-reent.o)
 .text.cleanup_glue
                0x080049ec       0x1c c:/users/labuser/desktop/waijung17_03a/utils/gnu_tools_arm_embedded/bin/../lib/gcc/arm-none-eabi/5.4.1/../../../../arm-none-eabi/lib/armv7e-m/fpu\libg.a(lib_a-reent.o)
                0x080049ec                cleanup_glue
 .text._reclaim_reent
                0x08004a08       0x88 c:/users/labuser/desktop/waijung17_03a/utils/gnu_tools_arm_embedded/bin/../lib/gcc/arm-none-eabi/5.4.1/../../../../arm-none-eabi/lib/armv7e-m/fpu\libg.a(lib_a-reent.o)
                0x08004a08                _reclaim_reent
 .text          0x08004a90        0x0 c:/users/labuser/desktop/waijung17_03a/utils/gnu_tools_arm_embedded/bin/../lib/gcc/arm-none-eabi/5.4.1/../../../../arm-none-eabi/lib/armv7e-m/fpu\libg.a(lib_a-strncmp.o)
 .text.strncmp  0x08004a90       0xa0 c:/users/labuser/desktop/waijung17_03a/utils/gnu_tools_arm_embedded/bin/../lib/gcc/arm-none-eabi/5.4.1/../../../../arm-none-eabi/lib/armv7e-m/fpu\libg.a(lib_a-strncmp.o)
                0x08004a90                strncmp
 .text          0x08004b30        0x0 c:/users/labuser/desktop/waijung17_03a/utils/gnu_tools_arm_embedded/bin/../lib/gcc/arm-none-eabi/5.4.1/../../../../arm-none-eabi/lib/armv7e-m/fpu\libg.a(lib_a-freer.o)
 .text._malloc_trim_r
                0x08004b30       0x9c c:/users/labuser/desktop/waijung17_03a/utils/gnu_tools_arm_embedded/bin/../lib/gcc/arm-none-eabi/5.4.1/../../../../arm-none-eabi/lib/armv7e-m/fpu\libg.a(lib_a-freer.o)
                0x08004b30                _malloc_trim_r
 .text._free_r  0x08004bcc      0x1d0 c:/users/labuser/desktop/waijung17_03a/utils/gnu_tools_arm_embedded/bin/../lib/gcc/arm-none-eabi/5.4.1/../../../../arm-none-eabi/lib/armv7e-m/fpu\libg.a(lib_a-freer.o)
                0x08004bcc                _free_r
 .text          0x08004d9c        0x0 c:/users/labuser/desktop/waijung17_03a/utils/gnu_tools_arm_embedded/bin/../lib/gcc/arm-none-eabi/5.4.1/../../../../arm-none-eabi/lib/armv7e-m/fpu\libg.a(lib_a-mallocr.o)
 .text._malloc_r
                0x08004d9c      0x570 c:/users/labuser/desktop/waijung17_03a/utils/gnu_tools_arm_embedded/bin/../lib/gcc/arm-none-eabi/5.4.1/../../../../arm-none-eabi/lib/armv7e-m/fpu\libg.a(lib_a-mallocr.o)
                0x08004d9c                _malloc_r
 .text          0x0800530c        0x0 c:/users/labuser/desktop/waijung17_03a/utils/gnu_tools_arm_embedded/bin/../lib/gcc/arm-none-eabi/5.4.1/../../../../arm-none-eabi/lib/armv7e-m/fpu\libg.a(lib_a-mlock.o)
 .text.__malloc_lock
                0x0800530c        0x4 c:/users/labuser/desktop/waijung17_03a/utils/gnu_tools_arm_embedded/bin/../lib/gcc/arm-none-eabi/5.4.1/../../../../arm-none-eabi/lib/armv7e-m/fpu\libg.a(lib_a-mlock.o)
                0x0800530c                __malloc_lock
 .text.__malloc_unlock
                0x08005310        0x4 c:/users/labuser/desktop/waijung17_03a/utils/gnu_tools_arm_embedded/bin/../lib/gcc/arm-none-eabi/5.4.1/../../../../arm-none-eabi/lib/armv7e-m/fpu\libg.a(lib_a-mlock.o)
                0x08005310                __malloc_unlock
 .text          0x08005314        0x0 c:/users/labuser/desktop/waijung17_03a/utils/gnu_tools_arm_embedded/bin/../lib/gcc/arm-none-eabi/5.4.1/../../../../arm-none-eabi/lib/armv7e-m/fpu\libg.a(lib_a-sbrkr.o)
 .text._sbrk_r  0x08005314       0x24 c:/users/labuser/desktop/waijung17_03a/utils/gnu_tools_arm_embedded/bin/../lib/gcc/arm-none-eabi/5.4.1/../../../../arm-none-eabi/lib/armv7e-m/fpu\libg.a(lib_a-sbrkr.o)
                0x08005314                _sbrk_r
 *(.init)
 *(.fini)
 *crtbegin.o(.ctors)
 *crtbegin?.o(.ctors)
 *(EXCLUDE_FILE(*crtend.o *crtend?.o) .ctors)
 *(SORT(.ctors.*))
 *(.ctors)
 *crtbegin.o(.dtors)
 *crtbegin?.o(.dtors)
 *(EXCLUDE_FILE(*crtend.o *crtend?.o) .dtors)
 *(SORT(.dtors.*))
 *(.dtors)
 *(.rodata*)
 .rodata        0x08005338        0x4 SchlossBox.o
                0x08005338                SchlossBox_M
 .rodata        0x0800533c       0x10 waijung_hwdrvlib.o
 *fill*         0x0800534c        0x4 
 .rodata        0x08005350       0x10 SchlossBox_data.o
                0x08005350                SchlossBox_ConstP
 .rodata.str1.4
                0x08005360        0x8 c:/users/labuser/desktop/waijung17_03a/utils/gnu_tools_arm_embedded/bin/../lib/gcc/arm-none-eabi/5.4.1/../../../../arm-none-eabi/lib/armv7e-m/fpu\libm.a(lib_a-w_fmod.o)
                                  0x5 (size before relaxing)
 .rodata.Zero   0x08005368       0x10 c:/users/labuser/desktop/waijung17_03a/utils/gnu_tools_arm_embedded/bin/../lib/gcc/arm-none-eabi/5.4.1/../../../../arm-none-eabi/lib/armv7e-m/fpu\libm.a(lib_a-e_fmod.o)
 .rodata._global_impure_ptr
                0x08005378        0x4 c:/users/labuser/desktop/waijung17_03a/utils/gnu_tools_arm_embedded/bin/../lib/gcc/arm-none-eabi/5.4.1/../../../../arm-none-eabi/lib/armv7e-m/fpu\libg.a(lib_a-impure.o)
                0x08005378                _global_impure_ptr
 *(.eh_frame*)

.glue_7         0x0800537c        0x0
 .glue_7        0x0800537c        0x0 linker stubs

.glue_7t        0x0800537c        0x0
 .glue_7t       0x0800537c        0x0 linker stubs

.vfp11_veneer   0x0800537c        0x0
 .vfp11_veneer  0x0800537c        0x0 linker stubs

.v4_bx          0x0800537c        0x0
 .v4_bx         0x0800537c        0x0 linker stubs

.iplt           0x0800537c        0x0
 .iplt          0x0800537c        0x0 startup_stm32f4xx.o

.rel.dyn        0x0800537c        0x0
 .rel.iplt      0x0800537c        0x0 startup_stm32f4xx.o

.ARM.extab
 *(.ARM.extab* .gnu.linkonce.armextab.*)
                0x0800537c                __exidx_start = .

.ARM.exidx
 *(.ARM.exidx* .gnu.linkonce.armexidx.*)
                0x0800537c                __exidx_end = .
                0x0800537c                __etext = .

.data           0x20000000      0x86c load address 0x0800537c
                0x20000000                __data_start__ = .
 *(vtable)
 *(.data*)
 .data          0x20000000        0x0 startup_stm32f4xx.o
 .data          0x20000000        0x0 stm32f4xx_syscfg.o
 .data          0x20000000        0x0 SchlossBox.o
 .data          0x20000000        0x0 stm32f4xx_pwr.o
 .data          0x20000000       0x10 stm32f4xx_rcc.o
 .data          0x20000010        0x0 stm32f4xx_usart.o
 .data          0x20000010        0x4 syscalls.o
                0x20000010                environ
 .data          0x20000014        0x0 stm32f4xx_can.o
 .data          0x20000014        0x4 main.o
                0x20000014                systick_count
 .data          0x20000018        0x0 waijung_hwdrvlib.o
 .data          0x20000018        0x0 SchlossBox_can_isr.o
 .data          0x20000018        0x0 rtGetNaN.o
 .data          0x20000018        0x0 misc.o
 .data          0x20000018        0x0 stm32f4xx_it.o
 .data          0x20000018       0x14 system_stm32f4xx.o
                0x20000018                AHBPrescTable
                0x20000028                SystemCoreClock
 .data          0x2000002c        0x0 rt_nonfinite.o
 .data          0x2000002c        0x0 stm32f4xx_dma.o
 .data          0x2000002c        0x0 rtGetInf.o
 .data          0x2000002c        0x0 SchlossBox_data.o
 .data          0x2000002c        0x0 SchlossBox_Debounce.o
 .data          0x2000002c        0x0 stm32f4xx_gpio.o
 .data          0x2000002c        0x0 c:/users/labuser/desktop/waijung17_03a/utils/gnu_tools_arm_embedded/bin/../lib/gcc/arm-none-eabi/5.4.1/../../../../arm-none-eabi/lib/armv7e-m/fpu\libm.a(lib_a-s_floor.o)
 .data          0x2000002c        0x0 c:/users/labuser/desktop/waijung17_03a/utils/gnu_tools_arm_embedded/bin/../lib/gcc/arm-none-eabi/5.4.1/../../../../arm-none-eabi/lib/armv7e-m/fpu\libm.a(lib_a-w_fmod.o)
 .data          0x2000002c        0x0 c:/users/labuser/desktop/waijung17_03a/utils/gnu_tools_arm_embedded/bin/../lib/gcc/arm-none-eabi/5.4.1/../../../../arm-none-eabi/lib/armv7e-m/fpu\libm.a(lib_a-e_fmod.o)
 .data          0x2000002c        0x0 c:/users/labuser/desktop/waijung17_03a/utils/gnu_tools_arm_embedded/bin/../lib/gcc/arm-none-eabi/5.4.1/../../../../arm-none-eabi/lib/armv7e-m/fpu\libm.a(lib_a-s_lib_ver.o)
 .data.__fdlib_version
                0x2000002c        0x1 c:/users/labuser/desktop/waijung17_03a/utils/gnu_tools_arm_embedded/bin/../lib/gcc/arm-none-eabi/5.4.1/../../../../arm-none-eabi/lib/armv7e-m/fpu\libm.a(lib_a-s_lib_ver.o)
                0x2000002c                __fdlib_version
 .data          0x2000002d        0x0 c:/users/labuser/desktop/waijung17_03a/utils/gnu_tools_arm_embedded/bin/../lib/gcc/arm-none-eabi/5.4.1/../../../../arm-none-eabi/lib/armv7e-m/fpu\libm.a(lib_a-s_matherr.o)
 .data          0x2000002d        0x0 c:/users/labuser/desktop/waijung17_03a/utils/gnu_tools_arm_embedded/bin/../lib/gcc/arm-none-eabi/5.4.1/armv7e-m/fpu\libgcc.a(_arm_addsubdf3.o)
 .data          0x2000002d        0x0 c:/users/labuser/desktop/waijung17_03a/utils/gnu_tools_arm_embedded/bin/../lib/gcc/arm-none-eabi/5.4.1/armv7e-m/fpu\libgcc.a(_arm_muldivdf3.o)
 .data          0x2000002d        0x0 c:/users/labuser/desktop/waijung17_03a/utils/gnu_tools_arm_embedded/bin/../lib/gcc/arm-none-eabi/5.4.1/armv7e-m/fpu\libgcc.a(_arm_cmpdf2.o)
 .data          0x2000002d        0x0 c:/users/labuser/desktop/waijung17_03a/utils/gnu_tools_arm_embedded/bin/../lib/gcc/arm-none-eabi/5.4.1/armv7e-m/fpu\libgcc.a(_arm_unorddf2.o)
 .data          0x2000002d        0x0 c:/users/labuser/desktop/waijung17_03a/utils/gnu_tools_arm_embedded/bin/../lib/gcc/arm-none-eabi/5.4.1/armv7e-m/fpu\libgcc.a(_arm_fixdfsi.o)
 .data          0x2000002d        0x0 c:/users/labuser/desktop/waijung17_03a/utils/gnu_tools_arm_embedded/bin/../lib/gcc/arm-none-eabi/5.4.1/armv7e-m/fpu\libgcc.a(_arm_fixunsdfsi.o)
 .data          0x2000002d        0x0 c:/users/labuser/desktop/waijung17_03a/utils/gnu_tools_arm_embedded/bin/../lib/gcc/arm-none-eabi/5.4.1/../../../../arm-none-eabi/lib/armv7e-m/fpu\libg.a(lib_a-errno.o)
 .data          0x2000002d        0x0 c:/users/labuser/desktop/waijung17_03a/utils/gnu_tools_arm_embedded/bin/../lib/gcc/arm-none-eabi/5.4.1/../../../../arm-none-eabi/lib/armv7e-m/fpu\libg.a(lib_a-impure.o)
 *fill*         0x2000002d        0x3 
 .data.impure_data
                0x20000030      0x428 c:/users/labuser/desktop/waijung17_03a/utils/gnu_tools_arm_embedded/bin/../lib/gcc/arm-none-eabi/5.4.1/../../../../arm-none-eabi/lib/armv7e-m/fpu\libg.a(lib_a-impure.o)
 .data._impure_ptr
                0x20000458        0x4 c:/users/labuser/desktop/waijung17_03a/utils/gnu_tools_arm_embedded/bin/../lib/gcc/arm-none-eabi/5.4.1/../../../../arm-none-eabi/lib/armv7e-m/fpu\libg.a(lib_a-impure.o)
                0x20000458                _impure_ptr
 .data          0x2000045c        0x0 c:/users/labuser/desktop/waijung17_03a/utils/gnu_tools_arm_embedded/bin/../lib/gcc/arm-none-eabi/5.4.1/../../../../arm-none-eabi/lib/armv7e-m/fpu\libg.a(lib_a-memcpy.o)
 .data          0x2000045c        0x0 c:/users/labuser/desktop/waijung17_03a/utils/gnu_tools_arm_embedded/bin/../lib/gcc/arm-none-eabi/5.4.1/../../../../arm-none-eabi/lib/armv7e-m/fpu\libg.a(lib_a-memset.o)
 .data          0x2000045c        0x0 c:/users/labuser/desktop/waijung17_03a/utils/gnu_tools_arm_embedded/bin/../lib/gcc/arm-none-eabi/5.4.1/../../../../arm-none-eabi/lib/armv7e-m/fpu\libg.a(lib_a-reent.o)
 .data          0x2000045c        0x0 c:/users/labuser/desktop/waijung17_03a/utils/gnu_tools_arm_embedded/bin/../lib/gcc/arm-none-eabi/5.4.1/../../../../arm-none-eabi/lib/armv7e-m/fpu\libg.a(lib_a-strncmp.o)
 .data          0x2000045c        0x0 c:/users/labuser/desktop/waijung17_03a/utils/gnu_tools_arm_embedded/bin/../lib/gcc/arm-none-eabi/5.4.1/../../../../arm-none-eabi/lib/armv7e-m/fpu\libg.a(lib_a-freer.o)
 .data          0x2000045c        0x0 c:/users/labuser/desktop/waijung17_03a/utils/gnu_tools_arm_embedded/bin/../lib/gcc/arm-none-eabi/5.4.1/../../../../arm-none-eabi/lib/armv7e-m/fpu\libg.a(lib_a-mallocr.o)
 .data.__malloc_av_
                0x2000045c      0x408 c:/users/labuser/desktop/waijung17_03a/utils/gnu_tools_arm_embedded/bin/../lib/gcc/arm-none-eabi/5.4.1/../../../../arm-none-eabi/lib/armv7e-m/fpu\libg.a(lib_a-mallocr.o)
                0x2000045c                __malloc_av_
 .data.__malloc_trim_threshold
                0x20000864        0x4 c:/users/labuser/desktop/waijung17_03a/utils/gnu_tools_arm_embedded/bin/../lib/gcc/arm-none-eabi/5.4.1/../../../../arm-none-eabi/lib/armv7e-m/fpu\libg.a(lib_a-mallocr.o)
                0x20000864                __malloc_trim_threshold
 .data.__malloc_sbrk_base
                0x20000868        0x4 c:/users/labuser/desktop/waijung17_03a/utils/gnu_tools_arm_embedded/bin/../lib/gcc/arm-none-eabi/5.4.1/../../../../arm-none-eabi/lib/armv7e-m/fpu\libg.a(lib_a-mallocr.o)
                0x20000868                __malloc_sbrk_base
 .data          0x2000086c        0x0 c:/users/labuser/desktop/waijung17_03a/utils/gnu_tools_arm_embedded/bin/../lib/gcc/arm-none-eabi/5.4.1/../../../../arm-none-eabi/lib/armv7e-m/fpu\libg.a(lib_a-mlock.o)
 .data          0x2000086c        0x0 c:/users/labuser/desktop/waijung17_03a/utils/gnu_tools_arm_embedded/bin/../lib/gcc/arm-none-eabi/5.4.1/../../../../arm-none-eabi/lib/armv7e-m/fpu\libg.a(lib_a-sbrkr.o)
                0x2000086c                . = ALIGN (0x4)
                [!provide]                PROVIDE (__preinit_array_start, .)
 *(.preinit_array)
                [!provide]                PROVIDE (__preinit_array_end, .)
                0x2000086c                . = ALIGN (0x4)
                [!provide]                PROVIDE (__init_array_start, .)
 *(SORT(.init_array.*))
 *(.init_array)
                [!provide]                PROVIDE (__init_array_end, .)
                0x2000086c                . = ALIGN (0x4)
                [!provide]                PROVIDE (__fini_array_start, .)
 *(SORT(.fini_array.*))
 *(.fini_array)
                [!provide]                PROVIDE (__fini_array_end, .)
 *(.jcr*)
                0x2000086c                . = ALIGN (0x4)
                0x2000086c                __data_end__ = .

.igot.plt       0x2000086c        0x0 load address 0x08005be8
 .igot.plt      0x2000086c        0x0 startup_stm32f4xx.o

.bss            0x20000870      0x968 load address 0x08005bf0
                0x20000870                . = ALIGN (0x4)
                0x20000870                __bss_start__ = .
 *(.bss*)
 .bss           0x20000870        0x0 startup_stm32f4xx.o
 .bss           0x20000870        0x0 stm32f4xx_syscfg.o
 .bss           0x20000870        0x0 SchlossBox.o
 .bss           0x20000870        0x0 stm32f4xx_pwr.o
 .bss           0x20000870        0x0 stm32f4xx_rcc.o
 .bss           0x20000870        0x0 stm32f4xx_usart.o
 .bss           0x20000870        0x8 syscalls.o
                0x20000874                __env
 .bss           0x20000878        0x0 stm32f4xx_can.o
 .bss           0x20000878        0x4 main.o
 .bss           0x2000087c       0x58 waijung_hwdrvlib.o
                0x2000087c                CANReceive_Msg_Buffer_WIndex
                0x2000087e                CANReceive_Msg_Buffer_RIndex
                0x20000880                CANReceive1_Msg_Buffer_WIndex
                0x20000882                CANReceive1_Msg_Buffer_RIndex
                0x20000888                CAN1_FilterList
 .bss           0x200008d4        0x0 SchlossBox_can_isr.o
 .bss           0x200008d4        0x0 rtGetNaN.o
 .bss           0x200008d4        0x0 misc.o
 .bss           0x200008d4        0x0 stm32f4xx_it.o
 .bss           0x200008d4        0x0 system_stm32f4xx.o
 .bss           0x200008d4        0x0 rt_nonfinite.o
 .bss           0x200008d4        0x0 stm32f4xx_dma.o
 .bss           0x200008d4        0x0 rtGetInf.o
 .bss           0x200008d4        0x0 SchlossBox_data.o
 .bss           0x200008d4        0x0 SchlossBox_Debounce.o
 .bss           0x200008d4        0x0 stm32f4xx_gpio.o
 .bss           0x200008d4        0x0 c:/users/labuser/desktop/waijung17_03a/utils/gnu_tools_arm_embedded/bin/../lib/gcc/arm-none-eabi/5.4.1/../../../../arm-none-eabi/lib/armv7e-m/fpu\libm.a(lib_a-s_floor.o)
 .bss           0x200008d4        0x0 c:/users/labuser/desktop/waijung17_03a/utils/gnu_tools_arm_embedded/bin/../lib/gcc/arm-none-eabi/5.4.1/../../../../arm-none-eabi/lib/armv7e-m/fpu\libm.a(lib_a-w_fmod.o)
 .bss           0x200008d4        0x0 c:/users/labuser/desktop/waijung17_03a/utils/gnu_tools_arm_embedded/bin/../lib/gcc/arm-none-eabi/5.4.1/../../../../arm-none-eabi/lib/armv7e-m/fpu\libm.a(lib_a-e_fmod.o)
 .bss           0x200008d4        0x0 c:/users/labuser/desktop/waijung17_03a/utils/gnu_tools_arm_embedded/bin/../lib/gcc/arm-none-eabi/5.4.1/../../../../arm-none-eabi/lib/armv7e-m/fpu\libm.a(lib_a-s_lib_ver.o)
 .bss           0x200008d4        0x0 c:/users/labuser/desktop/waijung17_03a/utils/gnu_tools_arm_embedded/bin/../lib/gcc/arm-none-eabi/5.4.1/../../../../arm-none-eabi/lib/armv7e-m/fpu\libm.a(lib_a-s_matherr.o)
 .bss           0x200008d4        0x0 c:/users/labuser/desktop/waijung17_03a/utils/gnu_tools_arm_embedded/bin/../lib/gcc/arm-none-eabi/5.4.1/armv7e-m/fpu\libgcc.a(_arm_addsubdf3.o)
 .bss           0x200008d4        0x0 c:/users/labuser/desktop/waijung17_03a/utils/gnu_tools_arm_embedded/bin/../lib/gcc/arm-none-eabi/5.4.1/armv7e-m/fpu\libgcc.a(_arm_muldivdf3.o)
 .bss           0x200008d4        0x0 c:/users/labuser/desktop/waijung17_03a/utils/gnu_tools_arm_embedded/bin/../lib/gcc/arm-none-eabi/5.4.1/armv7e-m/fpu\libgcc.a(_arm_cmpdf2.o)
 .bss           0x200008d4        0x0 c:/users/labuser/desktop/waijung17_03a/utils/gnu_tools_arm_embedded/bin/../lib/gcc/arm-none-eabi/5.4.1/armv7e-m/fpu\libgcc.a(_arm_unorddf2.o)
 .bss           0x200008d4        0x0 c:/users/labuser/desktop/waijung17_03a/utils/gnu_tools_arm_embedded/bin/../lib/gcc/arm-none-eabi/5.4.1/armv7e-m/fpu\libgcc.a(_arm_fixdfsi.o)
 .bss           0x200008d4        0x0 c:/users/labuser/desktop/waijung17_03a/utils/gnu_tools_arm_embedded/bin/../lib/gcc/arm-none-eabi/5.4.1/armv7e-m/fpu\libgcc.a(_arm_fixunsdfsi.o)
 .bss           0x200008d4        0x0 c:/users/labuser/desktop/waijung17_03a/utils/gnu_tools_arm_embedded/bin/../lib/gcc/arm-none-eabi/5.4.1/../../../../arm-none-eabi/lib/armv7e-m/fpu\libg.a(lib_a-errno.o)
 .bss           0x200008d4        0x0 c:/users/labuser/desktop/waijung17_03a/utils/gnu_tools_arm_embedded/bin/../lib/gcc/arm-none-eabi/5.4.1/../../../../arm-none-eabi/lib/armv7e-m/fpu\libg.a(lib_a-impure.o)
 .bss           0x200008d4        0x0 c:/users/labuser/desktop/waijung17_03a/utils/gnu_tools_arm_embedded/bin/../lib/gcc/arm-none-eabi/5.4.1/../../../../arm-none-eabi/lib/armv7e-m/fpu\libg.a(lib_a-memcpy.o)
 .bss           0x200008d4        0x0 c:/users/labuser/desktop/waijung17_03a/utils/gnu_tools_arm_embedded/bin/../lib/gcc/arm-none-eabi/5.4.1/../../../../arm-none-eabi/lib/armv7e-m/fpu\libg.a(lib_a-memset.o)
 .bss           0x200008d4        0x0 c:/users/labuser/desktop/waijung17_03a/utils/gnu_tools_arm_embedded/bin/../lib/gcc/arm-none-eabi/5.4.1/../../../../arm-none-eabi/lib/armv7e-m/fpu\libg.a(lib_a-reent.o)
 .bss           0x200008d4        0x0 c:/users/labuser/desktop/waijung17_03a/utils/gnu_tools_arm_embedded/bin/../lib/gcc/arm-none-eabi/5.4.1/../../../../arm-none-eabi/lib/armv7e-m/fpu\libg.a(lib_a-strncmp.o)
 .bss           0x200008d4        0x0 c:/users/labuser/desktop/waijung17_03a/utils/gnu_tools_arm_embedded/bin/../lib/gcc/arm-none-eabi/5.4.1/../../../../arm-none-eabi/lib/armv7e-m/fpu\libg.a(lib_a-freer.o)
 .bss           0x200008d4        0x0 c:/users/labuser/desktop/waijung17_03a/utils/gnu_tools_arm_embedded/bin/../lib/gcc/arm-none-eabi/5.4.1/../../../../arm-none-eabi/lib/armv7e-m/fpu\libg.a(lib_a-mallocr.o)
 .bss.__malloc_max_total_mem
                0x200008d4        0x4 c:/users/labuser/desktop/waijung17_03a/utils/gnu_tools_arm_embedded/bin/../lib/gcc/arm-none-eabi/5.4.1/../../../../arm-none-eabi/lib/armv7e-m/fpu\libg.a(lib_a-mallocr.o)
                0x200008d4                __malloc_max_total_mem
 .bss.__malloc_max_sbrked_mem
                0x200008d8        0x4 c:/users/labuser/desktop/waijung17_03a/utils/gnu_tools_arm_embedded/bin/../lib/gcc/arm-none-eabi/5.4.1/../../../../arm-none-eabi/lib/armv7e-m/fpu\libg.a(lib_a-mallocr.o)
                0x200008d8                __malloc_max_sbrked_mem
 .bss.__malloc_top_pad
                0x200008dc        0x4 c:/users/labuser/desktop/waijung17_03a/utils/gnu_tools_arm_embedded/bin/../lib/gcc/arm-none-eabi/5.4.1/../../../../arm-none-eabi/lib/armv7e-m/fpu\libg.a(lib_a-mallocr.o)
                0x200008dc                __malloc_top_pad
 .bss.__malloc_current_mallinfo
                0x200008e0       0x28 c:/users/labuser/desktop/waijung17_03a/utils/gnu_tools_arm_embedded/bin/../lib/gcc/arm-none-eabi/5.4.1/../../../../arm-none-eabi/lib/armv7e-m/fpu\libg.a(lib_a-mallocr.o)
                0x200008e0                __malloc_current_mallinfo
 .bss           0x20000908        0x0 c:/users/labuser/desktop/waijung17_03a/utils/gnu_tools_arm_embedded/bin/../lib/gcc/arm-none-eabi/5.4.1/../../../../arm-none-eabi/lib/armv7e-m/fpu\libg.a(lib_a-mlock.o)
 .bss           0x20000908        0x0 c:/users/labuser/desktop/waijung17_03a/utils/gnu_tools_arm_embedded/bin/../lib/gcc/arm-none-eabi/5.4.1/../../../../arm-none-eabi/lib/armv7e-m/fpu\libg.a(lib_a-sbrkr.o)
 *(COMMON)
 COMMON         0x20000908       0xa4 SchlossBox.o
                0x20000908                SchlossBox_PrevZCX
                0x20000910                SchlossBox_DW
                0x20000960                SchlossBox_B
                0x200009a8                SchlossBox_M_
 COMMON         0x200009ac      0x800 waijung_hwdrvlib.o
                0x200009ac                CANReceive1_filter_number
                0x200009b0                CANReceive_data
                0x200009b4                CANReceive_Msg_Buffer
                0x20000a54                CANReceive_Msg
                0x20000a68                CANReceive1_data
                0x20000a6c                CANReceive1_Msg_Buffer
                0x20000b0c                CANReceive1_FilterInitStructure
                0x20000b1c                CANReceive1_Msg
                0x20000b30                CANTransmit_bTxMsg
                0x20000b44                UART2_Temp_Buffer
                0x20000d44                UART2_Tx_Buffer
                0x20000f44                UARTSetup_Tx_State
                0x20000f48                CANReceive_FilterInitStructure
                0x20000f58                UART2_Rx_Buffer
                0x20001158                CANReceive_filter_number
                0x2000115c                UARTSetup_DMA_Init
                0x20001198                CANTransmitTxMsg
 *fill*         0x200011ac        0x4 
 COMMON         0x200011b0       0x24 rt_nonfinite.o
                0x200011b0                rtNaNF
                0x200011b4                rtInfF
                0x200011b8                rtInf
                0x200011c0                rtNaN
                0x200011c8                rtMinusInf
                0x200011d0                rtMinusInfF
 COMMON         0x200011d4        0x4 c:/users/labuser/desktop/waijung17_03a/utils/gnu_tools_arm_embedded/bin/../lib/gcc/arm-none-eabi/5.4.1/../../../../arm-none-eabi/lib/armv7e-m/fpu\libg.a(lib_a-reent.o)
                0x200011d4                errno
                0x200011d8                . = ALIGN (0x4)
                0x200011d8                __bss_end__ = .

.heap           0x200011d8     0x2000
                0x200011d8                __end__ = .
                0x200011d8                end = __end__
 *(.heap*)
 .heap          0x200011d8     0x2000 startup_stm32f4xx.o
                0x200011d8                __HeapBase
                0x200031d8                __HeapLimit = .

.stack_dummy    0x200011d8     0x2000
 *(.stack*)
 .stack         0x200011d8     0x2000 startup_stm32f4xx.o
                0x20020000                __StackTop = (ORIGIN (RAM) + LENGTH (RAM))
                0x2001e000                __StackLimit = (__StackTop - SIZEOF (.stack_dummy))
                [!provide]                PROVIDE (__stack, __StackTop)
                0x00000001                ASSERT ((__StackLimit >= __HeapLimit), region RAM overflowed with stack)
OUTPUT(SchlossBox.elf elf32-littlearm)

.ARM.attributes
                0x00000000       0x35
 .ARM.attributes
                0x00000000       0x1f startup_stm32f4xx.o
 .ARM.attributes
                0x0000001f       0x35 stm32f4xx_syscfg.o
 .ARM.attributes
                0x00000054       0x35 SchlossBox.o
 .ARM.attributes
                0x00000089       0x35 stm32f4xx_pwr.o
 .ARM.attributes
                0x000000be       0x35 stm32f4xx_rcc.o
 .ARM.attributes
                0x000000f3       0x35 stm32f4xx_usart.o
 .ARM.attributes
                0x00000128       0x35 syscalls.o
 .ARM.attributes
                0x0000015d       0x35 stm32f4xx_can.o
 .ARM.attributes
                0x00000192       0x35 main.o
 .ARM.attributes
                0x000001c7       0x35 waijung_hwdrvlib.o
 .ARM.attributes
                0x000001fc       0x35 SchlossBox_can_isr.o
 .ARM.attributes
                0x00000231       0x35 rtGetNaN.o
 .ARM.attributes
                0x00000266       0x35 misc.o
 .ARM.attributes
                0x0000029b       0x35 stm32f4xx_it.o
 .ARM.attributes
                0x000002d0       0x35 system_stm32f4xx.o
 .ARM.attributes
                0x00000305       0x35 rt_nonfinite.o
 .ARM.attributes
                0x0000033a       0x35 stm32f4xx_dma.o
 .ARM.attributes
                0x0000036f       0x35 rtGetInf.o
 .ARM.attributes
                0x000003a4       0x35 SchlossBox_data.o
 .ARM.attributes
                0x000003d9       0x35 SchlossBox_Debounce.o
 .ARM.attributes
                0x0000040e       0x35 stm32f4xx_gpio.o
 .ARM.attributes
                0x00000443       0x34 c:/users/labuser/desktop/waijung17_03a/utils/gnu_tools_arm_embedded/bin/../lib/gcc/arm-none-eabi/5.4.1/../../../../arm-none-eabi/lib/armv7e-m/fpu\libm.a(lib_a-s_floor.o)
 .ARM.attributes
                0x00000477       0x34 c:/users/labuser/desktop/waijung17_03a/utils/gnu_tools_arm_embedded/bin/../lib/gcc/arm-none-eabi/5.4.1/../../../../arm-none-eabi/lib/armv7e-m/fpu\libm.a(lib_a-w_fmod.o)
 .ARM.attributes
                0x000004ab       0x34 c:/users/labuser/desktop/waijung17_03a/utils/gnu_tools_arm_embedded/bin/../lib/gcc/arm-none-eabi/5.4.1/../../../../arm-none-eabi/lib/armv7e-m/fpu\libm.a(lib_a-e_fmod.o)
 .ARM.attributes
                0x000004df       0x34 c:/users/labuser/desktop/waijung17_03a/utils/gnu_tools_arm_embedded/bin/../lib/gcc/arm-none-eabi/5.4.1/../../../../arm-none-eabi/lib/armv7e-m/fpu\libm.a(lib_a-s_lib_ver.o)
 .ARM.attributes
                0x00000513       0x34 c:/users/labuser/desktop/waijung17_03a/utils/gnu_tools_arm_embedded/bin/../lib/gcc/arm-none-eabi/5.4.1/../../../../arm-none-eabi/lib/armv7e-m/fpu\libm.a(lib_a-s_matherr.o)
 .ARM.attributes
                0x00000547       0x22 c:/users/labuser/desktop/waijung17_03a/utils/gnu_tools_arm_embedded/bin/../lib/gcc/arm-none-eabi/5.4.1/armv7e-m/fpu\libgcc.a(_arm_addsubdf3.o)
 .ARM.attributes
                0x00000569       0x22 c:/users/labuser/desktop/waijung17_03a/utils/gnu_tools_arm_embedded/bin/../lib/gcc/arm-none-eabi/5.4.1/armv7e-m/fpu\libgcc.a(_arm_muldivdf3.o)
 .ARM.attributes
                0x0000058b       0x22 c:/users/labuser/desktop/waijung17_03a/utils/gnu_tools_arm_embedded/bin/../lib/gcc/arm-none-eabi/5.4.1/armv7e-m/fpu\libgcc.a(_arm_cmpdf2.o)
 .ARM.attributes
                0x000005ad       0x22 c:/users/labuser/desktop/waijung17_03a/utils/gnu_tools_arm_embedded/bin/../lib/gcc/arm-none-eabi/5.4.1/armv7e-m/fpu\libgcc.a(_arm_unorddf2.o)
 .ARM.attributes
                0x000005cf       0x22 c:/users/labuser/desktop/waijung17_03a/utils/gnu_tools_arm_embedded/bin/../lib/gcc/arm-none-eabi/5.4.1/armv7e-m/fpu\libgcc.a(_arm_fixdfsi.o)
 .ARM.attributes
                0x000005f1       0x22 c:/users/labuser/desktop/waijung17_03a/utils/gnu_tools_arm_embedded/bin/../lib/gcc/arm-none-eabi/5.4.1/armv7e-m/fpu\libgcc.a(_arm_fixunsdfsi.o)
 .ARM.attributes
                0x00000613       0x34 c:/users/labuser/desktop/waijung17_03a/utils/gnu_tools_arm_embedded/bin/../lib/gcc/arm-none-eabi/5.4.1/../../../../arm-none-eabi/lib/armv7e-m/fpu\libg.a(lib_a-errno.o)
 .ARM.attributes
                0x00000647       0x34 c:/users/labuser/desktop/waijung17_03a/utils/gnu_tools_arm_embedded/bin/../lib/gcc/arm-none-eabi/5.4.1/../../../../arm-none-eabi/lib/armv7e-m/fpu\libg.a(lib_a-impure.o)
 .ARM.attributes
                0x0000067b       0x20 c:/users/labuser/desktop/waijung17_03a/utils/gnu_tools_arm_embedded/bin/../lib/gcc/arm-none-eabi/5.4.1/../../../../arm-none-eabi/lib/armv7e-m/fpu\libg.a(lib_a-memcpy.o)
 .ARM.attributes
                0x0000069b       0x34 c:/users/labuser/desktop/waijung17_03a/utils/gnu_tools_arm_embedded/bin/../lib/gcc/arm-none-eabi/5.4.1/../../../../arm-none-eabi/lib/armv7e-m/fpu\libg.a(lib_a-memset.o)
 .ARM.attributes
                0x000006cf       0x34 c:/users/labuser/desktop/waijung17_03a/utils/gnu_tools_arm_embedded/bin/../lib/gcc/arm-none-eabi/5.4.1/../../../../arm-none-eabi/lib/armv7e-m/fpu\libg.a(lib_a-reent.o)
 .ARM.attributes
                0x00000703       0x34 c:/users/labuser/desktop/waijung17_03a/utils/gnu_tools_arm_embedded/bin/../lib/gcc/arm-none-eabi/5.4.1/../../../../arm-none-eabi/lib/armv7e-m/fpu\libg.a(lib_a-strncmp.o)
 .ARM.attributes
                0x00000737       0x34 c:/users/labuser/desktop/waijung17_03a/utils/gnu_tools_arm_embedded/bin/../lib/gcc/arm-none-eabi/5.4.1/../../../../arm-none-eabi/lib/armv7e-m/fpu\libg.a(lib_a-freer.o)
 .ARM.attributes
                0x0000076b       0x34 c:/users/labuser/desktop/waijung17_03a/utils/gnu_tools_arm_embedded/bin/../lib/gcc/arm-none-eabi/5.4.1/../../../../arm-none-eabi/lib/armv7e-m/fpu\libg.a(lib_a-mallocr.o)
 .ARM.attributes
                0x0000079f       0x34 c:/users/labuser/desktop/waijung17_03a/utils/gnu_tools_arm_embedded/bin/../lib/gcc/arm-none-eabi/5.4.1/../../../../arm-none-eabi/lib/armv7e-m/fpu\libg.a(lib_a-mlock.o)
 .ARM.attributes
                0x000007d3       0x34 c:/users/labuser/desktop/waijung17_03a/utils/gnu_tools_arm_embedded/bin/../lib/gcc/arm-none-eabi/5.4.1/../../../../arm-none-eabi/lib/armv7e-m/fpu\libg.a(lib_a-sbrkr.o)

.comment        0x00000000       0x6e
 .comment       0x00000000       0x6e stm32f4xx_syscfg.o
                                 0x6f (size before relaxing)
 .comment       0x0000006e       0x6f SchlossBox.o
 .comment       0x0000006e       0x6f stm32f4xx_pwr.o
 .comment       0x0000006e       0x6f stm32f4xx_rcc.o
 .comment       0x0000006e       0x6f stm32f4xx_usart.o
 .comment       0x0000006e       0x6f syscalls.o
 .comment       0x0000006e       0x6f stm32f4xx_can.o
 .comment       0x0000006e       0x6f main.o
 .comment       0x0000006e       0x6f waijung_hwdrvlib.o
 .comment       0x0000006e       0x6f SchlossBox_can_isr.o
 .comment       0x0000006e       0x6f rtGetNaN.o
 .comment       0x0000006e       0x6f misc.o
 .comment       0x0000006e       0x6f stm32f4xx_it.o
 .comment       0x0000006e       0x6f system_stm32f4xx.o
 .comment       0x0000006e       0x6f rt_nonfinite.o
 .comment       0x0000006e       0x6f stm32f4xx_dma.o
 .comment       0x0000006e       0x6f rtGetInf.o
 .comment       0x0000006e       0x6f SchlossBox_data.o
 .comment       0x0000006e       0x6f SchlossBox_Debounce.o
 .comment       0x0000006e       0x6f stm32f4xx_gpio.o

.debug_frame    0x00000000      0x308
 .debug_frame   0x00000000       0x30 c:/users/labuser/desktop/waijung17_03a/utils/gnu_tools_arm_embedded/bin/../lib/gcc/arm-none-eabi/5.4.1/../../../../arm-none-eabi/lib/armv7e-m/fpu\libm.a(lib_a-s_floor.o)
 .debug_frame   0x00000030       0x58 c:/users/labuser/desktop/waijung17_03a/utils/gnu_tools_arm_embedded/bin/../lib/gcc/arm-none-eabi/5.4.1/../../../../arm-none-eabi/lib/armv7e-m/fpu\libm.a(lib_a-w_fmod.o)
 .debug_frame   0x00000088       0x38 c:/users/labuser/desktop/waijung17_03a/utils/gnu_tools_arm_embedded/bin/../lib/gcc/arm-none-eabi/5.4.1/../../../../arm-none-eabi/lib/armv7e-m/fpu\libm.a(lib_a-e_fmod.o)
 .debug_frame   0x000000c0       0x20 c:/users/labuser/desktop/waijung17_03a/utils/gnu_tools_arm_embedded/bin/../lib/gcc/arm-none-eabi/5.4.1/../../../../arm-none-eabi/lib/armv7e-m/fpu\libm.a(lib_a-s_matherr.o)
 .debug_frame   0x000000e0       0x20 c:/users/labuser/desktop/waijung17_03a/utils/gnu_tools_arm_embedded/bin/../lib/gcc/arm-none-eabi/5.4.1/../../../../arm-none-eabi/lib/armv7e-m/fpu\libg.a(lib_a-errno.o)
 .debug_frame   0x00000100       0x34 c:/users/labuser/desktop/waijung17_03a/utils/gnu_tools_arm_embedded/bin/../lib/gcc/arm-none-eabi/5.4.1/../../../../arm-none-eabi/lib/armv7e-m/fpu\libg.a(lib_a-memset.o)
 .debug_frame   0x00000134       0x58 c:/users/labuser/desktop/waijung17_03a/utils/gnu_tools_arm_embedded/bin/../lib/gcc/arm-none-eabi/5.4.1/../../../../arm-none-eabi/lib/armv7e-m/fpu\libg.a(lib_a-reent.o)
 .debug_frame   0x0000018c       0x54 c:/users/labuser/desktop/waijung17_03a/utils/gnu_tools_arm_embedded/bin/../lib/gcc/arm-none-eabi/5.4.1/../../../../arm-none-eabi/lib/armv7e-m/fpu\libg.a(lib_a-strncmp.o)
 .debug_frame   0x000001e0       0x74 c:/users/labuser/desktop/waijung17_03a/utils/gnu_tools_arm_embedded/bin/../lib/gcc/arm-none-eabi/5.4.1/../../../../arm-none-eabi/lib/armv7e-m/fpu\libg.a(lib_a-freer.o)
 .debug_frame   0x00000254       0x58 c:/users/labuser/desktop/waijung17_03a/utils/gnu_tools_arm_embedded/bin/../lib/gcc/arm-none-eabi/5.4.1/../../../../arm-none-eabi/lib/armv7e-m/fpu\libg.a(lib_a-mallocr.o)
 .debug_frame   0x000002ac       0x30 c:/users/labuser/desktop/waijung17_03a/utils/gnu_tools_arm_embedded/bin/../lib/gcc/arm-none-eabi/5.4.1/../../../../arm-none-eabi/lib/armv7e-m/fpu\libg.a(lib_a-mlock.o)
 .debug_frame   0x000002dc       0x2c c:/users/labuser/desktop/waijung17_03a/utils/gnu_tools_arm_embedded/bin/../lib/gcc/arm-none-eabi/5.4.1/../../../../arm-none-eabi/lib/armv7e-m/fpu\libg.a(lib_a-sbrkr.o)

Cross Reference Table

Symbol                                            File
ADC_IRQHandler                                    startup_stm32f4xx.o
AHBPrescTable                                     system_stm32f4xx.o
BusFault_Handler                                  stm32f4xx_it.o
                                                  startup_stm32f4xx.o
CAN1_FilterList                                   waijung_hwdrvlib.o
CAN1_Filter_Free                                  waijung_hwdrvlib.o
CAN1_Filter_Hook                                  waijung_hwdrvlib.o
CAN1_RX0_IRQHandler                               waijung_hwdrvlib.o
                                                  startup_stm32f4xx.o
CAN1_RX1_IRQHandler                               startup_stm32f4xx.o
CAN1_SCE_IRQHandler                               startup_stm32f4xx.o
CAN1_TX_IRQHandler                                startup_stm32f4xx.o
CAN2_RX0_IRQHandler                               startup_stm32f4xx.o
CAN2_RX1_IRQHandler                               startup_stm32f4xx.o
CAN2_SCE_IRQHandler                               startup_stm32f4xx.o
CAN2_TX_IRQHandler                                startup_stm32f4xx.o
CANReceive1_FilterInitStructure                   waijung_hwdrvlib.o
CANReceive1_GetMsg                                waijung_hwdrvlib.o
                                                  SchlossBox.o
CANReceive1_Msg                                   waijung_hwdrvlib.o
                                                  SchlossBox.o
CANReceive1_Msg_Buffer                            waijung_hwdrvlib.o
CANReceive1_Msg_Buffer_Count                      waijung_hwdrvlib.o
CANReceive1_Msg_Buffer_RIndex                     waijung_hwdrvlib.o
CANReceive1_Msg_Buffer_WIndex                     waijung_hwdrvlib.o
CANReceive1_data                                  waijung_hwdrvlib.o
                                                  SchlossBox.o
CANReceive1_filter_isr                            waijung_hwdrvlib.o
CANReceive1_filter_number                         waijung_hwdrvlib.o
CANReceive_FilterInitStructure                    waijung_hwdrvlib.o
CANReceive_GetMsg                                 waijung_hwdrvlib.o
                                                  SchlossBox.o
CANReceive_Msg                                    waijung_hwdrvlib.o
                                                  SchlossBox.o
CANReceive_Msg_Buffer                             waijung_hwdrvlib.o
CANReceive_Msg_Buffer_Count                       waijung_hwdrvlib.o
CANReceive_Msg_Buffer_RIndex                      waijung_hwdrvlib.o
CANReceive_Msg_Buffer_WIndex                      waijung_hwdrvlib.o
CANReceive_data                                   waijung_hwdrvlib.o
                                                  SchlossBox.o
CANReceive_filter_isr                             waijung_hwdrvlib.o
CANReceive_filter_number                          waijung_hwdrvlib.o
CANTransmitTxMsg                                  waijung_hwdrvlib.o
                                                  SchlossBox.o
CANTransmit_bTxMsg                                waijung_hwdrvlib.o
                                                  SchlossBox.o
CAN_CancelTransmit                                stm32f4xx_can.o
CAN_ClearFlag                                     stm32f4xx_can.o
CAN_ClearITPendingBit                             stm32f4xx_can.o
CAN_DBGFreeze                                     stm32f4xx_can.o
CAN_DeInit                                        stm32f4xx_can.o
CAN_FIFORelease                                   stm32f4xx_can.o
CAN_FilterInit                                    stm32f4xx_can.o
                                                  waijung_hwdrvlib.o
CAN_GetFlagStatus                                 stm32f4xx_can.o
CAN_GetITStatus                                   stm32f4xx_can.o
CAN_GetLSBTransmitErrorCounter                    stm32f4xx_can.o
CAN_GetLastErrorCode                              stm32f4xx_can.o
CAN_GetReceiveErrorCounter                        stm32f4xx_can.o
CAN_ITConfig                                      stm32f4xx_can.o
                                                  waijung_hwdrvlib.o
CAN_Init                                          stm32f4xx_can.o
                                                  waijung_hwdrvlib.o
CAN_MessagePending                                stm32f4xx_can.o
                                                  waijung_hwdrvlib.o
CAN_OperatingModeRequest                          stm32f4xx_can.o
CAN_Receive                                       stm32f4xx_can.o
                                                  waijung_hwdrvlib.o
CAN_SlaveStartBank                                stm32f4xx_can.o
CAN_Sleep                                         stm32f4xx_can.o
CAN_StructInit                                    stm32f4xx_can.o
CAN_TTComModeCmd                                  stm32f4xx_can.o
CAN_Transmit                                      stm32f4xx_can.o
                                                  waijung_hwdrvlib.o
CAN_TransmitStatus                                stm32f4xx_can.o
                                                  waijung_hwdrvlib.o
CAN_WakeUp                                        stm32f4xx_can.o
CANx_Transmit                                     waijung_hwdrvlib.o
                                                  SchlossBox.o
CRYP_IRQHandler                                   startup_stm32f4xx.o
DCMI_IRQHandler                                   startup_stm32f4xx.o
DMA1_Stream0_IRQHandler                           startup_stm32f4xx.o
DMA1_Stream1_IRQHandler                           startup_stm32f4xx.o
DMA1_Stream2_IRQHandler                           startup_stm32f4xx.o
DMA1_Stream3_IRQHandler                           startup_stm32f4xx.o
DMA1_Stream4_IRQHandler                           startup_stm32f4xx.o
DMA1_Stream5_IRQHandler                           startup_stm32f4xx.o
DMA1_Stream6_IRQHandler                           startup_stm32f4xx.o
DMA1_Stream7_IRQHandler                           startup_stm32f4xx.o
DMA2_Stream0_IRQHandler                           startup_stm32f4xx.o
DMA2_Stream1_IRQHandler                           startup_stm32f4xx.o
DMA2_Stream2_IRQHandler                           startup_stm32f4xx.o
DMA2_Stream3_IRQHandler                           startup_stm32f4xx.o
DMA2_Stream4_IRQHandler                           startup_stm32f4xx.o
DMA2_Stream5_IRQHandler                           startup_stm32f4xx.o
DMA2_Stream6_IRQHandler                           startup_stm32f4xx.o
DMA2_Stream7_IRQHandler                           startup_stm32f4xx.o
DMA_ClearFlag                                     stm32f4xx_dma.o
                                                  waijung_hwdrvlib.o
DMA_ClearITPendingBit                             stm32f4xx_dma.o
DMA_Cmd                                           stm32f4xx_dma.o
                                                  waijung_hwdrvlib.o
DMA_DeInit                                        stm32f4xx_dma.o
DMA_DoubleBufferModeCmd                           stm32f4xx_dma.o
DMA_DoubleBufferModeConfig                        stm32f4xx_dma.o
DMA_FlowControllerConfig                          stm32f4xx_dma.o
DMA_GetCmdStatus                                  stm32f4xx_dma.o
DMA_GetCurrDataCounter                            stm32f4xx_dma.o
DMA_GetCurrentMemoryTarget                        stm32f4xx_dma.o
DMA_GetFIFOStatus                                 stm32f4xx_dma.o
DMA_GetFlagStatus                                 stm32f4xx_dma.o
                                                  waijung_hwdrvlib.o
DMA_GetITStatus                                   stm32f4xx_dma.o
DMA_ITConfig                                      stm32f4xx_dma.o
DMA_Init                                          stm32f4xx_dma.o
                                                  waijung_hwdrvlib.o
DMA_MemoryTargetConfig                            stm32f4xx_dma.o
DMA_PeriphIncOffsetSizeConfig                     stm32f4xx_dma.o
DMA_SetCurrDataCounter                            stm32f4xx_dma.o
DMA_StructInit                                    stm32f4xx_dma.o
DebugMon_Handler                                  stm32f4xx_it.o
                                                  startup_stm32f4xx.o
Default_Handler                                   startup_stm32f4xx.o
ETH_IRQHandler                                    startup_stm32f4xx.o
ETH_WKUP_IRQHandler                               startup_stm32f4xx.o
EXTI0_IRQHandler                                  startup_stm32f4xx.o
EXTI15_10_IRQHandler                              startup_stm32f4xx.o
EXTI1_IRQHandler                                  startup_stm32f4xx.o
EXTI2_IRQHandler                                  startup_stm32f4xx.o
EXTI3_IRQHandler                                  startup_stm32f4xx.o
EXTI4_IRQHandler                                  startup_stm32f4xx.o
EXTI9_5_IRQHandler                                startup_stm32f4xx.o
FLASH_IRQHandler                                  startup_stm32f4xx.o
FPU_IRQHandler                                    startup_stm32f4xx.o
FSMC_IRQHandler                                   startup_stm32f4xx.o
GPIO_DeInit                                       stm32f4xx_gpio.o
GPIO_Init                                         stm32f4xx_gpio.o
                                                  waijung_hwdrvlib.o
GPIO_PinAFConfig                                  stm32f4xx_gpio.o
                                                  waijung_hwdrvlib.o
GPIO_PinLockConfig                                stm32f4xx_gpio.o
GPIO_ReadInputData                                stm32f4xx_gpio.o
GPIO_ReadInputDataBit                             stm32f4xx_gpio.o
GPIO_ReadOutputData                               stm32f4xx_gpio.o
GPIO_ReadOutputDataBit                            stm32f4xx_gpio.o
GPIO_ResetBits                                    stm32f4xx_gpio.o
GPIO_SetBits                                      stm32f4xx_gpio.o
GPIO_StructInit                                   stm32f4xx_gpio.o
GPIO_ToggleBits                                   stm32f4xx_gpio.o
GPIO_Write                                        stm32f4xx_gpio.o
GPIO_WriteBit                                     stm32f4xx_gpio.o
HASH_RNG_IRQHandler                               startup_stm32f4xx.o
HardFault_Handler                                 stm32f4xx_it.o
                                                  startup_stm32f4xx.o
I2C1_ER_IRQHandler                                startup_stm32f4xx.o
I2C1_EV_IRQHandler                                startup_stm32f4xx.o
I2C2_ER_IRQHandler                                startup_stm32f4xx.o
I2C2_EV_IRQHandler                                startup_stm32f4xx.o
I2C3_ER_IRQHandler                                startup_stm32f4xx.o
I2C3_EV_IRQHandler                                startup_stm32f4xx.o
MemManage_Handler                                 stm32f4xx_it.o
                                                  startup_stm32f4xx.o
NMI_Handler                                       stm32f4xx_it.o
                                                  startup_stm32f4xx.o
NVIC_Init                                         misc.o
                                                  waijung_hwdrvlib.o
NVIC_PriorityGroupConfig                          misc.o
NVIC_SetVectorTable                               misc.o
NVIC_SystemLPConfig                               misc.o
OTG_FS_IRQHandler                                 startup_stm32f4xx.o
OTG_FS_WKUP_IRQHandler                            startup_stm32f4xx.o
OTG_HS_EP1_IN_IRQHandler                          startup_stm32f4xx.o
OTG_HS_EP1_OUT_IRQHandler                         startup_stm32f4xx.o
OTG_HS_IRQHandler                                 startup_stm32f4xx.o
OTG_HS_WKUP_IRQHandler                            startup_stm32f4xx.o
PVD_IRQHandler                                    startup_stm32f4xx.o
PWR_BackupAccessCmd                               stm32f4xx_pwr.o
PWR_BackupRegulatorCmd                            stm32f4xx_pwr.o
PWR_ClearFlag                                     stm32f4xx_pwr.o
PWR_DeInit                                        stm32f4xx_pwr.o
PWR_EnterSTANDBYMode                              stm32f4xx_pwr.o
PWR_EnterSTOPMode                                 stm32f4xx_pwr.o
PWR_EnterUnderDriveSTOPMode                       stm32f4xx_pwr.o
PWR_FlashPowerDownCmd                             stm32f4xx_pwr.o
PWR_GetFlagStatus                                 stm32f4xx_pwr.o
PWR_MainRegulatorModeConfig                       stm32f4xx_pwr.o
PWR_OverDriveCmd                                  stm32f4xx_pwr.o
PWR_OverDriveSWCmd                                stm32f4xx_pwr.o
PWR_PVDCmd                                        stm32f4xx_pwr.o
PWR_PVDLevelConfig                                stm32f4xx_pwr.o
PWR_UnderDriveCmd                                 stm32f4xx_pwr.o
PWR_WakeUpPinCmd                                  stm32f4xx_pwr.o
PendSV_Handler                                    stm32f4xx_it.o
                                                  startup_stm32f4xx.o
RCC_AHB1PeriphClockCmd                            stm32f4xx_rcc.o
                                                  waijung_hwdrvlib.o
RCC_AHB1PeriphClockLPModeCmd                      stm32f4xx_rcc.o
RCC_AHB1PeriphResetCmd                            stm32f4xx_rcc.o
                                                  stm32f4xx_gpio.o
RCC_AHB2PeriphClockCmd                            stm32f4xx_rcc.o
RCC_AHB2PeriphClockLPModeCmd                      stm32f4xx_rcc.o
RCC_AHB2PeriphResetCmd                            stm32f4xx_rcc.o
RCC_AHB3PeriphClockCmd                            stm32f4xx_rcc.o
RCC_AHB3PeriphClockLPModeCmd                      stm32f4xx_rcc.o
RCC_AHB3PeriphResetCmd                            stm32f4xx_rcc.o
RCC_APB1PeriphClockCmd                            stm32f4xx_rcc.o
                                                  stm32f4xx_it.o
                                                  waijung_hwdrvlib.o
RCC_APB1PeriphClockLPModeCmd                      stm32f4xx_rcc.o
RCC_APB1PeriphResetCmd                            stm32f4xx_rcc.o
                                                  stm32f4xx_can.o
                                                  stm32f4xx_usart.o
                                                  stm32f4xx_pwr.o
RCC_APB2PeriphClockCmd                            stm32f4xx_rcc.o
RCC_APB2PeriphClockLPModeCmd                      stm32f4xx_rcc.o
RCC_APB2PeriphResetCmd                            stm32f4xx_rcc.o
                                                  stm32f4xx_usart.o
                                                  stm32f4xx_syscfg.o
RCC_AdjustHSICalibrationValue                     stm32f4xx_rcc.o
RCC_BackupResetCmd                                stm32f4xx_rcc.o
RCC_ClearFlag                                     stm32f4xx_rcc.o
RCC_ClearITPendingBit                             stm32f4xx_rcc.o
RCC_ClockSecuritySystemCmd                        stm32f4xx_rcc.o
RCC_DeInit                                        stm32f4xx_rcc.o
RCC_GetClocksFreq                                 stm32f4xx_rcc.o
                                                  stm32f4xx_usart.o
RCC_GetFlagStatus                                 stm32f4xx_rcc.o
RCC_GetITStatus                                   stm32f4xx_rcc.o
RCC_GetSYSCLKSource                               stm32f4xx_rcc.o
RCC_HCLKConfig                                    stm32f4xx_rcc.o
RCC_HSEConfig                                     stm32f4xx_rcc.o
RCC_HSICmd                                        stm32f4xx_rcc.o
RCC_I2SCLKConfig                                  stm32f4xx_rcc.o
RCC_IRQHandler                                    startup_stm32f4xx.o
RCC_ITConfig                                      stm32f4xx_rcc.o
RCC_LSEConfig                                     stm32f4xx_rcc.o
RCC_LSEModeConfig                                 stm32f4xx_rcc.o
RCC_LSICmd                                        stm32f4xx_rcc.o
RCC_LTDCCLKDivConfig                              stm32f4xx_rcc.o
RCC_MCO1Config                                    stm32f4xx_rcc.o
RCC_MCO2Config                                    stm32f4xx_rcc.o
RCC_PCLK1Config                                   stm32f4xx_rcc.o
RCC_PCLK2Config                                   stm32f4xx_rcc.o
RCC_PLLCmd                                        stm32f4xx_rcc.o
RCC_PLLConfig                                     stm32f4xx_rcc.o
RCC_PLLI2SCmd                                     stm32f4xx_rcc.o
RCC_PLLI2SConfig                                  stm32f4xx_rcc.o
RCC_PLLSAICmd                                     stm32f4xx_rcc.o
RCC_PLLSAIConfig                                  stm32f4xx_rcc.o
RCC_RTCCLKCmd                                     stm32f4xx_rcc.o
RCC_RTCCLKConfig                                  stm32f4xx_rcc.o
RCC_SAIBlockACLKConfig                            stm32f4xx_rcc.o
RCC_SAIBlockBCLKConfig                            stm32f4xx_rcc.o
RCC_SAIPLLI2SClkDivConfig                         stm32f4xx_rcc.o
RCC_SAIPLLSAIClkDivConfig                         stm32f4xx_rcc.o
RCC_SYSCLKConfig                                  stm32f4xx_rcc.o
RCC_TIMCLKPresConfig                              stm32f4xx_rcc.o
RCC_WaitForHSEStartUp                             stm32f4xx_rcc.o
RTC_Alarm_IRQHandler                              startup_stm32f4xx.o
RTC_WKUP_IRQHandler                               startup_stm32f4xx.o
Reset_Handler                                     startup_stm32f4xx.o
SDIO_IRQHandler                                   startup_stm32f4xx.o
SPI1_IRQHandler                                   startup_stm32f4xx.o
SPI2_IRQHandler                                   startup_stm32f4xx.o
SPI3_IRQHandler                                   startup_stm32f4xx.o
SVC_Handler                                       stm32f4xx_it.o
                                                  startup_stm32f4xx.o
SYSCFG_CompensationCellCmd                        stm32f4xx_syscfg.o
SYSCFG_DeInit                                     stm32f4xx_syscfg.o
SYSCFG_ETH_MediaInterfaceConfig                   stm32f4xx_syscfg.o
SYSCFG_EXTILineConfig                             stm32f4xx_syscfg.o
SYSCFG_GetCompensationCellStatus                  stm32f4xx_syscfg.o
SYSCFG_MemoryRemapConfig                          stm32f4xx_syscfg.o
SYSCFG_MemorySwappingBank                         stm32f4xx_syscfg.o
SchlossBox_B                                      SchlossBox.o
SchlossBox_ConstP                                 SchlossBox_data.o
                                                  SchlossBox.o
SchlossBox_DW                                     SchlossBox.o
SchlossBox_Debounce                               SchlossBox_Debounce.o
                                                  SchlossBox.o
SchlossBox_EnabledSubsystem                       SchlossBox_Debounce.o
SchlossBox_M                                      SchlossBox.o
SchlossBox_M_                                     SchlossBox.o
SchlossBox_PrevZCX                                SchlossBox.o
SchlossBox_initialize                             SchlossBox.o
                                                  main.o
SchlossBox_step                                   SchlossBox.o
                                                  main.o
SchlossBox_terminate                              SchlossBox.o
SysTick_CLKSourceConfig                           misc.o
SysTick_Handler                                   main.o
                                                  startup_stm32f4xx.o
SysTimer_IsTimeout                                waijung_hwdrvlib.o
SysTimer_Start                                    waijung_hwdrvlib.o
SysTimer_delay_ms                                 waijung_hwdrvlib.o
SysTimer_delay_us                                 waijung_hwdrvlib.o
SysTimer_uS_IsTimeout                             waijung_hwdrvlib.o
SysTimer_uS_Start                                 waijung_hwdrvlib.o
SystemCoreClock                                   system_stm32f4xx.o
SystemCoreClockUpdate                             system_stm32f4xx.o
SystemInit                                        system_stm32f4xx.o
                                                  startup_stm32f4xx.o
TAMP_STAMP_IRQHandler                             startup_stm32f4xx.o
TIM1_BRK_TIM9_IRQHandler                          startup_stm32f4xx.o
TIM1_CC_IRQHandler                                startup_stm32f4xx.o
TIM1_TRG_COM_TIM11_IRQHandler                     startup_stm32f4xx.o
TIM1_UP_TIM10_IRQHandler                          startup_stm32f4xx.o
TIM2_IRQHandler                                   startup_stm32f4xx.o
TIM3_IRQHandler                                   startup_stm32f4xx.o
TIM4_IRQHandler                                   startup_stm32f4xx.o
TIM5_IRQHandler                                   startup_stm32f4xx.o
TIM6_DAC_IRQHandler                               startup_stm32f4xx.o
TIM7_IRQHandler                                   startup_stm32f4xx.o
TIM8_BRK_TIM12_IRQHandler                         startup_stm32f4xx.o
TIM8_CC_IRQHandler                                startup_stm32f4xx.o
TIM8_TRG_COM_TIM14_IRQHandler                     startup_stm32f4xx.o
TIM8_UP_TIM13_IRQHandler                          startup_stm32f4xx.o
UART2_FlushTxBuffer                               waijung_hwdrvlib.o
UART2_Read                                        waijung_hwdrvlib.o
UART2_ReadBinary                                  waijung_hwdrvlib.o
UART2_ReadEx                                      waijung_hwdrvlib.o
UART2_ReadLine                                    waijung_hwdrvlib.o
UART2_RestoreBytes                                waijung_hwdrvlib.o
UART2_Rx_Buffer                                   waijung_hwdrvlib.o
UART2_Temp_Buffer                                 waijung_hwdrvlib.o
UART2_TxUpdate                                    waijung_hwdrvlib.o
UART2_Tx_Buffer                                   waijung_hwdrvlib.o
UART2_Write                                       waijung_hwdrvlib.o
UART4_IRQHandler                                  startup_stm32f4xx.o
UART5_IRQHandler                                  startup_stm32f4xx.o
UARTSetup_DMA_Init                                waijung_hwdrvlib.o
UARTSetup_Tx_State                                waijung_hwdrvlib.o
USART1_IRQHandler                                 startup_stm32f4xx.o
USART2_IRQHandler                                 startup_stm32f4xx.o
USART3_IRQHandler                                 startup_stm32f4xx.o
USART6_IRQHandler                                 startup_stm32f4xx.o
USART_ClearFlag                                   stm32f4xx_usart.o
                                                  waijung_hwdrvlib.o
USART_ClearITPendingBit                           stm32f4xx_usart.o
USART_ClockInit                                   stm32f4xx_usart.o
USART_ClockStructInit                             stm32f4xx_usart.o
USART_Cmd                                         stm32f4xx_usart.o
                                                  waijung_hwdrvlib.o
USART_DMACmd                                      stm32f4xx_usart.o
                                                  waijung_hwdrvlib.o
USART_DeInit                                      stm32f4xx_usart.o
USART_GetFlagStatus                               stm32f4xx_usart.o
                                                  waijung_hwdrvlib.o
USART_GetITStatus                                 stm32f4xx_usart.o
USART_HalfDuplexCmd                               stm32f4xx_usart.o
USART_ITConfig                                    stm32f4xx_usart.o
USART_Init                                        stm32f4xx_usart.o
                                                  waijung_hwdrvlib.o
USART_IrDACmd                                     stm32f4xx_usart.o
USART_IrDAConfig                                  stm32f4xx_usart.o
USART_LINBreakDetectLengthConfig                  stm32f4xx_usart.o
USART_LINCmd                                      stm32f4xx_usart.o
USART_OneBitMethodCmd                             stm32f4xx_usart.o
USART_OverSampling8Cmd                            stm32f4xx_usart.o
                                                  waijung_hwdrvlib.o
USART_ReceiveData                                 stm32f4xx_usart.o
USART_ReceiverWakeUpCmd                           stm32f4xx_usart.o
USART_SendBreak                                   stm32f4xx_usart.o
USART_SendData                                    stm32f4xx_usart.o
USART_SetAddress                                  stm32f4xx_usart.o
USART_SetGuardTime                                stm32f4xx_usart.o
USART_SetPrescaler                                stm32f4xx_usart.o
USART_SmartCardCmd                                stm32f4xx_usart.o
USART_SmartCardNACKCmd                            stm32f4xx_usart.o
USART_StructInit                                  stm32f4xx_usart.o
USART_WakeUpConfig                                stm32f4xx_usart.o
UsageFault_Handler                                stm32f4xx_it.o
                                                  startup_stm32f4xx.o
WWDG_IRQHandler                                   startup_stm32f4xx.o
__HeapBase                                        startup_stm32f4xx.o
__HeapLimit                                       startup_stm32f4xx.o
__StackLimit                                      startup_stm32f4xx.o
__StackTop                                        startup_stm32f4xx.o
__adddf3                                          c:/users/labuser/desktop/waijung17_03a/utils/gnu_tools_arm_embedded/bin/../lib/gcc/arm-none-eabi/5.4.1/armv7e-m/fpu\libgcc.a(_arm_addsubdf3.o)
__aeabi_cdcmpeq                                   c:/users/labuser/desktop/waijung17_03a/utils/gnu_tools_arm_embedded/bin/../lib/gcc/arm-none-eabi/5.4.1/armv7e-m/fpu\libgcc.a(_arm_cmpdf2.o)
__aeabi_cdcmple                                   c:/users/labuser/desktop/waijung17_03a/utils/gnu_tools_arm_embedded/bin/../lib/gcc/arm-none-eabi/5.4.1/armv7e-m/fpu\libgcc.a(_arm_cmpdf2.o)
__aeabi_cdrcmple                                  c:/users/labuser/desktop/waijung17_03a/utils/gnu_tools_arm_embedded/bin/../lib/gcc/arm-none-eabi/5.4.1/armv7e-m/fpu\libgcc.a(_arm_cmpdf2.o)
__aeabi_d2iz                                      c:/users/labuser/desktop/waijung17_03a/utils/gnu_tools_arm_embedded/bin/../lib/gcc/arm-none-eabi/5.4.1/armv7e-m/fpu\libgcc.a(_arm_fixdfsi.o)
                                                  SchlossBox.o
__aeabi_d2uiz                                     c:/users/labuser/desktop/waijung17_03a/utils/gnu_tools_arm_embedded/bin/../lib/gcc/arm-none-eabi/5.4.1/armv7e-m/fpu\libgcc.a(_arm_fixunsdfsi.o)
                                                  SchlossBox.o
__aeabi_dadd                                      c:/users/labuser/desktop/waijung17_03a/utils/gnu_tools_arm_embedded/bin/../lib/gcc/arm-none-eabi/5.4.1/armv7e-m/fpu\libgcc.a(_arm_addsubdf3.o)
                                                  c:/users/labuser/desktop/waijung17_03a/utils/gnu_tools_arm_embedded/bin/../lib/gcc/arm-none-eabi/5.4.1/../../../../arm-none-eabi/lib/armv7e-m/fpu\libm.a(lib_a-s_floor.o)
__aeabi_dcmpeq                                    c:/users/labuser/desktop/waijung17_03a/utils/gnu_tools_arm_embedded/bin/../lib/gcc/arm-none-eabi/5.4.1/armv7e-m/fpu\libgcc.a(_arm_cmpdf2.o)
                                                  c:/users/labuser/desktop/waijung17_03a/utils/gnu_tools_arm_embedded/bin/../lib/gcc/arm-none-eabi/5.4.1/../../../../arm-none-eabi/lib/armv7e-m/fpu\libm.a(lib_a-w_fmod.o)
                                                  rt_nonfinite.o
                                                  SchlossBox.o
__aeabi_dcmpge                                    c:/users/labuser/desktop/waijung17_03a/utils/gnu_tools_arm_embedded/bin/../lib/gcc/arm-none-eabi/5.4.1/armv7e-m/fpu\libgcc.a(_arm_cmpdf2.o)
                                                  SchlossBox.o
__aeabi_dcmpgt                                    c:/users/labuser/desktop/waijung17_03a/utils/gnu_tools_arm_embedded/bin/../lib/gcc/arm-none-eabi/5.4.1/armv7e-m/fpu\libgcc.a(_arm_cmpdf2.o)
                                                  c:/users/labuser/desktop/waijung17_03a/utils/gnu_tools_arm_embedded/bin/../lib/gcc/arm-none-eabi/5.4.1/../../../../arm-none-eabi/lib/armv7e-m/fpu\libm.a(lib_a-s_floor.o)
__aeabi_dcmple                                    c:/users/labuser/desktop/waijung17_03a/utils/gnu_tools_arm_embedded/bin/../lib/gcc/arm-none-eabi/5.4.1/armv7e-m/fpu\libgcc.a(_arm_cmpdf2.o)
                                                  SchlossBox.o
__aeabi_dcmplt                                    c:/users/labuser/desktop/waijung17_03a/utils/gnu_tools_arm_embedded/bin/../lib/gcc/arm-none-eabi/5.4.1/armv7e-m/fpu\libgcc.a(_arm_cmpdf2.o)
                                                  SchlossBox.o
__aeabi_dcmpun                                    c:/users/labuser/desktop/waijung17_03a/utils/gnu_tools_arm_embedded/bin/../lib/gcc/arm-none-eabi/5.4.1/armv7e-m/fpu\libgcc.a(_arm_unorddf2.o)
                                                  c:/users/labuser/desktop/waijung17_03a/utils/gnu_tools_arm_embedded/bin/../lib/gcc/arm-none-eabi/5.4.1/../../../../arm-none-eabi/lib/armv7e-m/fpu\libm.a(lib_a-w_fmod.o)
__aeabi_ddiv                                      c:/users/labuser/desktop/waijung17_03a/utils/gnu_tools_arm_embedded/bin/../lib/gcc/arm-none-eabi/5.4.1/armv7e-m/fpu\libgcc.a(_arm_muldivdf3.o)
                                                  c:/users/labuser/desktop/waijung17_03a/utils/gnu_tools_arm_embedded/bin/../lib/gcc/arm-none-eabi/5.4.1/../../../../arm-none-eabi/lib/armv7e-m/fpu\libm.a(lib_a-e_fmod.o)
                                                  c:/users/labuser/desktop/waijung17_03a/utils/gnu_tools_arm_embedded/bin/../lib/gcc/arm-none-eabi/5.4.1/../../../../arm-none-eabi/lib/armv7e-m/fpu\libm.a(lib_a-w_fmod.o)
__aeabi_dmul                                      c:/users/labuser/desktop/waijung17_03a/utils/gnu_tools_arm_embedded/bin/../lib/gcc/arm-none-eabi/5.4.1/armv7e-m/fpu\libgcc.a(_arm_muldivdf3.o)
                                                  c:/users/labuser/desktop/waijung17_03a/utils/gnu_tools_arm_embedded/bin/../lib/gcc/arm-none-eabi/5.4.1/../../../../arm-none-eabi/lib/armv7e-m/fpu\libm.a(lib_a-e_fmod.o)